Archive member included to satisfy reference by file (symbol)

../../LIB\libISP583.a(ISP583.o)
                              ./subsys/HAL/MCU.o (FLASH_EEPROM_CMD)
../../LIB\libCH58xBLE.a(message.o)
                              ./subsys/sensor/sensor_task.o (tmos_msg_deallocate)
../../LIB\libCH58xBLE.a(tmos.o)
                              ../../LIB\libCH58xBLE.a(message.o) (gTmosPara)
../../LIB\libCH58xBLE.a(tmos_hw.o)
                              ../../LIB\libCH58xBLE.a(tmos.o) (RTC_Get32KClock)
../../LIB\libCH58xBLE.a(gap.o)
                              ./subsys/BLE/peripheral.o (GAP_SetParamValue)
../../LIB\libCH58xBLE.a(gap_central.o)
                              ../../LIB\libCH58xBLE.a(gap.o) (gapProcessPeriodicAdvertisingSyncEstablishedEvt)
../../LIB\libCH58xBLE.a(gap_peripheral.o)
                              ../../LIB\libCH58xBLE.a(gap.o) (GAP_PeripheralParamInit)
../../LIB\libCH58xBLE.a(gapgattserver.o)
                              ./subsys/BLE/peripheral.o (GGS_SetParameter)
../../LIB\libCH58xBLE.a(gatt.o)
                              ./subsys/BLE/profile/battservice.o (GATT_bm_alloc)
../../LIB\libCH58xBLE.a(gatt_uuid.o)
                              ./subsys/BLE/profile/battservice.o (reportRefUUID)
../../LIB\libCH58xBLE.a(gattclientapp.o)
                              ../../LIB\libCH58xBLE.a(gatt.o) (gattGetClientStatus)
../../LIB\libCH58xBLE.a(gattservapp.o)
                              ./subsys/BLE/profile/CTS_service.o (GATTServApp_ReadCharCfg)
../../LIB\libCH58xBLE.a(l2cap.o)
                              ../../LIB\libCH58xBLE.a(gatt.o) (L2CAP_GetMTU)
../../LIB\libCH58xBLE.a(l2cap_input.o)
                              ../../LIB\libCH58xBLE.a(l2cap.o) (l2capProcessRxData)
../../LIB\libCH58xBLE.a(l2cap_output.o)
                              ../../LIB\libCH58xBLE.a(l2cap_input.o) (l2capNotifyData)
../../LIB\libCH58xBLE.a(l2cap_sdu.o)
                              ../../LIB\libCH58xBLE.a(l2cap_input.o) (l2capBuildDisconnectRsp)
../../LIB\libCH58xBLE.a(linkdb.o)
                              ../../LIB\libCH58xBLE.a(l2cap.o) (linkDB_Init)
../../LIB\libCH58xBLE.a(sm.o)
                              ../../LIB\libCH58xBLE.a(gap.o) (smStartEncryption)
../../LIB\libCH58xBLE.a(host_input.o)
                              ../../LIB\libCH58xBLE.a(gap.o) (gBleHostPara)
../../LIB\libCH58xBLE.a(host_output.o)
                              ../../LIB\libCH58xBLE.a(gap.o) (HCI_DisconnectCmd)
../../LIB\libCH58xBLE.a(ll_connect.o)
                              ../../LIB\libCH58xBLE.a(tmos.o) (LL_GetNextConnectEventTime)
../../LIB\libCH58xBLE.a(ll_core.o)
                              ../../LIB\libCH58xBLE.a(ll_connect.o) (LL_CoreGetCore)
../../LIB\libCH58xBLE.a(ll_hop.o)
                              ../../LIB\libCH58xBLE.a(ll_connect.o) (LL_HopGetChannel)
../../LIB\libCH58xBLE.a(ll_master.o)
                              ../../LIB\libCH58xBLE.a(ll_connect.o) (ll_master_process)
../../LIB\libCH58xBLE.a(ll_pdu.o)
                              ../../LIB\libCH58xBLE.a(ll_master.o) (LL_ConnectionUpdateReq)
../../LIB\libCH58xBLE.a(ll_report.o)
                              ../../LIB\libCH58xBLE.a(ll_connect.o) (LL_ReportGenerateEvent)
../../LIB\libCH58xBLE.a(ll_scan.o)
                              ../../LIB\libCH58xBLE.a(ll_master.o) (LL_ScanEnable)
../../LIB\libCH58xBLE.a(ll_slave.o)
                              ../../LIB\libCH58xBLE.a(ll_connect.o) (ll_hw_timer_slave_recv_timeout)
../../LIB\libCH58xBLE.a(ll_whitelist.o)
                              ../../LIB\libCH58xBLE.a(ll_scan.o) (LL_WhitelistLookup)
../../LIB\libCH58xBLE.a(aes.o)
                              ../../LIB\libCH58xBLE.a(sm.o) (LL_Encrypt)
../../LIB\libCH58xBLE.a(bb.o)
                              ../../LIB\libCH58xBLE.a(ll_master.o) (gptrBBReg)
../../LIB\libCH58xBLE.a(ip.o)
                              ../../LIB\libCH58xBLE.a(tmos.o) (ll_rx_wait_finish)
../../LIB\libCH58xBLE.a(lle.o)
                              ../../LIB\libCH58xBLE.a(ll_connect.o) (gptrLLEReg)
../../LIB\libCH58xBLE.a(rf_fh.o)
                              ../../LIB\libCH58xBLE.a(tmos.o) (rfInfo)
../../LIB\libCH58xBLE.a(rfend.o)
                              ../../LIB\libCH58xBLE.a(ip.o) (RFEND_DevInit)
../../LIB\libCH58xBLE.a(api_c.o)
                              ../../LIB\libCH58xBLE.a(host_output.o) (API_DisconnectCmd)
../../LIB\libCH58xBLE.a(ctl_input.o)
                              ../../LIB\libCH58xBLE.a(api_c.o) (LL_ReceiverTest)
../../LIB\libCH58xBLE.a(ctl_output.o)
                              ../../LIB\libCH58xBLE.a(api_c.o) (HCI_SetEventMask)
../../LIB\libCH58xBLE.a(broadcaster.o)
                              ./subsys/BLE/peripheral.o (GAPRole_BroadcasterSetCB)
../../LIB\libCH58xBLE.a(gapbondmgr.o)
                              ../../LIB\libCH58xBLE.a(sm.o) (gapBond_Invalid)
../../LIB\libCH58xBLE.a(peripheral.o)
                              ./subsys/BLE/peripheral.o (GAPRole_PeripheralConnParamUpdateReq)
../../LIB\libCH58xBLE.a(role.o)
[...]
Memory Configuration

Name             Origin             Length             Attributes
FLASH            0x0000000000000000 0x0000000000070000 xr
RAM              0x0000000020000000 0x0000000000008000 xrw
*default*        0x0000000000000000 0xffffffffffffffff

Linker script and memory map

LOAD ./subsys/sensor/max30102/MAX30105.o
LOAD ./subsys/sensor/max30102/heartRate.o
LOAD ./subsys/sensor/max30102/sensor_max30102.o
LOAD ./subsys/sensor/max30102/spo2_algorithm.o
LOAD ./subsys/sensor/MPU9250/MPU9250.o
LOAD ./subsys/sensor/MPU9250/count_steps.o
LOAD ./subsys/sensor/MPU9250/quaternionFilters.o
LOAD ./subsys/sensor/MPU9250/sensor_MPU9250.o
LOAD ./subsys/sensor/sensor_task.o
LOAD ./subsys/LCD_show/ST7735S/ST7735_test.o
LOAD ./subsys/LCD_show/ST7735S/lcd.o
LOAD ./subsys/LCD_show/ST7735S/lcd_init.o
LOAD ./subsys/LCD_show/show_task.o
LOAD ./subsys/HAL/ADC.o
LOAD ./subsys/HAL/KEY.o
LOAD ./subsys/HAL/LED.o
LOAD ./subsys/HAL/MCU.o
LOAD ./subsys/HAL/RTC.o
LOAD ./subsys/HAL/SLEEP.o
LOAD ./subsys/DRV/DRV2605/Adafruit_DRV2605.o
LOAD ./subsys/DRV/DRV.o
LOAD ./subsys/BLE/profile/CTS_service.o
LOAD ./subsys/BLE/profile/battservice.o
LOAD ./subsys/BLE/profile/devinfoservice.o
LOAD ./subsys/BLE/profile/dfu_service.o
LOAD ./subsys/BLE/profile/gattprofile.o
LOAD ./subsys/BLE/profile/heartrateservice.o
LOAD ./subsys/BLE/CTS.o
LOAD ./subsys/BLE/battery.o
LOAD ./subsys/BLE/dfu.o
LOAD ./subsys/BLE/heartrate.o
LOAD ./subsys/BLE/peripheral.o
LOAD ./src/main.o
LOAD ./soc/soc.o
LOAD ./drivers/dfu/dfu_port.o
LOAD ./drivers/debug/DEBUG.o
LOAD ./drivers/SPI/mySPI.o
LOAD ./drivers/RingBuffer/lwrb.o
LOAD ./drivers/I2C/myi2c.o
LOAD ./drivers/I2C/twi.o
LOAD ./drivers/HAL_FLASH/easyflash.o
LOAD ./drivers/HAL_FLASH/ef_env.o
LOAD ./drivers/HAL_FLASH/ef_log.o
LOAD ./drivers/HAL_FLASH/ef_port.o
LOAD ./drivers/HAL_FLASH/ef_utils.o
LOAD ./arch/startup_CH583.o
LOAD ./StdPeriphDriver/CH58x_adc.o
LOAD ./StdPeriphDriver/CH58x_clk.o
LOAD ./StdPeriphDriver/CH58x_flash.o
LOAD ./StdPeriphDriver/CH58x_gpio.o
LOAD ./StdPeriphDriver/CH58x_i2c.o
LOAD ./StdPeriphDriver/CH58x_pwm.o
LOAD ./StdPeriphDriver/CH58x_pwr.o
LOAD ./StdPeriphDriver/CH58x_spi0.o
LOAD ./StdPeriphDriver/CH58x_spi1.o
LOAD ./StdPeriphDriver/CH58x_timer0.o
LOAD ./StdPeriphDriver/CH58x_timer1.o
LOAD ./StdPeriphDriver/CH58x_timer2.o
LOAD ./StdPeriphDriver/CH58x_timer3.o
LOAD ./StdPeriphDriver/CH58x_uart0.o
LOAD ./StdPeriphDriver/CH58x_uart1.o
LOAD ./StdPeriphDriver/CH58x_uart2.o
LOAD ./StdPeriphDriver/CH58x_uart3.o
LOAD ./StdPeriphDriver/CH58x_usb2dev.o
LOAD ./StdPeriphDriver/CH58x_usb2hostBase.o
LOAD ./StdPeriphDriver/CH58x_usb2hostClass.o
LOAD ./StdPeriphDriver/CH58x_usbdev.o
LOAD ./StdPeriphDriver/CH58x_usbhostBase.o
LOAD ./StdPeriphDriver/CH58x_usbhostClass.o
LOAD ../../LIB\libISP583.a
LOAD ../../LIB\libCH58xBLE.a
LOAD c:/mounriver/mounriver_studio/toolchain/risc-v embedded gcc/bin/../lib/gcc/riscv-none-embed/8.2.0/../../../../riscv-none-embed/lib/rv32imac/ilp32\libstdc++_nano.a
LOAD c:/mounriver/mounriver_studio/toolchain/risc-v embedded gcc/bin/../lib/gcc/riscv-none-embed/8.2.0/../../../../riscv-none-embed/lib/rv32imac/ilp32\libm.a
LOAD c:/mounriver/mounriver_studio/toolchain/risc-v embedded gcc/bin/../lib/gcc/riscv-none-embed/8.2.0/rv32imac/ilp32\libgcc.a
LOAD c:/mounriver/mounriver_studio/toolchain/risc-v embedded gcc/bin/../lib/gcc/riscv-none-embed/8.2.0/../../../../riscv-none-embed/lib/rv32imac/ilp32\libg_nano.a
LOAD c:/mounriver/mounriver_studio/toolchain/risc-v embedded gcc/bin/../lib/gcc/riscv-none-embed/8.2.0/../../../../riscv-none-embed/lib/rv32imac/ilp32\libc_nano.a
LOAD c:/mounriver/mounriver_studio/toolchain/risc-v embedded gcc/bin/../lib/gcc/riscv-none-embed/8.2.0/rv32imac/ilp32\libgcc.a
START GROUP
LOAD c:/mounriver/mounriver_studio/toolchain/risc-v embedded gcc/bin/../lib/gcc/riscv-none-embed/8.2.0/rv32imac/ilp32\libgcc.a
LOAD c:/mounriver/mounriver_studio/toolchain/risc-v embedded gcc/bin/../lib/gcc/riscv-none-embed/8.2.0/../../../../riscv-none-embed/lib/rv32imac/ilp32\libc_nano.a
LOAD c:/mounriver/mounriver_studio/toolchain/risc-v embedded gcc/bin/../lib/gcc/riscv-none-embed/8.2.0/../../../../riscv-none-embed/lib/rv32imac/ilp32\libnosys.a
END GROUP
START GROUP
LOAD c:/mounriver/mounriver_studio/toolchain/risc-v embedded gcc/bin/../lib/gcc/riscv-none-embed/8.2.0/rv32imac/ilp32\libgcc.a
LOAD c:/mounriver/mounriver_studio/toolchain/risc-v embedded gcc/bin/../lib/gcc/riscv-none-embed/8.2.0/../../../../riscv-none-embed/lib/rv32imac/ilp32\libc_nano.a
LOAD c:/mounriver/mounriver_studio/toolchain/risc-v embedded gcc/bin/../lib/gcc/riscv-none-embed/8.2.0/../../../../riscv-none-embed/lib/rv32imac/ilp32\libnosys.a
END GROUP

.init           0x0000000000000000        0x4
                0x0000000000000000                _sinit = .
                0x0000000000000000                . = ALIGN (0x4)
 *(SORT_NONE(.init))
 .init          0x0000000000000000        0x4 ./arch/startup_CH583.o
                0x0000000000000000                _start
                0x0000000000000004                . = ALIGN (0x4)
                0x0000000000000004                _einit = .

.vector         0x0000000000000004       0x9c
                0x000000000000000c                . = 0xc
 *fill*         0x0000000000000004        0xc 
 *(.vector)
 .vector        0x0000000000000010       0x90 ./arch/startup_CH583.o

.highcodecopylalign
                0x00000000000000a0        0x0
                0x00000000000000a0                . = ALIGN (0x4)
                0x00000000000000a0                PROVIDE (_highcode_copy_lma = .)

.highcode_copy  0x0000000020000000      0x118 load address 0x00000000000000a0
                0x0000000020000000                . = ALIGN (0x4)
                0x0000000020000000                PROVIDE (_highcode_copy_start = .)
 *(.highcode_copy)
 .highcode_copy
                0x0000000020000000      0x118 ./soc/soc.o
                0x000000002000002c                mySysInit
 *(.highcode_copy.*)
                0x0000000020000118                PROVIDE (_highcode_copy_end = .)

.highcodelalign
                0x00000000000001b8        0x0
                0x00000000000001b8                . = ALIGN (0x4)
 *fill*         0x00000000000001b8        0x0 
                0x00000000000001b8                PROVIDE (_highcode_lma = .)

.highcode       0x0000000020000118     0x30a8 load address 0x00000000000001b8
                0x0000000020000118                . = ALIGN (0x4)
 *fill*         0x0000000020000118        0x0 
                0x0000000020000118                PROVIDE (_highcode_vma_start = .)
 *(.vector)
 *(SORT_NONE(.vector_handler))
 .vector_handler
                0x0000000020000118       0x36 ./arch/startup_CH583.o
                0x000000002000011c                Ecall_M_Mode_Handler
                0x000000002000011e                Ecall_U_Mode_Handler
                0x0000000020000120                Break_Point_Handler
                0x0000000020000124                SW_Handler
                0x0000000020000126                TMR0_IRQHandler
                0x0000000020000128                GPIOA_IRQHandler
                0x000000002000012e                BB_IRQHandler
                0x0000000020000130                LLE_IRQHandler
                0x0000000020000132                USB_IRQHandler
                0x0000000020000134                USB2_IRQHandler
                0x0000000020000136                TMR1_IRQHandler
                0x0000000020000138                TMR2_IRQHandler
                0x000000002000013a                UART0_IRQHandler
                0x000000002000013c                UART1_IRQHandler
                0x0000000020000140                ADC_IRQHandler
                0x0000000020000144                PWMX_IRQHandler
                0x0000000020000146                TMR3_IRQHandler
                0x0000000020000148                UART2_IRQHandler
                0x000000002000014a                UART3_IRQHandler
                0x000000002000014c                WDOG_BAT_IRQHandler
 *(.highcode)
 .highcode      0x000000002000014e      0x196 ./subsys/sensor/max30102/sensor_max30102.o
                0x000000002000014e                read_HeartRate(float*, int*)
 .highcode      0x00000000200002e4      0x47e ./subsys/LCD_show/ST7735S/lcd.o
                0x00000000200002e4                LCD_ShowChar
                0x0000000020000456                LCD_ShowString
                0x00000000200004b0                mypow
                0x00000000200004ca                LCD_ShowIntNum0
                0x000000002000058e                LCD_ShowIntNum
                0x0000000020000652                LCD_ShowPicture
                0x00000000200006d0                LCD_Showtest
 .highcode      0x0000000020000762       0xe6 ./subsys/LCD_show/ST7735S/lcd_init.o
                0x0000000020000762                LCD_Writ_Bus
                0x000000002000078e                LCD_WR_buf
                0x00000000200007ba                LCD_WR_DATA8
                0x00000000200007bc                LCD_WR_DATA
                0x00000000200007d4                LCD_WR_REG
                0x0000000020000800                LCD_Address_Set
 .highcode      0x0000000020000848       0x10 ./subsys/HAL/KEY.o
                0x0000000020000848                GPIOB_IRQHandler
 .highcode      0x0000000020000858       0x16 ./subsys/HAL/RTC.o
                0x0000000020000858                RTC_IRQHandler
 .highcode      0x000000002000086e      0x24a ./soc/soc.o
                0x000000002000086e                SetSysClock
                0x000000002000097e                SYS_ResetExecute
                0x00000000200009ce                HardFault_Handler
                0x0000000020000a1c                NMI_Handler
                0x0000000020000a6a                SysTick_Handler
                0x0000000020000a82                mDelayuS
                0x0000000020000a90                mDelaymS
 .highcode      0x0000000020000ab8       0x8e ./drivers/SPI/mySPI.o
                0x0000000020000ab8                MySPIsendbuf
                0x0000000020000b04                MySPIsenddata
                0x0000000020000b1a                SPI0_IRQHandler
 .highcode      0x0000000020000b46      0x6cc ./drivers/I2C/twi.o
                0x0000000020000b46                twi_readFrom
                0x0000000020000c5c                twi_writeTo
                0x0000000020000d4e                I2C_IRQHandler
 .highcode      0x0000000020001212      0x2a0 ./StdPeriphDriver/CH58x_pwr.o
                0x0000000020001212                LowPower_Idle
                0x0000000020001250                LowPower_Halt
                0x0000000020001304                LowPower_Sleep
                0x00000000200013ce                LowPower_Shutdown
 .highcode      0x00000000200014b2      0x424 ../../LIB\libISP583.a(ISP583.o)
                0x00000000200014b2                FLASH_ROM_BEG
                0x00000000200014c2                FLASH_ROM_END
                0x00000000200014d0                FLASH_ROM_IN
                0x00000000200014de                FLASH_ROM_OUT
                0x00000000200014ec                FLASH_ROM_ADDR
                0x0000000020001534                FLASH_ROM_WAIT
                0x000000002000156c                FLASH_EEPROM_CMD
 .highcode      0x00000000200018d6      0x4b4 ../../LIB\libCH58xBLE.a(tmos.o)
                0x00000000200018d6                tmos_proces_sleep
                0x0000000020001a26                tmos_memcpy
                0x0000000020001a46                tmos_memcpy_word
                0x0000000020001a5e                tmos_memcmp
                0x0000000020001a8c                tmos_proces_system_time
                0x0000000020001bd8                TMOS_SystemProcess
 .highcode      0x0000000020001d8a       0x4a ../../LIB\libCH58xBLE.a(tmos_hw.o)
                0x0000000020001d8a                BLE_GetHSEClock
                0x0000000020001dbc                RTC_Get32KClock
 .highcode      0x0000000020001dd4      0x71c ../../LIB\libCH58xBLE.a(ll_connect.o)
                0x0000000020001dd4                ll_connect_send_data
                0x0000000020001ee2                ll_connect_recv_data
                0x0000000020001fba                ll_connect_event_continue
                0x00000000200020b4                ll_connect_process_event
 .highcode      0x00000000200024f0      0x314 ../../LIB\libCH58xBLE.a(ll_hop.o)
                0x00000000200024f0                LL_HopGetChannel
                0x000000002000259a                LL_HopGetChannel2
 .highcode      0x0000000020002804       0x4e ../../LIB\libCH58xBLE.a(ll_whitelist.o)
                0x0000000020002804                LL_WhitelistLookup
 .highcode      0x0000000020002852      0x130 ../../LIB\libCH58xBLE.a(bb.o)
                0x0000000020002852                BB_RAM_IRQHandler
 .highcode      0x0000000020002982      0x32c ../../LIB\libCH58xBLE.a(ip.o)
                0x0000000020002982                ll_rx_wait_finish
                0x00000000200029a4                ble_ll_chkcrc
                0x0000000020002a24                BLE_CheckHoppingMap
                0x0000000020002b76                ll_tx_wait_finish
 .highcode      0x0000000020002cae      0x1d2 ../../LIB\libCH58xBLE.a(rf_fh.o)
                0x0000000020002cae                RF_HopGetChannel
                0x0000000020002d30                RF_FrequencyHoppingGet
                0x0000000020002de6                RF_FrequencyHoppingChange
 .highcode      0x0000000020002e80       0x30 ../../LIB\libCH58xBLE.a(rfend.o)
                0x0000000020002e80                RFEND_WaitTune
 .highcode      0x0000000020002eb0      0x1d8 ../../LIB\libCH58xBLE.a(memory.o)
                0x0000000020002eb0                tmos_memory_allocate
                0x0000000020002fa8                tmos_memory_free
 .highcode      0x0000000020003088      0x138 ../../LIB\libCH58xBLE.a(ll_resolvinglist.o)
                0x0000000020003088                LL_ResolvinglistPeerIdentifyAddressGetIrk
                0x00000000200030dc                LL_ResolvinglistPeerRpaAddressGetIrk
                0x000000002000311e                LL_ResolvinglistLocalRpaAddressGetIrk
                0x0000000020003160                LL_ResolvinglistCheckPeerResolution
 *(.highcode.*)
                0x00000000200031c0                . = ALIGN (0x4)
 *fill*         0x00000000200031c0        0x0 
                0x00000000200031c0                PROVIDE (_highcode_vma_end = .)

.text           0x0000000000003260    0x475c4
                0x0000000000003260                . = ALIGN (0x4)
 *(SORT_NONE(.handle_reset))
 .handle_reset  0x0000000000003260       0x80 ./arch/startup_CH583.o
                0x0000000000003260                handle_reset
 *(.text)
 .text          0x00000000000032e0       0xa8 c:/mounriver/mounriver_studio/toolchain/risc-v embedded gcc/bin/../lib/gcc/riscv-none-embed/8.2.0/../../../../riscv-none-embed/lib/rv32imac/ilp32\libg_nano.a(lib_a-memset.o)
                0x00000000000032e0                memset
 .text          0x0000000000003388      0x11e c:/mounriver/mounriver_studio/toolchain/risc-v embedded gcc/bin/../lib/gcc/riscv-none-embed/8.2.0/../../../../riscv-none-embed/lib/rv32imac/ilp32\libg_nano.a(lib_a-strcmp.o)
                0x0000000000003388                strcmp
 *(.text.*)
 .text._ZN8MAX30105C2Ev
                0x00000000000034a6        0x2 ./subsys/sensor/max30102/MAX30105.o
                0x00000000000034a6                MAX30105::MAX30105()
                0x00000000000034a6                MAX30105::MAX30105()
 .text._ZN8MAX301059availableEv
                0x00000000000034a8       0x26 ./subsys/sensor/max30102/MAX30105.o
                0x00000000000034a8                MAX30105::available()
 .text._ZN8MAX3010510nextSampleEv
                0x00000000000034ce       0x20 ./subsys/sensor/max30102/MAX30105.o
                0x00000000000034ce                MAX30105::nextSample()
 .text._ZN8MAX3010513readRegister8Ehh
                0x00000000000034ee       0x50 ./subsys/sensor/max30102/MAX30105.o
                0x00000000000034ee                MAX30105::readRegister8(unsigned char, unsigned char)
 .text._ZN8MAX3010515getWritePointerEv
                0x000000000000353e        0x8 ./subsys/sensor/max30102/MAX30105.o
                0x000000000000353e                MAX30105::getWritePointer()
 .text._ZN8MAX3010514getReadPointerEv
                0x0000000000003546        0x8 ./subsys/sensor/max30102/MAX30105.o
                0x0000000000003546                MAX30105::getReadPointer()
 .text._ZN8MAX301055checkEv
                0x000000000000354e      0x16e ./subsys/sensor/max30102/MAX30105.o
                0x000000000000354e                MAX30105::check()
 .text._ZN8MAX301059safeCheckEh
                0x00000000000036bc       0x4a ./subsys/sensor/max30102/MAX30105.o
                0x00000000000036bc                MAX30105::safeCheck(unsigned char)
 .text._ZN8MAX301056getRedEv
                0x0000000000003706       0x26 ./subsys/sensor/max30102/MAX30105.o
                0x0000000000003706                MAX30105::getRed()
 .text._ZN8MAX301055getIREv
                0x000000000000372c       0x28 ./subsys/sensor/max30102/MAX30105.o
                0x000000000000372c                MAX30105::getIR()
 .text._ZN8MAX301058getGreenEv
                0x0000000000003754       0x28 ./subsys/sensor/max30102/MAX30105.o
                0x0000000000003754                MAX30105::getGreen()
 .text._ZN8MAX3010510readPartIDEv
                0x000000000000377c        0xa ./subsys/sensor/max30102/MAX30105.o
                0x000000000000377c                MAX30105::readPartID()
 .text._ZN8MAX3010514readRevisionIDEv
                0x0000000000003786       0x1e ./subsys/sensor/max30102/MAX30105.o
                0x0000000000003786                MAX30105::readRevisionID()
 .text._ZN8MAX301055beginER7TwoWiremh
                0x00000000000037a4       0x34 ./subsys/sensor/max30102/MAX30105.o
                0x00000000000037a4                MAX30105::begin(TwoWire&, unsigned long, unsigned char)
 .text._ZN8MAX3010514writeRegister8Ehhh
                0x00000000000037d8       0x32 ./subsys/sensor/max30102/MAX30105.o
                0x00000000000037d8                MAX30105::writeRegister8(unsigned char, unsigned char, unsigned char)
 .text._ZN8MAX3010520setPulseAmplitudeRedEh
                0x000000000000380a        0xa ./subsys/sensor/max30102/MAX30105.o
                0x000000000000380a                MAX30105::setPulseAmplitudeRed(unsigned char)
 .text._ZN8MAX3010519setPulseAmplitudeIREh
                0x0000000000003814        0xa ./subsys/sensor/max30102/MAX30105.o
                0x0000000000003814                MAX30105::setPulseAmplitudeIR(unsigned char)
 .text._ZN8MAX3010522setPulseAmplitudeGreenEh
                0x000000000000381e        0xa ./subsys/sensor/max30102/MAX30105.o
                0x000000000000381e                MAX30105::setPulseAmplitudeGreen(unsigned char)
 .text._ZN8MAX3010526setPulseAmplitudeProximityEh
                0x0000000000003828        0xa ./subsys/sensor/max30102/MAX30105.o
                0x0000000000003828                MAX30105::setPulseAmplitudeProximity(unsigned char)
 .text._ZN8MAX3010512disableSlotsEv
                0x0000000000003832       0x24 ./subsys/sensor/max30102/MAX30105.o
                0x0000000000003832                MAX30105::disableSlots()
 .text._ZN8MAX301059clearFIFOEv
                0x0000000000003856       0x30 ./subsys/sensor/max30102/MAX30105.o
                0x0000000000003856                MAX30105::clearFIFO()
 .text._ZN8MAX3010515readTemperatureEv
                0x0000000000003886       0xa4 ./subsys/sensor/max30102/MAX30105.o
                0x0000000000003886                MAX30105::readTemperature()
 .text._ZN8MAX3010516readTemperatureFEv
                0x000000000000392a       0x50 ./subsys/sensor/max30102/MAX30105.o
                0x000000000000392a                MAX30105::readTemperatureF()
 .text._ZN8MAX301057bitMaskEhhh
                0x000000000000397a       0x34 ./subsys/sensor/max30102/MAX30105.o
                0x000000000000397a                MAX30105::bitMask(unsigned char, unsigned char, unsigned char)
 .text._ZN8MAX301059softResetEv
                0x00000000000039ae       0x6a ./subsys/sensor/max30102/MAX30105.o
                0x00000000000039ae                MAX30105::softReset()
 .text._ZN8MAX301058shutDownEv
                0x0000000000003a18        0xc ./subsys/sensor/max30102/MAX30105.o
                0x0000000000003a18                MAX30105::shutDown()
 .text._ZN8MAX301056wakeUpEv
                0x0000000000003a24        0xa ./subsys/sensor/max30102/MAX30105.o
                0x0000000000003a24                MAX30105::wakeUp()
 .text._ZN8MAX3010510setLEDModeEh
                0x0000000000003a2e        0xa ./subsys/sensor/max30102/MAX30105.o
                0x0000000000003a2e                MAX30105::setLEDMode(unsigned char)
 .text._ZN8MAX3010511setADCRangeEh
                0x0000000000003a38        0xa ./subsys/sensor/max30102/MAX30105.o
                0x0000000000003a38                MAX30105::setADCRange(unsigned char)
 .text._ZN8MAX3010513setSampleRateEh
                0x0000000000003a42        0xa ./subsys/sensor/max30102/MAX30105.o
                0x0000000000003a42                MAX30105::setSampleRate(unsigned char)
 .text._ZN8MAX3010513setPulseWidthEh
                0x0000000000003a4c        0xa ./subsys/sensor/max30102/MAX30105.o
                0x0000000000003a4c                MAX30105::setPulseWidth(unsigned char)
 .text._ZN8MAX3010514setFIFOAverageEh
                0x0000000000003a56        0x8 ./subsys/sensor/max30102/MAX30105.o
                0x0000000000003a56                MAX30105::setFIFOAverage(unsigned char)
 .text._ZN8MAX3010518enableFIFORolloverEv
                0x0000000000003a5e        0xa ./subsys/sensor/max30102/MAX30105.o
                0x0000000000003a5e                MAX30105::enableFIFORollover()
 .text._ZN8MAX3010510enableSlotEhh
                0x0000000000003a68       0x4c ./subsys/sensor/max30102/MAX30105.o
                0x0000000000003a68                MAX30105::enableSlot(unsigned char, unsigned char)
 .text._ZN8MAX301055setupEhhhiii
                0x0000000000003ab4      0x188 ./subsys/sensor/max30102/MAX30105.o
                0x0000000000003ab4                MAX30105::setup(unsigned char, unsigned char, unsigned char, int, int, int)
 .text._Z18averageDCEstimatorPlt
                0x0000000000003c3c       0x16 ./subsys/sensor/max30102/heartRate.o
                0x0000000000003c3c                averageDCEstimator(long*, unsigned short)
 .text._Z16lowPassFIRFilters
                0x0000000000003c52       0x78 ./subsys/sensor/max30102/heartRate.o
                0x0000000000003c52                lowPassFIRFilter(short)
 .text._Z12checkForBeatl
                0x0000000000003cca       0xc8 ./subsys/sensor/max30102/heartRate.o
                0x0000000000003cca                checkForBeat(long)
 .text._Z13setupMax30102v
                0x0000000000003d92       0x40 ./subsys/sensor/max30102/sensor_max30102.o
                0x0000000000003d92                setupMax30102()
 .text._Z12shutMax30102v
                0x0000000000003dd2       0x1a ./subsys/sensor/max30102/sensor_max30102.o
                0x0000000000003dd2                shutMax30102()
 .text._Z12WakeMax30102v
                0x0000000000003dec       0x1a ./subsys/sensor/max30102/sensor_max30102.o
                0x0000000000003dec                WakeMax30102()
 .text._Z9read_SPO2v
                0x0000000000003e06      0x200 ./subsys/sensor/max30102/sensor_max30102.o
                0x0000000000003e06                read_SPO2()
 .text.startup._GLOBAL__sub_I_particleSensor
                0x0000000000004006        0x8 ./subsys/sensor/max30102/sensor_max30102.o
 .text.maxim_peaks_above_min_height
                0x000000000000400e       0x6e ./subsys/sensor/max30102/spo2_algorithm.o
                0x000000000000400e                maxim_peaks_above_min_height
 .text.maxim_sort_ascend
                0x000000000000407c       0x34 ./subsys/sensor/max30102/spo2_algorithm.o
                0x000000000000407c                maxim_sort_ascend
 .text.maxim_sort_indices_descend
                0x00000000000040b0       0x48 ./subsys/sensor/max30102/spo2_algorithm.o
                0x00000000000040b0                maxim_sort_indices_descend
 .text.maxim_remove_close_peaks
                0x00000000000040f8       0x7a ./subsys/sensor/max30102/spo2_algorithm.o
                0x00000000000040f8                maxim_remove_close_peaks
 .text.maxim_find_peaks
                0x0000000000004172       0x3a ./subsys/sensor/max30102/spo2_algorithm.o
                0x0000000000004172                maxim_find_peaks
 .text.maxim_heart_rate_and_oxygen_saturation
                0x00000000000041ac      0x2ca ./subsys/sensor/max30102/spo2_algorithm.o
                0x00000000000041ac                maxim_heart_rate_and_oxygen_saturation
 .text._ZN7MPU92509writeByteEhhh.constprop.0
                0x0000000000004476       0x38 ./subsys/sensor/MPU9250/MPU9250.o
 .text._ZN7MPU92507getMresEv
                0x00000000000044ae       0x26 ./subsys/sensor/MPU9250/MPU9250.o
                0x00000000000044ae                MPU9250::getMres()
 .text._ZN7MPU92507getGresEv
                0x00000000000044d4       0x46 ./subsys/sensor/MPU9250/MPU9250.o
                0x00000000000044d4                MPU9250::getGres()
 .text._ZN7MPU92507getAresEv
                0x000000000000451a       0x46 ./subsys/sensor/MPU9250/MPU9250.o
                0x000000000000451a                MPU9250::getAres()
 .text._ZN7MPU925010updateTimeEv
                0x0000000000004560       0x48 ./subsys/sensor/MPU9250/MPU9250.o
                0x0000000000004560                MPU9250::updateTime()
 .text._ZN7MPU92509writeByteEhhh
                0x00000000000045a8       0x34 ./subsys/sensor/MPU9250/MPU9250.o
                0x00000000000045a8                MPU9250::writeByte(unsigned char, unsigned char, unsigned char)
 .text._ZN7MPU92508readByteEhh
                0x00000000000045dc       0x48 ./subsys/sensor/MPU9250/MPU9250.o
                0x00000000000045dc                MPU9250::readByte(unsigned char, unsigned char)
 .text._ZN7MPU92508writeBitEhhhh
                0x0000000000004624       0x64 ./subsys/sensor/MPU9250/MPU9250.o
                0x0000000000004624                MPU9250::writeBit(unsigned char, unsigned char, unsigned char, unsigned char)
 .text._ZN7MPU925015setSleepEnabledEb
                0x0000000000004688        0xe ./subsys/sensor/MPU9250/MPU9250.o
                0x0000000000004688                MPU9250::setSleepEnabled(bool)
 .text._ZN7MPU925011initMPU9250Ev
                0x0000000000004696       0xd2 ./subsys/sensor/MPU9250/MPU9250.o
                0x0000000000004696                MPU9250::initMPU9250()
 .text._ZN7MPU92509readBytesEhhhPh
                0x0000000000004768       0x6e ./subsys/sensor/MPU9250/MPU9250.o
                0x0000000000004768                MPU9250::readBytes(unsigned char, unsigned char, unsigned char, unsigned char*)
 .text._ZN7MPU925013readAccelDataEPs
                0x00000000000047d6       0x4e ./subsys/sensor/MPU9250/MPU9250.o
                0x00000000000047d6                MPU9250::readAccelData(short*)
 .text._ZN7MPU925012readGyroDataEPs
                0x0000000000004824       0x4e ./subsys/sensor/MPU9250/MPU9250.o
                0x0000000000004824                MPU9250::readGyroData(short*)
 .text._ZN7MPU925011readMagDataEPs
                0x0000000000004872       0x64 ./subsys/sensor/MPU9250/MPU9250.o
                0x0000000000004872                MPU9250::readMagData(short*)
 .text._ZN7MPU925012readTempDataEv
                0x00000000000048d6       0x28 ./subsys/sensor/MPU9250/MPU9250.o
                0x00000000000048d6                MPU9250::readTempData()
 .text._ZN7MPU925010initAK8963EPf
                0x00000000000048fe      0x122 ./subsys/sensor/MPU9250/MPU9250.o
                0x00000000000048fe                MPU9250::initAK8963(float*)
 .text._ZN7MPU925016calibrateMPU9250EPfS0_
                0x0000000000004a20      0x484 ./subsys/sensor/MPU9250/MPU9250.o
                0x0000000000004a20                MPU9250::calibrateMPU9250(float*, float*)
 .text._ZN7MPU925015MPU9250SelfTestEPf
                0x0000000000004ea4      0x4d4 ./subsys/sensor/MPU9250/MPU9250.o
                0x0000000000004ea4                MPU9250::MPU9250SelfTest(float*)
 .text.count_steps
                0x0000000000005378      0x3d4 ./subsys/sensor/MPU9250/count_steps.o
                0x0000000000005378                count_steps
 .text._Z24MadgwickQuaternionUpdateffffffffff
                0x000000000000574c      0x9b8 ./subsys/sensor/MPU9250/quaternionFilters.o
                0x000000000000574c                MadgwickQuaternionUpdate(float, float, float, float, float, float, float, float, float, float)
 .text._Z22MahonyQuaternionUpdateffffffffff
                0x0000000000006104      0x5f6 ./subsys/sensor/MPU9250/quaternionFilters.o
                0x0000000000006104                MahonyQuaternionUpdate(float, float, float, float, float, float, float, float, float, float)
 .text._Z4getQv
                0x00000000000066fa        0xa ./subsys/sensor/MPU9250/quaternionFilters.o
                0x00000000000066fa                getQ()
 .text.startup._GLOBAL__sub_I__Z24MadgwickQuaternionUpdateffffffffff
                0x0000000000006704       0x12 ./subsys/sensor/MPU9250/quaternionFilters.o
 .text._Z12setupMPU9250v
                0x0000000000006716      0x2c0 ./subsys/sensor/MPU9250/sensor_MPU9250.o
                0x0000000000006716                setupMPU9250()
 .text._Z12sleepMPU9250v
                0x00000000000069d6        0xa ./subsys/sensor/MPU9250/sensor_MPU9250.o
                0x00000000000069d6                sleepMPU9250()
 .text._Z11WakeMPU9250v
                0x00000000000069e0        0xa ./subsys/sensor/MPU9250/sensor_MPU9250.o
                0x00000000000069e0                WakeMPU9250()
 .text._Z16readMPU9250_stepPa
                0x00000000000069ea      0x1dc ./subsys/sensor/MPU9250/sensor_MPU9250.o
                0x00000000000069ea                readMPU9250_step(signed char*)
 .text._Z11readMPU9250v
                0x0000000000006bc6      0x466 ./subsys/sensor/MPU9250/sensor_MPU9250.o
                0x0000000000006bc6                readMPU9250()
 .text.startup._GLOBAL__sub_I_IMU
                0x000000000000702c       0x56 ./subsys/sensor/MPU9250/sensor_MPU9250.o
 .text._Z19Sensor_ProcessEventht
                0x0000000000007082      0x2c2 ./subsys/sensor/sensor_task.o
                0x0000000000007082                Sensor_ProcessEvent(unsigned char, unsigned short)
 .text._Z16Sensor_Task_Initv
                0x0000000000007344       0x38 ./subsys/sensor/sensor_task.o
                0x0000000000007344                Sensor_Task_Init()
 .text.startup._GLOBAL__sub_I_Sensor_TaskID
                0x000000000000737c       0x12 ./subsys/sensor/sensor_task.o
 .text.LCD_Fill
                0x000000000000738e       0x64 ./subsys/LCD_show/ST7735S/lcd.o
                0x000000000000738e                LCD_Fill
 .text.LCD_DrawPoint
                0x00000000000073f2       0x24 ./subsys/LCD_show/ST7735S/lcd.o
                0x00000000000073f2                LCD_DrawPoint
 .text.LCD_GPIO_Init
                0x0000000000007416       0x34 ./subsys/LCD_show/ST7735S/lcd_init.o
                0x0000000000007416                LCD_GPIO_Init
 .text.LCD_Init
                0x000000000000744a      0x398 ./subsys/LCD_show/ST7735S/lcd_init.o
                0x000000000000744a                LCD_Init
 .text.Show_ProcessEvent
                0x00000000000077e2      0x5f4 ./subsys/LCD_show/show_task.o
                0x00000000000077e2                Show_ProcessEvent
 .text.Show_Task_Init
                0x0000000000007dd6       0x64 ./subsys/LCD_show/show_task.o
                0x0000000000007dd6                Show_Task_Init
 .text.HalAdcInit
                0x0000000000007e3a        0x8 ./subsys/HAL/ADC.o
                0x0000000000007e3a                HalAdcInit
 .text.HalAdcRead
                0x0000000000007e42       0x72 ./subsys/HAL/ADC.o
                0x0000000000007e42                HalAdcRead
 .text.HalKeyConfig
                0x0000000000007eb4       0x3e ./subsys/HAL/KEY.o
                0x0000000000007eb4                HalKeyConfig
 .text.HAL_KeyInit
                0x0000000000007ef2       0x8c ./subsys/HAL/KEY.o
                0x0000000000007ef2                HAL_KeyInit
 .text.OnBoard_SendKeys
                0x0000000000007f7e       0x56 ./subsys/HAL/KEY.o
                0x0000000000007f7e                OnBoard_SendKeys
 .text.HalKeyCallback
                0x0000000000007fd4       0x74 ./subsys/HAL/KEY.o
                0x0000000000007fd4                HalKeyCallback
 .text.HalKeyRead
                0x0000000000008048        0xe ./subsys/HAL/KEY.o
                0x0000000000008048                HalKeyRead
 .text.HAL_KeyPoll
                0x0000000000008056       0x36 ./subsys/HAL/KEY.o
                0x0000000000008056                HAL_KeyPoll
 .text.Lib_Read_Flash
                0x000000000000808c       0x1c ./subsys/HAL/MCU.o
                0x000000000000808c                Lib_Read_Flash
 .text.Lib_Write_Flash
                0x00000000000080a8       0x42 ./subsys/HAL/MCU.o
                0x00000000000080a8                Lib_Write_Flash
 .text.HAL_GetInterTempValue
                0x00000000000080ea       0x72 ./subsys/HAL/MCU.o
                0x00000000000080ea                HAL_GetInterTempValue
 .text.CH58X_BLEInit
                0x000000000000815c       0xf0 ./subsys/HAL/MCU.o
                0x000000000000815c                CH58X_BLEInit
 .text.HAL_Init
                0x000000000000824c       0x4c ./subsys/HAL/MCU.o
                0x000000000000824c                HAL_Init
 .text.OnBoard_SendMsg
                0x0000000000008298       0x4e ./subsys/HAL/MCU.o
                0x0000000000008298                OnBoard_SendMsg
 .text.HAL_ProcessEvent
                0x00000000000082e6      0x1bc ./subsys/HAL/MCU.o
                0x00000000000082e6                HAL_ProcessEvent
 .text.HAL_TimeInit
                0x00000000000084a2       0x5c ./subsys/HAL/RTC.o
                0x00000000000084a2                HAL_TimeInit
 .text._ZN16Adafruit_DRV2605C2Ev
                0x00000000000084fe        0x2 ./subsys/DRV/DRV2605/Adafruit_DRV2605.o
                0x00000000000084fe                Adafruit_DRV2605::Adafruit_DRV2605()
                0x00000000000084fe                Adafruit_DRV2605::Adafruit_DRV2605()
 .text._ZN16Adafruit_DRV260513readRegister8Eh
                0x0000000000008500       0x6e ./subsys/DRV/DRV2605/Adafruit_DRV2605.o
                0x0000000000008500                Adafruit_DRV2605::readRegister8(unsigned char)
 .text._ZN16Adafruit_DRV260514writeRegister8Ehh
                0x000000000000856e       0x38 ./subsys/DRV/DRV2605/Adafruit_DRV2605.o
                0x000000000000856e                Adafruit_DRV2605::writeRegister8(unsigned char, unsigned char)
 .text._ZN16Adafruit_DRV26054initEv
                0x00000000000085a6       0xb6 ./subsys/DRV/DRV2605/Adafruit_DRV2605.o
                0x00000000000085a6                Adafruit_DRV2605::init()
 .text._ZN16Adafruit_DRV26055beginEP7TwoWire
                0x000000000000865c        0x6 ./subsys/DRV/DRV2605/Adafruit_DRV2605.o
                0x000000000000865c                Adafruit_DRV2605::begin(TwoWire*)
 .text._ZN16Adafruit_DRV260511setWaveformEhh
                0x0000000000008662        0xa ./subsys/DRV/DRV2605/Adafruit_DRV2605.o
                0x0000000000008662                Adafruit_DRV2605::setWaveform(unsigned char, unsigned char)
 .text._ZN16Adafruit_DRV260513selectLibraryEh
                0x000000000000866c        0x8 ./subsys/DRV/DRV2605/Adafruit_DRV2605.o
                0x000000000000866c                Adafruit_DRV2605::selectLibrary(unsigned char)
 .text._ZN16Adafruit_DRV26052goEv
                0x0000000000008674        0x8 ./subsys/DRV/DRV2605/Adafruit_DRV2605.o
                0x0000000000008674                Adafruit_DRV2605::go()
 .text._ZN16Adafruit_DRV26054stopEv
                0x000000000000867c        0x8 ./subsys/DRV/DRV2605/Adafruit_DRV2605.o
                0x000000000000867c                Adafruit_DRV2605::stop()
 .text._ZN16Adafruit_DRV26057setModeEh
                0x0000000000008684        0x8 ./subsys/DRV/DRV2605/Adafruit_DRV2605.o
                0x0000000000008684                Adafruit_DRV2605::setMode(unsigned char)
 .text._Z16DRV_ProcessEventht
                0x000000000000868c       0xee ./subsys/DRV/DRV.o
                0x000000000000868c                DRV_ProcessEvent(unsigned char, unsigned short)
 .text._Z13DRV_Task_Initv
                0x000000000000877a       0x86 ./subsys/DRV/DRV.o
                0x000000000000877a                DRV_Task_Init()
 .text.startup._GLOBAL__sub_I_drv
                0x0000000000008800        0x8 ./subsys/DRV/DRV.o
 .text.CurrentTime_WriteAttrCB
                0x0000000000008808       0xac ./subsys/BLE/profile/CTS_service.o
 .text.CurrentTime_ReadAttrCB
                0x00000000000088b4       0x7a ./subsys/BLE/profile/CTS_service.o
 .text.CurrentTime_HandleConnStatusCB
                0x000000000000892e       0x42 ./subsys/BLE/profile/CTS_service.o
                0x000000000000892e                CurrentTime_HandleConnStatusCB
 .text.CurrentTime_AddService
                0x0000000000008970       0x50 ./subsys/BLE/profile/CTS_service.o
                0x0000000000008970                CurrentTime_AddService
 .text.CurrentTime_Register
                0x00000000000089c0        0x6 ./subsys/BLE/profile/CTS_service.o
                0x00000000000089c0                CurrentTime_Register
 .text.CurrentTime_SetParameter
                0x00000000000089c6       0x44 ./subsys/BLE/profile/CTS_service.o
                0x00000000000089c6                CurrentTime_SetParameter
 .text.battMeasure
                0x0000000000008a0a       0x7e ./subsys/BLE/profile/battservice.o
 .text.battWriteAttrCB
                0x0000000000008a88       0x5e ./subsys/BLE/profile/battservice.o
 .text.battReadAttrCB
                0x0000000000008ae6       0x94 ./subsys/BLE/profile/battservice.o
 .text.battNotifyCB
                0x0000000000008b7a       0x76 ./subsys/BLE/profile/battservice.o
 .text.Batt_HandleConnStatusCB
                0x0000000000008bf0       0x42 ./subsys/BLE/profile/battservice.o
                0x0000000000008bf0                Batt_HandleConnStatusCB
 .text.Batt_AddService
                0x0000000000008c32       0x3c ./subsys/BLE/profile/battservice.o
                0x0000000000008c32                Batt_AddService
 .text.Batt_Register
                0x0000000000008c6e        0x6 ./subsys/BLE/profile/battservice.o
                0x0000000000008c6e                Batt_Register
 .text.Batt_SetParameter
                0x0000000000008c74       0x36 ./subsys/BLE/profile/battservice.o
                0x0000000000008c74                Batt_SetParameter
 .text.Batt_MeasLevel
                0x0000000000008caa       0x28 ./subsys/BLE/profile/battservice.o
                0x0000000000008caa                Batt_MeasLevel
 .text.Batt_Setup
                0x0000000000008cd2       0x1a ./subsys/BLE/profile/battservice.o
                0x0000000000008cd2                Batt_Setup
 .text.devInfo_ReadAttrCB
                0x0000000000008cec      0x196 ./subsys/BLE/profile/devinfoservice.o
 .text.DevInfo_AddService
                0x0000000000008e82       0x18 ./subsys/BLE/profile/devinfoservice.o
                0x0000000000008e82                DevInfo_AddService
 .text.simpleProfile_ReadAttrCB
                0x0000000000008e9a       0x84 ./subsys/BLE/profile/gattprofile.o
 .text.simpleProfile_WriteAttrCB
                0x0000000000008f1e       0xce ./subsys/BLE/profile/gattprofile.o
 .text.simpleProfile_HandleConnStatusCB
                0x0000000000008fec       0x42 ./subsys/BLE/profile/gattprofile.o
 .text.SimpleProfile_AddService
                0x000000000000902e       0x50 ./subsys/BLE/profile/gattprofile.o
                0x000000000000902e                SimpleProfile_AddService
 .text.SimpleProfile_RegisterAppCBs
                0x000000000000907e        0xe ./subsys/BLE/profile/gattprofile.o
                0x000000000000907e                SimpleProfile_RegisterAppCBs
 .text.SimpleProfile_SetParameter
                0x000000000000908c       0x82 ./subsys/BLE/profile/gattprofile.o
                0x000000000000908c                SimpleProfile_SetParameter
 .text.heartRate_ReadAttrCB
                0x000000000000910e       0x36 ./subsys/BLE/profile/heartrateservice.o
 .text.heartRate_WriteAttrCB
                0x0000000000009144       0x90 ./subsys/BLE/profile/heartrateservice.o
 .text.HeartRate_HandleConnStatusCB
                0x00000000000091d4       0x42 ./subsys/BLE/profile/heartrateservice.o
                0x00000000000091d4                HeartRate_HandleConnStatusCB
 .text.HeartRate_AddService
                0x0000000000009216       0x50 ./subsys/BLE/profile/heartrateservice.o
                0x0000000000009216                HeartRate_AddService
 .text.HeartRate_Register
                0x0000000000009266        0x6 ./subsys/BLE/profile/heartrateservice.o
                0x0000000000009266                HeartRate_Register
 .text.HeartRate_SetParameter
                0x000000000000926c       0x1a ./subsys/BLE/profile/heartrateservice.o
                0x000000000000926c                HeartRate_SetParameter
 .text.HeartRate_MeasNotify
                0x0000000000009286       0x4a ./subsys/BLE/profile/heartrateservice.o
                0x0000000000009286                HeartRate_MeasNotify
 .text.CurrentTimeCB
                0x00000000000092d0      0x15e ./subsys/BLE/CTS.o
 .text.CurrentTime_ProcessEvent
                0x000000000000942e       0x30 ./subsys/BLE/CTS.o
                0x000000000000942e                CurrentTime_ProcessEvent
 .text.cts_init
                0x000000000000945e       0x2e ./subsys/BLE/CTS.o
                0x000000000000945e                cts_init
 .text.CurrentTime_Init
                0x000000000000948c       0x2e ./subsys/BLE/CTS.o
                0x000000000000948c                CurrentTime_Init
 .text.Battery_ProcessEvent
                0x00000000000094ba       0x64 ./subsys/BLE/battery.o
                0x00000000000094ba                Battery_ProcessEvent
 .text.BatteryCB
                0x000000000000951e       0x72 ./subsys/BLE/battery.o
 .text.Battery_Init
                0x0000000000009590       0x52 ./subsys/BLE/battery.o
                0x0000000000009590                Battery_Init
 .text.heartRateCB
                0x00000000000095e2       0x3c ./subsys/BLE/heartrate.o
 .text.HeartRate_ProcessEvent
                0x000000000000961e      0x12e ./subsys/BLE/heartrate.o
                0x000000000000961e                HeartRate_ProcessEvent
 .text.HeartRate_Init
                0x000000000000974c       0x50 ./subsys/BLE/heartrate.o
                0x000000000000974c                HeartRate_Init
 .text.peripheralRssiCB
                0x000000000000979c        0x2 ./subsys/BLE/peripheral.o
 .text.simpleProfileChangeCB
                0x000000000000979e       0x3e ./subsys/BLE/peripheral.o
 .text.peripheralParamUpdateCB
                0x00000000000097dc       0x30 ./subsys/BLE/peripheral.o
 .text.Peripheral_ProcessEvent
                0x000000000000980c       0xf2 ./subsys/BLE/peripheral.o
                0x000000000000980c                Peripheral_ProcessEvent
 .text.Peripheral_LinkTerminated
                0x00000000000098fe       0x58 ./subsys/BLE/peripheral.o
 .text.peripheralStateNotificationCB
                0x0000000000009956      0x176 ./subsys/BLE/peripheral.o
 .text.Peripheral_Init
                0x0000000000009acc      0x146 ./subsys/BLE/peripheral.o
                0x0000000000009acc                Peripheral_Init
 .text.startup.main
                0x0000000000009c12       0x9a ./src/main.o
                0x0000000000009c12                main
 .text.SystemInit
                0x0000000000009cac        0x8 ./soc/soc.o
                0x0000000000009cac                SystemInit
 .text.GetSysClock
                0x0000000000009cb4       0x42 ./soc/soc.o
                0x0000000000009cb4                GetSysClock
 .text.SYS_DisableAllIrq
                0x0000000000009cf6       0x1c ./soc/soc.o
                0x0000000000009cf6                SYS_DisableAllIrq
 .text.SYS_RecoverIrq
                0x0000000000009d12       0x14 ./soc/soc.o
                0x0000000000009d12                SYS_RecoverIrq
 .text.SYS_GetSysTickCnt
                0x0000000000009d26        0xa ./soc/soc.o
                0x0000000000009d26                SYS_GetSysTickCnt
 .text.millis   0x0000000000009d30        0x8 ./soc/soc.o
                0x0000000000009d30                millis
 .text._write   0x0000000000009d38       0x28 ./soc/soc.o
                0x0000000000009d38                _write
 .text.log_print
                0x0000000000009d60       0x3e ./drivers/debug/DEBUG.o
                0x0000000000009d60                log_print
 .text.log_debug
                0x0000000000009d9e       0x58 ./drivers/debug/DEBUG.o
                0x0000000000009d9e                log_debug
 .text.log_info
                0x0000000000009df6       0x58 ./drivers/debug/DEBUG.o
                0x0000000000009df6                log_info
 .text.Device_Info
                0x0000000000009e4e       0xe0 ./drivers/debug/DEBUG.o
                0x0000000000009e4e                Device_Info
 .text.DEBUG_Init
                0x0000000000009f2e       0x24 ./drivers/debug/DEBUG.o
                0x0000000000009f2e                DEBUG_Init
 .text._init    0x0000000000009f52        0x2 ./drivers/debug/DEBUG.o
                0x0000000000009f52                _init
 .text._fini    0x0000000000009f54        0x2 ./drivers/debug/DEBUG.o
                0x0000000000009f54                _fini
 .text.MySPIinit
                0x0000000000009f56       0x7c ./drivers/SPI/mySPI.o
                0x0000000000009f56                MySPIinit
 .text._ZN7TwoWire16onReceiveServiceEPhi
                0x0000000000009fd2       0x4c ./drivers/I2C/myi2c.o
                0x0000000000009fd2                TwoWire::onReceiveService(unsigned char*, int)
 .text._ZN7TwoWire16onRequestServiceEv
                0x000000000000a01e       0x18 ./drivers/I2C/myi2c.o
                0x000000000000a01e                TwoWire::onRequestService()
 .text._Z9RequestCBv
                0x000000000000a036       0x2c ./drivers/I2C/myi2c.o
                0x000000000000a036                RequestCB()
 .text._ZN7TwoWire5beginEv
                0x000000000000a062       0x56 ./drivers/I2C/myi2c.o
                0x000000000000a062                TwoWire::begin()
 .text._ZN7TwoWire17beginTransmissionEh
                0x000000000000a0b8       0x14 ./drivers/I2C/myi2c.o
                0x000000000000a0b8                TwoWire::beginTransmission(unsigned char)
 .text._ZN7TwoWire15endTransmissionEb
                0x000000000000a0cc       0x3a ./drivers/I2C/myi2c.o
                0x000000000000a0cc                TwoWire::endTransmission(bool)
 .text._ZN7TwoWire15endTransmissionEv
                0x000000000000a106        0x6 ./drivers/I2C/myi2c.o
                0x000000000000a106                TwoWire::endTransmission()
 .text._ZN7TwoWire5writeEh
                0x000000000000a10c       0x5a ./drivers/I2C/myi2c.o
                0x000000000000a10c                TwoWire::write(unsigned char)
 .text._ZN7TwoWire11requestFromEhhmhh
                0x000000000000a166       0x9c ./drivers/I2C/myi2c.o
                0x000000000000a166                TwoWire::requestFrom(unsigned char, unsigned char, unsigned long, unsigned char, unsigned char)
 .text._ZN7TwoWire11requestFromEhhb
                0x000000000000a202        0xa ./drivers/I2C/myi2c.o
                0x000000000000a202                TwoWire::requestFrom(unsigned char, unsigned char, bool)
 .text._ZN7TwoWire11requestFromEhh
                0x000000000000a20c        0x6 ./drivers/I2C/myi2c.o
                0x000000000000a20c                TwoWire::requestFrom(unsigned char, unsigned char)
 .text._ZN7TwoWire9availableEv
                0x000000000000a212        0xc ./drivers/I2C/myi2c.o
                0x000000000000a212                TwoWire::available()
 .text._ZN7TwoWire4readEv
                0x000000000000a21e       0x24 ./drivers/I2C/myi2c.o
                0x000000000000a21e                TwoWire::read()
 .text._Z9ReceiveCBi
                0x000000000000a242       0x60 ./drivers/I2C/myi2c.o
                0x000000000000a242                ReceiveCB(int)
 .text.twi_reply.part.0
                0x000000000000a2a2       0x12 ./drivers/I2C/twi.o
 .text.twi_init
                0x000000000000a2b4       0x50 ./drivers/I2C/twi.o
                0x000000000000a2b4                twi_init
 .text.twi_transmit
                0x000000000000a304       0x5c ./drivers/I2C/twi.o
                0x000000000000a304                twi_transmit
 .text.twi_attachSlaveRxEvent
                0x000000000000a360        0x6 ./drivers/I2C/twi.o
                0x000000000000a360                twi_attachSlaveRxEvent
 .text.twi_attachSlaveTxEvent
                0x000000000000a366        0x6 ./drivers/I2C/twi.o
                0x000000000000a366                twi_attachSlaveTxEvent
 .text.twi_reply
                0x000000000000a36c       0x20 ./drivers/I2C/twi.o
                0x000000000000a36c                twi_reply
 .text.twi_start
                0x000000000000a38c       0x26 ./drivers/I2C/twi.o
                0x000000000000a38c                twi_start
 .text.twi_stop
                0x000000000000a3b2       0x16 ./drivers/I2C/twi.o
                0x000000000000a3b2                twi_stop
 .text.easyflash_init
                0x000000000000a3c8       0x66 ./drivers/HAL_FLASH/easyflash.o
                0x000000000000a3c8                easyflash_init
 .text.get_status
                0x000000000000a42e       0x22 ./drivers/HAL_FLASH/ef_env.o
 .text.update_sector_cache
                0x000000000000a450       0x5c ./drivers/HAL_FLASH/ef_env.o
 .text.get_next_sector_addr
                0x000000000000a4ac       0x2e ./drivers/HAL_FLASH/ef_env.o
 .text.gc_check_cb
                0x000000000000a4da       0x10 ./drivers/HAL_FLASH/ef_env.o
 .text.update_env_cache
                0x000000000000a4ea       0xa2 ./drivers/HAL_FLASH/ef_env.o
 .text.find_env_cb
                0x000000000000a58c       0x50 ./drivers/HAL_FLASH/ef_env.o
 .text.sector_statistics_cb
                0x000000000000a5dc       0x26 ./drivers/HAL_FLASH/ef_env.o
 .text.alloc_env_cb
                0x000000000000a602       0x2e ./drivers/HAL_FLASH/ef_env.o
 .text.write_status
                0x000000000000a630       0xc4 ./drivers/HAL_FLASH/ef_env.o
 .text.read_env
                0x000000000000a6f4      0x134 ./drivers/HAL_FLASH/ef_env.o
 .text.update_sec_status
                0x000000000000a828       0x74 ./drivers/HAL_FLASH/ef_env.o
 .text.align_write
                0x000000000000a89c       0x7a ./drivers/HAL_FLASH/ef_env.o
 .text.print_env_cb
                0x000000000000a916       0xf2 ./drivers/HAL_FLASH/ef_env.o
 .text.format_sector.constprop.15
                0x000000000000aa08       0xba ./drivers/HAL_FLASH/ef_env.o
 .text.check_sec_hdr_cb
                0x000000000000aac2       0x3c ./drivers/HAL_FLASH/ef_env.o
 .text.get_next_env_addr
                0x000000000000aafe      0x102 ./drivers/HAL_FLASH/ef_env.o
 .text.read_sector_meta_data
                0x000000000000ac00      0x1e4 ./drivers/HAL_FLASH/ef_env.o
 .text.sector_iterator
                0x000000000000ade4       0x72 ./drivers/HAL_FLASH/ef_env.o
 .text.alloc_env
                0x000000000000ae56       0x9a ./drivers/HAL_FLASH/ef_env.o
 .text.gc_collect
                0x000000000000aef0       0x60 ./drivers/HAL_FLASH/ef_env.o
 .text.new_env  0x000000000000af50       0x4c ./drivers/HAL_FLASH/ef_env.o
 .text.create_env_blob
                0x000000000000af9c      0x242 ./drivers/HAL_FLASH/ef_env.o
 .text.check_and_recovery_gc_cb
                0x000000000000b1de       0x28 ./drivers/HAL_FLASH/ef_env.o
 .text.env_iterator
                0x000000000000b206       0x6e ./drivers/HAL_FLASH/ef_env.o
 .text.find_env
                0x000000000000b274       0xe4 ./drivers/HAL_FLASH/ef_env.o
 .text.del_env  0x000000000000b358       0xca ./drivers/HAL_FLASH/ef_env.o
 .text.move_env
                0x000000000000b422      0x176 ./drivers/HAL_FLASH/ef_env.o
 .text.check_and_recovery_env_cb
                0x000000000000b598       0x8e ./drivers/HAL_FLASH/ef_env.o
 .text.do_gc    0x000000000000b626       0xb6 ./drivers/HAL_FLASH/ef_env.o
 .text.ef_env_set_default
                0x000000000000b6dc       0xe8 ./drivers/HAL_FLASH/ef_env.o
                0x000000000000b6dc                ef_env_set_default
 .text.ef_print_env
                0x000000000000b7c4       0x5a ./drivers/HAL_FLASH/ef_env.o
                0x000000000000b7c4                ef_print_env
 .text.ef_load_env
                0x000000000000b81e       0x86 ./drivers/HAL_FLASH/ef_env.o
                0x000000000000b81e                ef_load_env
 .text.ef_env_init
                0x000000000000b8a4       0xb2 ./drivers/HAL_FLASH/ef_env.o
                0x000000000000b8a4                ef_env_init
 .text.get_next_flash_sec_addr
                0x000000000000b956       0x1a ./drivers/HAL_FLASH/ef_log.o
 .text.get_sector_status
                0x000000000000b970       0x7e ./drivers/HAL_FLASH/ef_log.o
 .text.ef_log_clean
                0x000000000000b9ee       0x8a ./drivers/HAL_FLASH/ef_log.o
                0x000000000000b9ee                ef_log_clean
 .text.ef_log_init
                0x000000000000ba78      0x1fe ./drivers/HAL_FLASH/ef_log.o
                0x000000000000ba78                ef_log_init
 .text.ef_port_init
                0x000000000000bc76       0x12 ./drivers/HAL_FLASH/ef_port.o
                0x000000000000bc76                ef_port_init
 .text.ef_port_env_lock
                0x000000000000bc88        0x8 ./drivers/HAL_FLASH/ef_port.o
                0x000000000000bc88                ef_port_env_lock
 .text.ef_port_env_unlock
                0x000000000000bc90        0xa ./drivers/HAL_FLASH/ef_port.o
                0x000000000000bc90                ef_port_env_unlock
 .text.ef_print
                0x000000000000bc9a       0x3e ./drivers/HAL_FLASH/ef_port.o
                0x000000000000bc9a                ef_print
 .text.ef_log_debug
                0x000000000000bcd8       0x58 ./drivers/HAL_FLASH/ef_port.o
                0x000000000000bcd8                ef_log_debug
 .text.ef_port_read
                0x000000000000bd30       0x4a ./drivers/HAL_FLASH/ef_port.o
                0x000000000000bd30                ef_port_read
 .text.ef_port_erase
                0x000000000000bd7a       0xaa ./drivers/HAL_FLASH/ef_port.o
                0x000000000000bd7a                ef_port_erase
 .text.ef_port_write
                0x000000000000be24      0x162 ./drivers/HAL_FLASH/ef_port.o
                0x000000000000be24                ef_port_write
 .text.ef_log_info
                0x000000000000bf86       0x58 ./drivers/HAL_FLASH/ef_port.o
                0x000000000000bf86                ef_log_info
 .text.ef_calc_crc32
                0x000000000000bfde       0x30 ./drivers/HAL_FLASH/ef_utils.o
                0x000000000000bfde                ef_calc_crc32
 .text.ADC_ExtSingleChSampInit
                0x000000000000c00e       0x24 ./StdPeriphDriver/CH58x_adc.o
                0x000000000000c00e                ADC_ExtSingleChSampInit
 .text.ADC_InterTSSampInit
                0x000000000000c032       0x28 ./StdPeriphDriver/CH58x_adc.o
                0x000000000000c032                ADC_InterTSSampInit
 .text.ADC_ExcutSingleConver
                0x000000000000c05a       0x20 ./StdPeriphDriver/CH58x_adc.o
                0x000000000000c05a                ADC_ExcutSingleConver
 .text.RTC_InitTime
                0x000000000000c07a      0x18a ./StdPeriphDriver/CH58x_clk.o
                0x000000000000c07a                RTC_InitTime
 .text.GPIOA_ModeCfg
                0x000000000000c204       0xa6 ./StdPeriphDriver/CH58x_gpio.o
                0x000000000000c204                GPIOA_ModeCfg
 .text.GPIOB_ModeCfg
                0x000000000000c2aa       0xa6 ./StdPeriphDriver/CH58x_gpio.o
                0x000000000000c2aa                GPIOB_ModeCfg
 .text.GPIOB_ITModeCfg
                0x000000000000c350       0x8a ./StdPeriphDriver/CH58x_gpio.o
                0x000000000000c350                GPIOB_ITModeCfg
 .text.I2C_Init
                0x000000000000c3da      0x14c ./StdPeriphDriver/CH58x_i2c.o
                0x000000000000c3da                I2C_Init
 .text.I2C_ITConfig
                0x000000000000c526       0x1e ./StdPeriphDriver/CH58x_i2c.o
                0x000000000000c526                I2C_ITConfig
 .text.UART1_BaudRateCfg
                0x000000000000c544       0x32 ./StdPeriphDriver/CH58x_uart1.o
                0x000000000000c544                UART1_BaudRateCfg
 .text.UART1_DefInit
                0x000000000000c576       0x34 ./StdPeriphDriver/CH58x_uart1.o
                0x000000000000c576                UART1_DefInit
 .text.tmos_msg_enqueue
                0x000000000000c5aa       0x1e ../../LIB\libCH58xBLE.a(message.o)
                0x000000000000c5aa                tmos_msg_enqueue
 .text.tmos_msg_deallocate
                0x000000000000c5c8       0x2c ../../LIB\libCH58xBLE.a(message.o)
                0x000000000000c5c8                tmos_msg_deallocate
 .text.tmos_msg_allocate
                0x000000000000c5f4       0x3e ../../LIB\libCH58xBLE.a(message.o)
                0x000000000000c5f4                tmos_msg_allocate
 .text.tmos_msg_receive
                0x000000000000c632       0x70 ../../LIB\libCH58xBLE.a(message.o)
                0x000000000000c632                tmos_msg_receive
 .text.tmos_msg_send
                0x000000000000c6a2       0x60 ../../LIB\libCH58xBLE.a(message.o)
                0x000000000000c6a2                tmos_msg_send
 .text.tmos_msg_init
                0x000000000000c702        0xa ../../LIB\libCH58xBLE.a(message.o)
                0x000000000000c702                tmos_msg_init
 .text.tmosFindTask
                0x000000000000c70c       0x24 ../../LIB\libCH58xBLE.a(tmos.o)
 .text.TMOS_CbTimerProcessEvent
                0x000000000000c730       0x84 ../../LIB\libCH58xBLE.a(tmos.o)
                0x000000000000c730                TMOS_CbTimerProcessEvent
 .text.tmos_rand
                0x000000000000c7b4       0x54 ../../LIB\libCH58xBLE.a(tmos.o)
                0x000000000000c7b4                tmos_rand
 .text.tmos_memset
                0x000000000000c808       0x12 ../../LIB\libCH58xBLE.a(tmos.o)
                0x000000000000c808                tmos_memset
 .text.tmos_strlen
                0x000000000000c81a       0x14 ../../LIB\libCH58xBLE.a(tmos.o)
                0x000000000000c81a                tmos_strlen
 .text.tmos_memdup
                0x000000000000c82e       0x3c ../../LIB\libCH58xBLE.a(tmos.o)
                0x000000000000c82e                tmos_memdup
 .text.tmos_revmemcpy
                0x000000000000c86a       0x1c ../../LIB\libCH58xBLE.a(tmos.o)
                0x000000000000c86a                tmos_revmemcpy
 .text.tmos_isbufset
                0x000000000000c886       0x22 ../../LIB\libCH58xBLE.a(tmos.o)
                0x000000000000c886                tmos_isbufset
 .text.tmos_start_callback_task
                0x000000000000c8a8       0xf0 ../../LIB\libCH58xBLE.a(tmos.o)
                0x000000000000c8a8                tmos_start_callback_task
 .text.tmos_set_event
                0x000000000000c998       0x2e ../../LIB\libCH58xBLE.a(tmos.o)
                0x000000000000c998                tmos_set_event
 .text.tmos_clear_event
                0x000000000000c9c6       0x32 ../../LIB\libCH58xBLE.a(tmos.o)
                0x000000000000c9c6                tmos_clear_event
 .text.tmos_get_event
                0x000000000000c9f8       0x14 ../../LIB\libCH58xBLE.a(tmos.o)
                0x000000000000c9f8                tmos_get_event
 .text.tmos_start_task
                0x000000000000ca0c       0xf8 ../../LIB\libCH58xBLE.a(tmos.o)
                0x000000000000ca0c                tmos_start_task
 .text.tmos_update_callback_timer
                0x000000000000cb04       0x80 ../../LIB\libCH58xBLE.a(tmos.o)
                0x000000000000cb04                tmos_update_callback_timer
 .text.tmos_start_reload_task
                0x000000000000cb84       0x6e ../../LIB\libCH58xBLE.a(tmos.o)
                0x000000000000cb84                tmos_start_reload_task
 .text.tmos_stop_task
                0x000000000000cbf2       0x34 ../../LIB\libCH58xBLE.a(tmos.o)
                0x000000000000cbf2                tmos_stop_task
 .text.tmos_stop_callback_task
                0x000000000000cc26       0x62 ../../LIB\libCH58xBLE.a(tmos.o)
                0x000000000000cc26                tmos_stop_callback_task
 .text.TMOS_TimerRegister
                0x000000000000cc88       0x1e ../../LIB\libCH58xBLE.a(tmos.o)
                0x000000000000cc88                TMOS_TimerRegister
 .text.TMOS_ProcessRegister
                0x000000000000cca6       0x16 ../../LIB\libCH58xBLE.a(tmos.o)
                0x000000000000cca6                TMOS_ProcessRegister
 .text.TMOS_Init
                0x000000000000ccbc       0xda ../../LIB\libCH58xBLE.a(tmos.o)
                0x000000000000ccbc                TMOS_Init
 .text.TMOS_ProcessEventRegister
                0x000000000000cd96       0x3c ../../LIB\libCH58xBLE.a(tmos.o)
                0x000000000000cd96                TMOS_ProcessEventRegister
 .text.BLE_LibInit
                0x000000000000cdd2      0x166 ../../LIB\libCH58xBLE.a(tmos.o)
                0x000000000000cdd2                BLE_LibInit
 .text.SYS_GetTickCount
                0x000000000000cf38       0x72 ../../LIB\libCH58xBLE.a(tmos_hw.o)
                0x000000000000cf38                SYS_GetTickCount
 .text.ble_ll_common_rand8
                0x000000000000cfaa       0x24 ../../LIB\libCH58xBLE.a(tmos_hw.o)
                0x000000000000cfaa                ble_ll_common_rand8
 .text.ble_ll_common_rand16
                0x000000000000cfce       0x24 ../../LIB\libCH58xBLE.a(tmos_hw.o)
                0x000000000000cfce                ble_ll_common_rand16
 .text.ble_ll_common_rand32
                0x000000000000cff2       0x20 ../../LIB\libCH58xBLE.a(tmos_hw.o)
                0x000000000000cff2                ble_ll_common_rand32
 .text.BLE_GetSleepClockAccuracy
                0x000000000000d012       0x2a ../../LIB\libCH58xBLE.a(tmos_hw.o)
                0x000000000000d012                BLE_GetSleepClockAccuracy
 .text.TMOS_TempSample
                0x000000000000d03c       0x62 ../../LIB\libCH58xBLE.a(tmos_hw.o)
                0x000000000000d03c                TMOS_TempSample
 .text.TMOS_TimerInit
                0x000000000000d09e       0x70 ../../LIB\libCH58xBLE.a(tmos_hw.o)
                0x000000000000d09e                TMOS_TimerInit
 .text.disconnectNext
                0x000000000000d10e       0x22 ../../LIB\libCH58xBLE.a(gap.o)
 .text.GAP_ParamInit
                0x000000000000d130      0x140 ../../LIB\libCH58xBLE.a(gap.o)
                0x000000000000d130                GAP_ParamInit
 .text.sendTerminateEvent
                0x000000000000d270       0x58 ../../LIB\libCH58xBLE.a(gap.o)
                0x000000000000d270                sendTerminateEvent
 .text.gapRegisterCentral
                0x000000000000d2c8        0x6 ../../LIB\libCH58xBLE.a(gap.o)
                0x000000000000d2c8                gapRegisterCentral
 .text.gapRegisterCentralConn
                0x000000000000d2ce        0x6 ../../LIB\libCH58xBLE.a(gap.o)
                0x000000000000d2ce                gapRegisterCentralConn
 .text.gapRegisterPeripheral
                0x000000000000d2d4        0x6 ../../LIB\libCH58xBLE.a(gap.o)
                0x000000000000d2d4                gapRegisterPeripheral
 .text.gapRegisterPeripheralConn
                0x000000000000d2da        0x6 ../../LIB\libCH58xBLE.a(gap.o)
                0x000000000000d2da                gapRegisterPeripheralConn
 .text.smGenerateRandBuf
                0x000000000000d2e0       0x56 ../../LIB\libCH58xBLE.a(gap.o)
                0x000000000000d2e0                smGenerateRandBuf
 .text.gapL2capConnParamUpdateReq
                0x000000000000d336       0x36 ../../LIB\libCH58xBLE.a(gap.o)
                0x000000000000d336                gapL2capConnParamUpdateReq
 .text.gapValidADType
                0x000000000000d36c       0x16 ../../LIB\libCH58xBLE.a(gap.o)
                0x000000000000d36c                gapValidADType
 .text.gapFindADType
                0x000000000000d382       0x80 ../../LIB\libCH58xBLE.a(gap.o)
                0x000000000000d382                gapFindADType
 .text.GAP_SecParamsInit
                0x000000000000d402       0x9e ../../LIB\libCH58xBLE.a(gap.o)
                0x000000000000d402                GAP_SecParamsInit
 .text.GAP_ParamsInit
                0x000000000000d4a0       0x4c ../../LIB\libCH58xBLE.a(gap.o)
                0x000000000000d4a0                GAP_ParamsInit
 .text.gapAddAddrAdj
                0x000000000000d4ec       0x48 ../../LIB\libCH58xBLE.a(gap.o)
                0x000000000000d4ec                gapAddAddrAdj
 .text.gapDetermineAddrType
                0x000000000000d534       0x28 ../../LIB\libCH58xBLE.a(gap.o)
                0x000000000000d534                gapDetermineAddrType
 .text.gapFreeAuthLink
                0x000000000000d55c       0x4a ../../LIB\libCH58xBLE.a(gap.o)
                0x000000000000d55c                gapFreeAuthLink
 .text.gapGetDevAddress
                0x000000000000d5a6       0x24 ../../LIB\libCH58xBLE.a(gap.o)
                0x000000000000d5a6                gapGetDevAddress
 .text.gapGetDevAddressMode
                0x000000000000d5ca        0xa ../../LIB\libCH58xBLE.a(gap.o)
                0x000000000000d5ca                gapGetDevAddressMode
 .text.gapGetIRK
                0x000000000000d5d4        0xc ../../LIB\libCH58xBLE.a(gap.o)
                0x000000000000d5d4                gapGetIRK
 .text.gapGetSRK
                0x000000000000d5e0        0xc ../../LIB\libCH58xBLE.a(gap.o)
                0x000000000000d5e0                gapGetSRK
 .text.gapGetSignCounter
                0x000000000000d5ec        0xe ../../LIB\libCH58xBLE.a(gap.o)
                0x000000000000d5ec                gapGetSignCounter
 .text.gapIncSignCounter
                0x000000000000d5fa       0x28 ../../LIB\libCH58xBLE.a(gap.o)
                0x000000000000d5fa                gapIncSignCounter
 .text.gapProcessConnEvt
                0x000000000000d622       0x48 ../../LIB\libCH58xBLE.a(gap.o)
                0x000000000000d622                gapProcessConnEvt
 .text.gapProcessDisconnectCompleteEvt
                0x000000000000d66a       0xaa ../../LIB\libCH58xBLE.a(gap.o)
                0x000000000000d66a                gapProcessDisconnectCompleteEvt
 .text.sendAuthEvent
                0x000000000000d714      0x11c ../../LIB\libCH58xBLE.a(gap.o)
                0x000000000000d714                sendAuthEvent
 .text.gapSendBondCompleteEvent
                0x000000000000d830       0x70 ../../LIB\libCH58xBLE.a(gap.o)
                0x000000000000d830                gapSendBondCompleteEvent
 .text.gapSendPairingReqEvent
                0x000000000000d8a0       0x92 ../../LIB\libCH58xBLE.a(gap.o)
                0x000000000000d8a0                gapSendPairingReqEvent
 .text.gapSendSlaveSecurityReqEvent
                0x000000000000d932       0x68 ../../LIB\libCH58xBLE.a(gap.o)
                0x000000000000d932                gapSendSlaveSecurityReqEvent
 .text.gapSendDeviceInitDoneEvent
                0x000000000000d99a       0x88 ../../LIB\libCH58xBLE.a(gap.o)
                0x000000000000d99a                gapSendDeviceInitDoneEvent
 .text.gapSendLinkUpdateEvent
                0x000000000000da22       0xb4 ../../LIB\libCH58xBLE.a(gap.o)
                0x000000000000da22                gapSendLinkUpdateEvent
 .text.gapSendPhyUpdateEvent
                0x000000000000dad6       0x88 ../../LIB\libCH58xBLE.a(gap.o)
                0x000000000000dad6                gapSendPhyUpdateEvent
 .text.gapSendEstLinkEvent
                0x000000000000db5e       0xb8 ../../LIB\libCH58xBLE.a(gap.o)
                0x000000000000db5e                gapSendEstLinkEvent
 .text.gapProcessNewAddr
                0x000000000000dc16       0x3e ../../LIB\libCH58xBLE.a(gap.o)
                0x000000000000dc16                gapProcessNewAddr
 .text.gapProcessRandomAddrComplete
                0x000000000000dc54       0xa6 ../../LIB\libCH58xBLE.a(gap.o)
                0x000000000000dc54                gapProcessRandomAddrComplete
 .text.GAP_Authenticate
                0x000000000000dcfa       0xda ../../LIB\libCH58xBLE.a(gap.o)
                0x000000000000dcfa                GAP_Authenticate
 .text.GAP_Bond
                0x000000000000ddd4       0xa6 ../../LIB\libCH58xBLE.a(gap.o)
                0x000000000000ddd4                GAP_Bond
 .text.GAP_GetParamValue
                0x000000000000de7a       0x20 ../../LIB\libCH58xBLE.a(gap.o)
                0x000000000000de7a                GAP_GetParamValue
 .text.GAP_PasscodeUpdate
                0x000000000000de9a       0x50 ../../LIB\libCH58xBLE.a(gap.o)
                0x000000000000de9a                GAP_PasscodeUpdate
 .text.GAP_RegisterForMsgs
                0x000000000000deea        0xa ../../LIB\libCH58xBLE.a(gap.o)
                0x000000000000deea                GAP_RegisterForMsgs
 .text.GAP_ResolvePrivateAddr
                0x000000000000def4        0x4 ../../LIB\libCH58xBLE.a(gap.o)
                0x000000000000def4                GAP_ResolvePrivateAddr
 .text.gapPairingCompleteCB
                0x000000000000def8      0x188 ../../LIB\libCH58xBLE.a(gap.o)
                0x000000000000def8                gapPairingCompleteCB
 .text.gapPasskeyNeededCB
                0x000000000000e080       0x8e ../../LIB\libCH58xBLE.a(gap.o)
                0x000000000000e080                gapPasskeyNeededCB
 .text.gapFreeEstLink
                0x000000000000e10e       0x20 ../../LIB\libCH58xBLE.a(gap.o)
                0x000000000000e10e                gapFreeEstLink
 .text.gapUpdateConnSignCounter
                0x000000000000e12e       0x7a ../../LIB\libCH58xBLE.a(gap.o)
                0x000000000000e12e                gapUpdateConnSignCounter
 .text.GAP_SendSlaveSecurityRequest
                0x000000000000e1a8       0x4c ../../LIB\libCH58xBLE.a(gap.o)
                0x000000000000e1a8                GAP_SendSlaveSecurityRequest
 .text.GAP_Signable
                0x000000000000e1f4       0x6a ../../LIB\libCH58xBLE.a(gap.o)
                0x000000000000e1f4                GAP_Signable
 .text.GAP_TerminateAuth
                0x000000000000e25e       0x2a ../../LIB\libCH58xBLE.a(gap.o)
                0x000000000000e25e                GAP_TerminateAuth
 .text.GAP_NumActiveConnections
                0x000000000000e288        0x4 ../../LIB\libCH58xBLE.a(gap.o)
                0x000000000000e288                GAP_NumActiveConnections
 .text.GAP_TerminateLinkReq
                0x000000000000e28c       0x8e ../../LIB\libCH58xBLE.a(gap.o)
                0x000000000000e28c                GAP_TerminateLinkReq
 .text.GAP_SetParamValue
                0x000000000000e31a       0x5a ../../LIB\libCH58xBLE.a(gap.o)
                0x000000000000e31a                GAP_SetParamValue
 .text.GAP_Init
                0x000000000000e374       0x48 ../../LIB\libCH58xBLE.a(gap.o)
                0x000000000000e374                GAP_Init
 .text.GAP_ProcessEvent
                0x000000000000e3bc      0x670 ../../LIB\libCH58xBLE.a(gap.o)
                0x000000000000e3bc                GAP_ProcessEvent
 .text.gapSendScanEnable
                0x000000000000ea2c       0x3a ../../LIB\libCH58xBLE.a(gap_central.o)
 .text.gapCentProcessConnEvt
                0x000000000000ea66      0x120 ../../LIB\libCH58xBLE.a(gap_central.o)
                0x000000000000ea66                gapCentProcessConnEvt
 .text.gapProcessScanningPeriodicAdvEvt
                0x000000000000eb86       0x98 ../../LIB\libCH58xBLE.a(gap_central.o)
                0x000000000000eb86                gapProcessScanningPeriodicAdvEvt
 .text.gapCancelLinkReq
                0x000000000000ec1e       0x38 ../../LIB\libCH58xBLE.a(gap_central.o)
                0x000000000000ec1e                gapCancelLinkReq
 .text.gapProcessAdvertDevInfo
                0x000000000000ec56      0x24a ../../LIB\libCH58xBLE.a(gap_central.o)
                0x000000000000ec56                gapProcessAdvertDevInfo
 .text.gapProcessPeriodicAdvertisingSyncEstablishedEvt
                0x000000000000eea0       0x54 ../../LIB\libCH58xBLE.a(gap_central.o)
                0x000000000000eea0                gapProcessPeriodicAdvertisingSyncEstablishedEvt
 .text.gapProcessPeriodicAdvertisingSyncLostEvt
                0x000000000000eef4       0x4e ../../LIB\libCH58xBLE.a(gap_central.o)
                0x000000000000eef4                gapProcessPeriodicAdvertisingSyncLostEvt
 .text.gapFreeScanRecs
                0x000000000000ef42       0xa2 ../../LIB\libCH58xBLE.a(gap_central.o)
                0x000000000000ef42                gapFreeScanRecs
 .text.gapSendDevDiscEvent
                0x000000000000efe4      0x126 ../../LIB\libCH58xBLE.a(gap_central.o)
                0x000000000000efe4                gapSendDevDiscEvent
 .text.gapSetScanParamStatus
                0x000000000000f10a       0x58 ../../LIB\libCH58xBLE.a(gap_central.o)
 .text.gapCentProcessHCICmdEvt
                0x000000000000f162       0x3e ../../LIB\libCH58xBLE.a(gap_central.o)
                0x000000000000f162                gapCentProcessHCICmdEvt
 .text.gapProcessScanningEvt
                0x000000000000f1a0      0x120 ../../LIB\libCH58xBLE.a(gap_central.o)
                0x000000000000f1a0                gapProcessScanningEvt
 .text.gapProcessScanningDirectEvt
                0x000000000000f2c0       0xfe ../../LIB\libCH58xBLE.a(gap_central.o)
                0x000000000000f2c0                gapProcessScanningDirectEvt
 .text.gapProcessScanningExtAdvEvt
                0x000000000000f3be      0x1b6 ../../LIB\libCH58xBLE.a(gap_central.o)
                0x000000000000f3be                gapProcessScanningExtAdvEvt
 .text.GAP_CentConnRegister
                0x000000000000f574       0x1a ../../LIB\libCH58xBLE.a(gap_central.o)
                0x000000000000f574                GAP_CentConnRegister
 .text.GAP_CentralParamInit
                0x000000000000f58e       0x6a ../../LIB\libCH58xBLE.a(gap_central.o)
                0x000000000000f58e                GAP_CentralParamInit
 .text.GAP_CentDevMgrInit
                0x000000000000f5f8       0x98 ../../LIB\libCH58xBLE.a(gap_central.o)
                0x000000000000f5f8                GAP_CentDevMgrInit
 .text.gapFreeAdvertState
                0x000000000000f690       0x20 ../../LIB\libCH58xBLE.a(gap_peripheral.o)
 .text.gapSetPeriodicAdvParams
                0x000000000000f6b0       0x30 ../../LIB\libCH58xBLE.a(gap_peripheral.o)
 .text.gapSetAdvParams
                0x000000000000f6e0      0x190 ../../LIB\libCH58xBLE.a(gap_peripheral.o)
 .text.gapPeriProcessConnEvt
                0x000000000000f870       0xd8 ../../LIB\libCH58xBLE.a(gap_peripheral.o)
 .text.gapWriteAdvDataStatus
                0x000000000000f948       0x54 ../../LIB\libCH58xBLE.a(gap_peripheral.o)
 .text.GAP_MakeDiscoverable
                0x000000000000f99c       0xc6 ../../LIB\libCH58xBLE.a(gap_peripheral.o)
                0x000000000000f99c                GAP_MakeDiscoverable
 .text.GAP_EndDiscoverable
                0x000000000000fa62       0x6e ../../LIB\libCH58xBLE.a(gap_peripheral.o)
                0x000000000000fa62                GAP_EndDiscoverable
 .text.gapProcessAdvertisingEvt
                0x000000000000fad0      0x114 ../../LIB\libCH58xBLE.a(gap_peripheral.o)
 .text.GAP_MakePeriodic
                0x000000000000fbe4       0x2e ../../LIB\libCH58xBLE.a(gap_peripheral.o)
                0x000000000000fbe4                GAP_MakePeriodic
 .text.GAP_EndPeriodic
                0x000000000000fc12        0xc ../../LIB\libCH58xBLE.a(gap_peripheral.o)
                0x000000000000fc12                GAP_EndPeriodic
 .text.GAP_SetAdvertisingAdvData
                0x000000000000fc1e       0xfa ../../LIB\libCH58xBLE.a(gap_peripheral.o)
                0x000000000000fc1e                GAP_SetAdvertisingAdvData
 .text.GAP_SetAdvertisingRspData
                0x000000000000fd18       0xfa ../../LIB\libCH58xBLE.a(gap_peripheral.o)
                0x000000000000fd18                GAP_SetAdvertisingRspData
 .text.GAP_SetPeriodicAdvertisingData
                0x000000000000fe12       0xbc ../../LIB\libCH58xBLE.a(gap_peripheral.o)
                0x000000000000fe12                GAP_SetPeriodicAdvertisingData
 .text.GAP_GetAdvertisingAdvData
                0x000000000000fece       0x26 ../../LIB\libCH58xBLE.a(gap_peripheral.o)
                0x000000000000fece                GAP_GetAdvertisingAdvData
 .text.GAP_GetAdvertisingRspData
                0x000000000000fef4       0x34 ../../LIB\libCH58xBLE.a(gap_peripheral.o)
                0x000000000000fef4                GAP_GetAdvertisingRspData
 .text.GAP_GetPeriodicAdvertisingData
                0x000000000000ff28       0x34 ../../LIB\libCH58xBLE.a(gap_peripheral.o)
                0x000000000000ff28                GAP_GetPeriodicAdvertisingData
 .text.GAP_PeriConnRegister
                0x000000000000ff5c       0x2e ../../LIB\libCH58xBLE.a(gap_peripheral.o)
                0x000000000000ff5c                GAP_PeriConnRegister
 .text.GAP_PeripheralParamInit
                0x000000000000ff8a       0x58 ../../LIB\libCH58xBLE.a(gap_peripheral.o)
                0x000000000000ff8a                GAP_PeripheralParamInit
 .text.gapSendMakeDiscEvent
                0x000000000000ffe2       0x50 ../../LIB\libCH58xBLE.a(gap_peripheral.o)
                0x000000000000ffe2                gapSendMakeDiscEvent
 .text.gapWriteAdvEnableStatus
                0x0000000000010032      0x112 ../../LIB\libCH58xBLE.a(gap_peripheral.o)
 .text.gapSendMakePeriodicEvent
                0x0000000000010144       0x3a ../../LIB\libCH58xBLE.a(gap_peripheral.o)
                0x0000000000010144                gapSendMakePeriodicEvent
 .text.gapPeriProcessHCICmdCompleteEvt
                0x000000000001017e      0x180 ../../LIB\libCH58xBLE.a(gap_peripheral.o)
 .text.GAP_PeriDevMgrInit
                0x00000000000102fe       0x2e ../../LIB\libCH58xBLE.a(gap_peripheral.o)
                0x00000000000102fe                GAP_PeriDevMgrInit
 .text.ggs_SetAttrWPermit
                0x000000000001032c       0x68 ../../LIB\libCH58xBLE.a(gapgattserver.o)
 .text.ggs_ReadAttrCB
                0x0000000000010394      0x152 ../../LIB\libCH58xBLE.a(gapgattserver.o)
 .text.ggs_WriteAttrCB
                0x00000000000104e6      0x154 ../../LIB\libCH58xBLE.a(gapgattserver.o)
 .text.GGS_ParamInit
                0x000000000001063a      0x23a ../../LIB\libCH58xBLE.a(gapgattserver.o)
                0x000000000001063a                GGS_ParamInit
 .text.GGS_SetParameter
                0x0000000000010874       0xde ../../LIB\libCH58xBLE.a(gapgattserver.o)
                0x0000000000010874                GGS_SetParameter
 .text.GGS_AddService
                0x0000000000010952       0x2c ../../LIB\libCH58xBLE.a(gapgattserver.o)
                0x0000000000010952                GGS_AddService
 .text.GAP_DeviceInit
                0x000000000001097e       0xd8 ../../LIB\libCH58xBLE.a(gapgattserver.o)
                0x000000000001097e                GAP_DeviceInit
 .text.gattGetPayload
                0x0000000000010a56       0x7e ../../LIB\libCH58xBLE.a(gatt.o)
                0x0000000000010a56                gattGetPayload
 .text.gattNotifyEvent
                0x0000000000010ad4       0x80 ../../LIB\libCH58xBLE.a(gatt.o)
                0x0000000000010ad4                gattNotifyEvent
 .text.gattSendFlowCtrlEvt
                0x0000000000010b54       0x4a ../../LIB\libCH58xBLE.a(gatt.o)
                0x0000000000010b54                gattSendFlowCtrlEvt
 .text.gattStartTimer
                0x0000000000010b9e       0x96 ../../LIB\libCH58xBLE.a(gatt.o)
                0x0000000000010b9e                gattStartTimer
 .text.gattStopTimer
                0x0000000000010c34       0x32 ../../LIB\libCH58xBLE.a(gatt.o)
                0x0000000000010c34                gattStopTimer
 .text.GATT_AppCompletedMsg
                0x0000000000010c66       0x30 ../../LIB\libCH58xBLE.a(gatt.o)
                0x0000000000010c66                GATT_AppCompletedMsg
 .text.GATT_NotifyEvent
                0x0000000000010c96       0x4e ../../LIB\libCH58xBLE.a(gatt.o)
                0x0000000000010c96                GATT_NotifyEvent
 .text.gattRegisterServer
                0x0000000000010ce4        0x6 ../../LIB\libCH58xBLE.a(gatt.o)
                0x0000000000010ce4                gattRegisterServer
 .text.GATT_UpdateMTU
                0x0000000000010cea       0x5c ../../LIB\libCH58xBLE.a(gatt.o)
                0x0000000000010cea                GATT_UpdateMTU
 .text.GATT_bm_alloc
                0x0000000000010d46       0xe8 ../../LIB\libCH58xBLE.a(gatt.o)
                0x0000000000010d46                GATT_bm_alloc
 .text.GATT_ServiceChangedInd
                0x0000000000010e2e       0x94 ../../LIB\libCH58xBLE.a(gatt.o)
                0x0000000000010e2e                GATT_ServiceChangedInd
 .text.GATT_bm_free
                0x0000000000010ec2       0x1c ../../LIB\libCH58xBLE.a(gatt.o)
                0x0000000000010ec2                GATT_bm_free
 .text.GATT_RegisterForPeriMsgs
                0x0000000000010ede        0x6 ../../LIB\libCH58xBLE.a(gatt.o)
                0x0000000000010ede                GATT_RegisterForPeriMsgs
 .text.GATT_Init
                0x0000000000010ee4       0x34 ../../LIB\libCH58xBLE.a(gatt.o)
                0x0000000000010ee4                GATT_Init
 .text.GATT_ProcessEvent
                0x0000000000010f18      0x13a ../../LIB\libCH58xBLE.a(gatt.o)
                0x0000000000010f18                GATT_ProcessEvent
 .text.gattProcessExchangeMTUReq
                0x0000000000011052        0x4 ../../LIB\libCH58xBLE.a(gattservapp.o)
 .text.gattServApp_FindCharCfgItem
                0x0000000000011056       0x24 ../../LIB\libCH58xBLE.a(gattservapp.o)
 .text.gattServerHandleTimerCB
                0x000000000001107a       0x3c ../../LIB\libCH58xBLE.a(gattservapp.o)
 .text.gattProcessExecuteWriteReq
                0x00000000000110b6        0x4 ../../LIB\libCH58xBLE.a(gattservapp.o)
 .text.GATTServApp_ParamInit
                0x00000000000110ba       0xd8 ../../LIB\libCH58xBLE.a(gattservapp.o)
                0x00000000000110ba                GATTServApp_ParamInit
 .text.GATTServApp_ReadCharCfg
                0x0000000000011192       0x18 ../../LIB\libCH58xBLE.a(gattservapp.o)
                0x0000000000011192                GATTServApp_ReadCharCfg
 .text.GATTServApp_WriteCharCfg
                0x00000000000111aa       0x3c ../../LIB\libCH58xBLE.a(gattservapp.o)
                0x00000000000111aa                GATTServApp_WriteCharCfg
 .text.GATTServApp_ProcessCCCWriteReq
                0x00000000000111e6       0x60 ../../LIB\libCH58xBLE.a(gattservapp.o)
                0x00000000000111e6                GATTServApp_ProcessCCCWriteReq
 .text.gattServApp_WriteAttrCB
                0x0000000000011246       0x34 ../../LIB\libCH58xBLE.a(gattservapp.o)
                0x0000000000011246                gattServApp_WriteAttrCB
 .text.GATTServApp_SendCCCUpdatedEvent
                0x000000000001127a       0x5e ../../LIB\libCH58xBLE.a(gattservapp.o)
                0x000000000001127a                GATTServApp_SendCCCUpdatedEvent
 .text.GATTServApp_SendServiceChangedInd
                0x00000000000112d8       0x38 ../../LIB\libCH58xBLE.a(gattservapp.o)
                0x00000000000112d8                GATTServApp_SendServiceChangedInd
 .text.gattServApp_ClearPrepareWriteQ
                0x0000000000011310       0x4c ../../LIB\libCH58xBLE.a(gattservapp.o)
                0x0000000000011310                gattServApp_ClearPrepareWriteQ
 .text.gattServApp_FindPrepareWriteQ
                0x000000000001135c       0x32 ../../LIB\libCH58xBLE.a(gattservapp.o)
                0x000000000001135c                gattServApp_FindPrepareWriteQ
 .text.gattServApp_FindServiceCBs
                0x000000000001138e       0x18 ../../LIB\libCH58xBLE.a(gattservapp.o)
                0x000000000001138e                gattServApp_FindServiceCBs
 .text.gattServApp_FindAuthorizeAttrCB
                0x00000000000113a6       0x16 ../../LIB\libCH58xBLE.a(gattservapp.o)
                0x00000000000113a6                gattServApp_FindAuthorizeAttrCB
 .text.gattServApp_IsWriteLong
                0x00000000000113bc       0xe6 ../../LIB\libCH58xBLE.a(gattservapp.o)
                0x00000000000113bc                gattServApp_IsWriteLong
 .text.gattFindService
                0x00000000000114a2       0x1c ../../LIB\libCH58xBLE.a(gattservapp.o)
                0x00000000000114a2                gattFindService
 .text.GATT_ServiceNumAttrs
                0x00000000000114be       0x18 ../../LIB\libCH58xBLE.a(gattservapp.o)
                0x00000000000114be                GATT_ServiceNumAttrs
 .text.GATT_ServiceEncKeySize
                0x00000000000114d6       0x18 ../../LIB\libCH58xBLE.a(gattservapp.o)
                0x00000000000114d6                GATT_ServiceEncKeySize
 .text.GATT_VerifyWritePermissions.part.7
                0x00000000000114ee       0x2e ../../LIB\libCH58xBLE.a(gattservapp.o)
 .text.gattResetServerInfo
                0x000000000001151c       0x1c ../../LIB\libCH58xBLE.a(gattservapp.o)
                0x000000000001151c                gattResetServerInfo
 .text.gattFindServerInfo
                0x0000000000011538       0x44 ../../LIB\libCH58xBLE.a(gattservapp.o)
                0x0000000000011538                gattFindServerInfo
 .text.gattServerHandleConnStatusCB
                0x000000000001157c       0x98 ../../LIB\libCH58xBLE.a(gattservapp.o)
                0x000000000001157c                gattServerHandleConnStatusCB
 .text.gattServerProcessMsgCB
                0x0000000000011614      0x1c0 ../../LIB\libCH58xBLE.a(gattservapp.o)
                0x0000000000011614                gattServerProcessMsgCB
 .text.gattServerNotifyTxCB
                0x00000000000117d4       0x28 ../../LIB\libCH58xBLE.a(gattservapp.o)
 .text.GATT_FindHandle
                0x00000000000117fc       0x4a ../../LIB\libCH58xBLE.a(gattservapp.o)
                0x00000000000117fc                GATT_FindHandle
 .text.GATTServApp_WriteAttr
                0x0000000000011846       0xa8 ../../LIB\libCH58xBLE.a(gattservapp.o)
                0x0000000000011846                GATTServApp_WriteAttr
 .text.gattServApp_ProcessExecuteWriteReq
                0x00000000000118ee      0x100 ../../LIB\libCH58xBLE.a(gattservapp.o)
                0x00000000000118ee                gattServApp_ProcessExecuteWriteReq
 .text.GATTServApp_UpdateCharCfg
                0x00000000000119ee       0x1e ../../LIB\libCH58xBLE.a(gattservapp.o)
                0x00000000000119ee                GATTServApp_UpdateCharCfg
 .text.gattServApp_ProcessPrepareWriteReq
                0x0000000000011a0c      0x10e ../../LIB\libCH58xBLE.a(gattservapp.o)
                0x0000000000011a0c                gattServApp_ProcessPrepareWriteReq
 .text.gattServApp_ProcessWriteReq
                0x0000000000011b1a       0xb0 ../../LIB\libCH58xBLE.a(gattservapp.o)
                0x0000000000011b1a                gattServApp_ProcessWriteReq
 .text.GATT_Indication
                0x0000000000011bca       0xa4 ../../LIB\libCH58xBLE.a(gattservapp.o)
                0x0000000000011bca                GATT_Indication
 .text.GATT_FindHandleUUID
                0x0000000000011c6e       0x94 ../../LIB\libCH58xBLE.a(gattservapp.o)
                0x0000000000011c6e                GATT_FindHandleUUID
 .text.gattProcessReadByGrpTypeReq
                0x0000000000011d02       0x60 ../../LIB\libCH58xBLE.a(gattservapp.o)
 .text.gattProcessReadByTypeReq
                0x0000000000011d62       0x34 ../../LIB\libCH58xBLE.a(gattservapp.o)
 .text.gattProcessFindByTypeValueReq
                0x0000000000011d96       0x34 ../../LIB\libCH58xBLE.a(gattservapp.o)
 .text.gattProcessFindInfoReq
                0x0000000000011dca      0x1aa ../../LIB\libCH58xBLE.a(gattservapp.o)
 .text.GATT_Notification
                0x0000000000011f74       0x78 ../../LIB\libCH58xBLE.a(gattservapp.o)
                0x0000000000011f74                GATT_Notification
 .text.GATT_VerifyWritePermissions
                0x0000000000011fec       0x6a ../../LIB\libCH58xBLE.a(gattservapp.o)
                0x0000000000011fec                GATT_VerifyWritePermissions
 .text.gattProcessWriteReq
                0x0000000000012056       0x36 ../../LIB\libCH58xBLE.a(gattservapp.o)
 .text.GATT_VerifyPrepareWritePermissions
                0x000000000001208c       0x56 ../../LIB\libCH58xBLE.a(gattservapp.o)
                0x000000000001208c                GATT_VerifyPrepareWritePermissions
 .text.gattProcessPrepareWriteReq
                0x00000000000120e2       0x36 ../../LIB\libCH58xBLE.a(gattservapp.o)
 .text.GATT_FindNextAttr
                0x0000000000012118       0xc2 ../../LIB\libCH58xBLE.a(gattservapp.o)
                0x0000000000012118                GATT_FindNextAttr
 .text.GATTServApp_ReadAttr
                0x00000000000121da      0x2e2 ../../LIB\libCH58xBLE.a(gattservapp.o)
                0x00000000000121da                GATTServApp_ReadAttr
 .text.gattServApp_ProcessReadMultiReq
                0x00000000000124bc      0x16e ../../LIB\libCH58xBLE.a(gattservapp.o)
                0x00000000000124bc                gattServApp_ProcessReadMultiReq
 .text.gattServApp_ProcessFindByTypeValueReq
                0x000000000001262a      0x1a0 ../../LIB\libCH58xBLE.a(gattservapp.o)
                0x000000000001262a                gattServApp_ProcessFindByTypeValueReq
 .text.GATT_VerifyReadPermissions
                0x00000000000127ca       0x68 ../../LIB\libCH58xBLE.a(gattservapp.o)
                0x00000000000127ca                GATT_VerifyReadPermissions
 .text.gattProcessReadMultiReq
                0x0000000000012832       0xae ../../LIB\libCH58xBLE.a(gattservapp.o)
 .text.gattProcessReadReq
                0x00000000000128e0       0x30 ../../LIB\libCH58xBLE.a(gattservapp.o)
 .text.gattServApp_ProcessReadByGrpTypeReq
                0x0000000000012910      0x21c ../../LIB\libCH58xBLE.a(gattservapp.o)
                0x0000000000012910                gattServApp_ProcessReadByGrpTypeReq
 .text.gattServApp_ProcessReadByTypeReq
                0x0000000000012b2c      0x1ae ../../LIB\libCH58xBLE.a(gattservapp.o)
                0x0000000000012b2c                gattServApp_ProcessReadByTypeReq
 .text.GATT_RegisterService
                0x0000000000012cda       0xee ../../LIB\libCH58xBLE.a(gattservapp.o)
                0x0000000000012cda                GATT_RegisterService
 .text.GATTServApp_RegisterService
                0x0000000000012dc8       0x7c ../../LIB\libCH58xBLE.a(gattservapp.o)
                0x0000000000012dc8                GATTServApp_RegisterService
 .text.GATTServApp_AddService
                0x0000000000012e44       0x2c ../../LIB\libCH58xBLE.a(gattservapp.o)
                0x0000000000012e44                GATTServApp_AddService
 .text.GATTServApp_RegisterForMsg
                0x0000000000012e70        0x6 ../../LIB\libCH58xBLE.a(gattservapp.o)
                0x0000000000012e70                GATTServApp_RegisterForMsg
 .text.GATTServApp_InitCharCfg
                0x0000000000012e76       0x3e ../../LIB\libCH58xBLE.a(gattservapp.o)
                0x0000000000012e76                GATTServApp_InitCharCfg
 .text.gattServApp_HandleConnStatusCB
                0x0000000000012eb4       0x74 ../../LIB\libCH58xBLE.a(gattservapp.o)
                0x0000000000012eb4                gattServApp_HandleConnStatusCB
 .text.GATT_InitServer
                0x0000000000012f28       0x56 ../../LIB\libCH58xBLE.a(gattservapp.o)
                0x0000000000012f28                GATT_InitServer
 .text.GATTServApp_Init
                0x0000000000012f7e       0xb2 ../../LIB\libCH58xBLE.a(gattservapp.o)
                0x0000000000012f7e                GATTServApp_Init
 .text.GATTServApp_ProcessEvent
                0x0000000000013030      0x3a4 ../../LIB\libCH58xBLE.a(gattservapp.o)
                0x0000000000013030                GATTServApp_ProcessEvent
 .text.l2capAllocConnChannel
                0x00000000000133d4       0xdc ../../LIB\libCH58xBLE.a(l2cap.o)
                0x00000000000133d4                l2capAllocConnChannel
 .text.l2capFindLocalCID
                0x00000000000134b0       0x2c ../../LIB\libCH58xBLE.a(l2cap.o)
                0x00000000000134b0                l2capFindLocalCID
 .text.l2capFindLocalId
                0x00000000000134dc       0x30 ../../LIB\libCH58xBLE.a(l2cap.o)
                0x00000000000134dc                l2capFindLocalId
 .text.l2capFindPsm
                0x000000000001350c       0x30 ../../LIB\libCH58xBLE.a(l2cap.o)
                0x000000000001350c                l2capFindPsm
 .text.l2capFindRemoteCID
                0x000000000001353c       0x3c ../../LIB\libCH58xBLE.a(l2cap.o)
                0x000000000001353c                l2capFindRemoteCID
 .text.l2capFreeChannel
                0x0000000000013578       0x4a ../../LIB\libCH58xBLE.a(l2cap.o)
                0x0000000000013578                l2capFreeChannel
 .text.l2capDisconnectChannel
                0x00000000000135c2       0x28 ../../LIB\libCH58xBLE.a(l2cap.o)
                0x00000000000135c2                l2capDisconnectChannel