Archive member included to satisfy reference by file (symbol)

../../LIB\libISP583.a(ISP583.o)
                              ./subsys/HAL/MCU.o (FLASH_EEPROM_CMD)
../../LIB\libCH58xBLE.a(message.o)
                              ./subsys/sensor/sensor_task.o (tmos_msg_deallocate)
../../LIB\libCH58xBLE.a(tmos.o)
                              ../../LIB\libCH58xBLE.a(message.o) (gTmosPara)
../../LIB\libCH58xBLE.a(tmos_hw.o)
                              ../../LIB\libCH58xBLE.a(tmos.o) (RTC_Get32KClock)
../../LIB\libCH58xBLE.a(gap.o)
                              ./subsys/BLE/peripheral.o (GAP_SetParamValue)
../../LIB\libCH58xBLE.a(gap_central.o)
                              ../../LIB\libCH58xBLE.a(gap.o) (gapProcessPeriodicAdvertisingSyncEstablishedEvt)
../../LIB\libCH58xBLE.a(gap_peripheral.o)
                              ../../LIB\libCH58xBLE.a(gap.o) (GAP_PeripheralParamInit)
../../LIB\libCH58xBLE.a(gapgattserver.o)
                              ./subsys/BLE/peripheral.o (GGS_SetParameter)
../../LIB\libCH58xBLE.a(gatt.o)
                              ./subsys/BLE/profile/battservice.o (GATT_bm_alloc)
../../LIB\libCH58xBLE.a(gatt_uuid.o)
                              ./subsys/BLE/profile/battservice.o (reportRefUUID)
../../LIB\libCH58xBLE.a(gattclientapp.o)
                              ../../LIB\libCH58xBLE.a(gatt.o) (gattGetClientStatus)
../../LIB\libCH58xBLE.a(gattservapp.o)
                              ./subsys/BLE/profile/CTS_service.o (GATTServApp_ReadCharCfg)
../../LIB\libCH58xBLE.a(l2cap.o)
                              ../../LIB\libCH58xBLE.a(gatt.o) (L2CAP_GetMTU)
../../LIB\libCH58xBLE.a(l2cap_input.o)
                              ../../LIB\libCH58xBLE.a(l2cap.o) (l2capProcessRxData)
../../LIB\libCH58xBLE.a(l2cap_output.o)
                              ../../LIB\libCH58xBLE.a(l2cap_input.o) (l2capNotifyData)
../../LIB\libCH58xBLE.a(l2cap_sdu.o)
                              ../../LIB\libCH58xBLE.a(l2cap_input.o) (l2capBuildDisconnectRsp)
../../LIB\libCH58xBLE.a(linkdb.o)
                              ../../LIB\libCH58xBLE.a(l2cap.o) (linkDB_Init)
../../LIB\libCH58xBLE.a(sm.o)
                              ../../LIB\libCH58xBLE.a(gap.o) (smStartEncryption)
../../LIB\libCH58xBLE.a(host_input.o)
                              ../../LIB\libCH58xBLE.a(gap.o) (gBleHostPara)
../../LIB\libCH58xBLE.a(host_output.o)
                              ../../LIB\libCH58xBLE.a(gap.o) (HCI_DisconnectCmd)
../../LIB\libCH58xBLE.a(ll_connect.o)
                              ../../LIB\libCH58xBLE.a(tmos.o) (LL_GetNextConnectEventTime)
../../LIB\libCH58xBLE.a(ll_core.o)
                              ../../LIB\libCH58xBLE.a(ll_connect.o) (LL_CoreGetCore)
../../LIB\libCH58xBLE.a(ll_hop.o)
                              ../../LIB\libCH58xBLE.a(ll_connect.o) (LL_HopGetChannel)
../../LIB\libCH58xBLE.a(ll_master.o)
                              ../../LIB\libCH58xBLE.a(ll_connect.o) (ll_master_process)
../../LIB\libCH58xBLE.a(ll_pdu.o)
                              ../../LIB\libCH58xBLE.a(ll_master.o) (LL_ConnectionUpdateReq)
../../LIB\libCH58xBLE.a(ll_report.o)
                              ../../LIB\libCH58xBLE.a(ll_connect.o) (LL_ReportGenerateEvent)
../../LIB\libCH58xBLE.a(ll_scan.o)
                              ../../LIB\libCH58xBLE.a(ll_master.o) (LL_ScanEnable)
../../LIB\libCH58xBLE.a(ll_slave.o)
                              ../../LIB\libCH58xBLE.a(ll_connect.o) (ll_hw_timer_slave_recv_timeout)
../../LIB\libCH58xBLE.a(ll_whitelist.o)
                              ../../LIB\libCH58xBLE.a(ll_scan.o) (LL_WhitelistLookup)
../../LIB\libCH58xBLE.a(aes.o)
                              ../../LIB\libCH58xBLE.a(sm.o) (LL_Encrypt)
../../LIB\libCH58xBLE.a(bb.o)
                              ../../LIB\libCH58xBLE.a(ll_master.o) (gptrBBReg)
../../LIB\libCH58xBLE.a(ip.o)
                              ../../LIB\libCH58xBLE.a(tmos.o) (ll_rx_wait_finish)
../../LIB\libCH58xBLE.a(lle.o)
                              ../../LIB\libCH58xBLE.a(ll_connect.o) (gptrLLEReg)
../../LIB\libCH58xBLE.a(rf_fh.o)
                              ../../LIB\libCH58xBLE.a(tmos.o) (rfInfo)
../../LIB\libCH58xBLE.a(rfend.o)
                              ../../LIB\libCH58xBLE.a(ip.o) (RFEND_DevInit)
../../LIB\libCH58xBLE.a(api_c.o)
                              ../../LIB\libCH58xBLE.a(host_output.o) (API_DisconnectCmd)
../../LIB\libCH58xBLE.a(ctl_input.o)
                              ../../LIB\libCH58xBLE.a(api_c.o) (LL_ReceiverTest)
../../LIB\libCH58xBLE.a(ctl_output.o)
                              ../../LIB\libCH58xBLE.a(api_c.o) (HCI_SetEventMask)
../../LIB\libCH58xBLE.a(broadcaster.o)
                              ./subsys/BLE/peripheral.o (GAPRole_BroadcasterSetCB)
../../LIB\libCH58xBLE.a(gapbondmgr.o)
                              ../../LIB\libCH58xBLE.a(sm.o) (gapBond_Invalid)
../../LIB\libCH58xBLE.a(peripheral.o)
                              ./subsys/BLE/peripheral.o (GAPRole_PeripheralConnParamUpdateReq)
../../LIB\libCH58xBLE.a(role.o)
[...]
Memory Configuration

Name             Origin             Length             Attributes
FLASH            0x0000000000000000 0x0000000000070000 xr
RAM              0x0000000020000000 0x0000000000008000 xrw
*default*        0x0000000000000000 0xffffffffffffffff

Linker script and memory map

LOAD ./subsys/sensor/max30102/MAX30105.o
LOAD ./subsys/sensor/max30102/heartRate.o
LOAD ./subsys/sensor/max30102/sensor_max30102.o
LOAD ./subsys/sensor/max30102/spo2_algorithm.o
LOAD ./subsys/sensor/MPU9250/MPU9250.o
LOAD ./subsys/sensor/MPU9250/count_steps.o
LOAD ./subsys/sensor/MPU9250/quaternionFilters.o
LOAD ./subsys/sensor/MPU9250/sensor_MPU9250.o
LOAD ./subsys/sensor/sensor_task.o
LOAD ./subsys/LCD_show/ST7735S/ST7735_test.o
LOAD ./subsys/LCD_show/ST7735S/lcd.o
LOAD ./subsys/LCD_show/ST7735S/lcd_init.o
LOAD ./subsys/LCD_show/show_task.o
LOAD ./subsys/HAL/ADC.o
LOAD ./subsys/HAL/KEY.o
LOAD ./subsys/HAL/LED.o
LOAD ./subsys/HAL/MCU.o
LOAD ./subsys/HAL/RTC.o
LOAD ./subsys/HAL/SLEEP.o
LOAD ./subsys/DRV/DRV2605/Adafruit_DRV2605.o
LOAD ./subsys/DRV/DRV.o
LOAD ./subsys/BLE/profile/CTS_service.o
LOAD ./subsys/BLE/profile/battservice.o
LOAD ./subsys/BLE/profile/devinfoservice.o
LOAD ./subsys/BLE/profile/dfu_service.o
LOAD ./subsys/BLE/profile/gattprofile.o
LOAD ./subsys/BLE/profile/heartrateservice.o
LOAD ./subsys/BLE/CTS.o
LOAD ./subsys/BLE/battery.o
LOAD ./subsys/BLE/dfu.o
LOAD ./subsys/BLE/heartrate.o
LOAD ./subsys/BLE/peripheral.o
LOAD ./src/main.o
LOAD ./soc/soc.o
LOAD ./drivers/dfu/dfu_port.o
LOAD ./drivers/debug/DEBUG.o
LOAD ./drivers/SPI/mySPI.o
LOAD ./drivers/RingBuffer/lwrb.o
LOAD ./drivers/I2C/myi2c.o
LOAD ./drivers/I2C/twi.o
LOAD ./drivers/HAL_FLASH/easyflash.o
LOAD ./drivers/HAL_FLASH/ef_env.o
LOAD ./drivers/HAL_FLASH/ef_log.o
LOAD ./drivers/HAL_FLASH/ef_port.o
LOAD ./drivers/HAL_FLASH/ef_utils.o
LOAD ./arch/startup_CH583.o
LOAD ./StdPeriphDriver/CH58x_adc.o
LOAD ./StdPeriphDriver/CH58x_clk.o
LOAD ./StdPeriphDriver/CH58x_flash.o
LOAD ./StdPeriphDriver/CH58x_gpio.o
LOAD ./StdPeriphDriver/CH58x_i2c.o
LOAD ./StdPeriphDriver/CH58x_pwm.o
LOAD ./StdPeriphDriver/CH58x_pwr.o
LOAD ./StdPeriphDriver/CH58x_spi0.o
LOAD ./StdPeriphDriver/CH58x_spi1.o
LOAD ./StdPeriphDriver/CH58x_timer0.o
LOAD ./StdPeriphDriver/CH58x_timer1.o
LOAD ./StdPeriphDriver/CH58x_timer2.o
LOAD ./StdPeriphDriver/CH58x_timer3.o
LOAD ./StdPeriphDriver/CH58x_uart0.o
LOAD ./StdPeriphDriver/CH58x_uart1.o
LOAD ./StdPeriphDriver/CH58x_uart2.o
LOAD ./StdPeriphDriver/CH58x_uart3.o
LOAD ./StdPeriphDriver/CH58x_usb2dev.o
LOAD ./StdPeriphDriver/CH58x_usb2hostBase.o
LOAD ./StdPeriphDriver/CH58x_usb2hostClass.o
LOAD ./StdPeriphDriver/CH58x_usbdev.o
LOAD ./StdPeriphDriver/CH58x_usbhostBase.o
LOAD ./StdPeriphDriver/CH58x_usbhostClass.o
LOAD ../../LIB\libISP583.a
LOAD ../../LIB\libCH58xBLE.a
LOAD d:/mounriver_studio/toolchain/risc-v embedded gcc/bin/../lib/gcc/riscv-none-embed/8.2.0/../../../../riscv-none-embed/lib/rv32imac/ilp32\libstdc++_nano.a
LOAD d:/mounriver_studio/toolchain/risc-v embedded gcc/bin/../lib/gcc/riscv-none-embed/8.2.0/../../../../riscv-none-embed/lib/rv32imac/ilp32\libm.a
LOAD d:/mounriver_studio/toolchain/risc-v embedded gcc/bin/../lib/gcc/riscv-none-embed/8.2.0/rv32imac/ilp32\libgcc.a
LOAD d:/mounriver_studio/toolchain/risc-v embedded gcc/bin/../lib/gcc/riscv-none-embed/8.2.0/../../../../riscv-none-embed/lib/rv32imac/ilp32\libg_nano.a
LOAD d:/mounriver_studio/toolchain/risc-v embedded gcc/bin/../lib/gcc/riscv-none-embed/8.2.0/../../../../riscv-none-embed/lib/rv32imac/ilp32\libc_nano.a
LOAD d:/mounriver_studio/toolchain/risc-v embedded gcc/bin/../lib/gcc/riscv-none-embed/8.2.0/rv32imac/ilp32\libgcc.a
START GROUP
LOAD d:/mounriver_studio/toolchain/risc-v embedded gcc/bin/../lib/gcc/riscv-none-embed/8.2.0/rv32imac/ilp32\libgcc.a
LOAD d:/mounriver_studio/toolchain/risc-v embedded gcc/bin/../lib/gcc/riscv-none-embed/8.2.0/../../../../riscv-none-embed/lib/rv32imac/ilp32\libc_nano.a
LOAD d:/mounriver_studio/toolchain/risc-v embedded gcc/bin/../lib/gcc/riscv-none-embed/8.2.0/../../../../riscv-none-embed/lib/rv32imac/ilp32\libnosys.a
END GROUP
START GROUP
LOAD d:/mounriver_studio/toolchain/risc-v embedded gcc/bin/../lib/gcc/riscv-none-embed/8.2.0/rv32imac/ilp32\libgcc.a
LOAD d:/mounriver_studio/toolchain/risc-v embedded gcc/bin/../lib/gcc/riscv-none-embed/8.2.0/../../../../riscv-none-embed/lib/rv32imac/ilp32\libc_nano.a
LOAD d:/mounriver_studio/toolchain/risc-v embedded gcc/bin/../lib/gcc/riscv-none-embed/8.2.0/../../../../riscv-none-embed/lib/rv32imac/ilp32\libnosys.a
END GROUP

.init           0x0000000000000000        0x4
                0x0000000000000000                _sinit = .
                0x0000000000000000                . = ALIGN (0x4)
 *(SORT_NONE(.init))
 .init          0x0000000000000000        0x4 ./arch/startup_CH583.o
                0x0000000000000000                _start
                0x0000000000000004                . = ALIGN (0x4)
                0x0000000000000004                _einit = .

.highcodecopylalign
                0x0000000000000004        0x0
                0x0000000000000004                . = ALIGN (0x4)
                0x0000000000000004                PROVIDE (_highcode_copy_lma = .)

.highcode_copy  0x0000000020000000      0x118 load address 0x0000000000000004
                0x0000000020000000                . = ALIGN (0x4)
                0x0000000020000000                PROVIDE (_highcode_copy_start = .)
 *(.highcode_copy)
 .highcode_copy
                0x0000000020000000      0x118 ./soc/soc.o
                0x000000002000002c                mySysInit
 *(.highcode_copy.*)
                0x0000000020000118                PROVIDE (_highcode_copy_end = .)

.highcodelalign
                0x000000000000011c        0x0
                0x000000000000011c                . = ALIGN (0x4)
 *fill*         0x000000000000011c        0x0 
                0x000000000000011c                PROVIDE (_highcode_lma = .)

.highcode       0x0000000020000118     0x3138 load address 0x000000000000011c
                0x0000000020000118                . = ALIGN (0x4)
 *fill*         0x0000000020000118        0x0 
                0x0000000020000118                PROVIDE (_highcode_vma_start = .)
 *(.vector)
 .vector        0x0000000020000118       0x90 ./arch/startup_CH583.o
 *(SORT_NONE(.vector_handler))
 .vector_handler
                0x00000000200001a8       0x36 ./arch/startup_CH583.o
                0x00000000200001ac                Ecall_M_Mode_Handler
                0x00000000200001ae                Ecall_U_Mode_Handler
                0x00000000200001b0                Break_Point_Handler
                0x00000000200001b4                SW_Handler
                0x00000000200001b6                TMR0_IRQHandler
                0x00000000200001b8                GPIOA_IRQHandler
                0x00000000200001be                BB_IRQHandler
                0x00000000200001c0                LLE_IRQHandler
                0x00000000200001c2                USB_IRQHandler
                0x00000000200001c4                USB2_IRQHandler
                0x00000000200001c6                TMR1_IRQHandler
                0x00000000200001c8                TMR2_IRQHandler
                0x00000000200001ca                UART0_IRQHandler
                0x00000000200001cc                UART1_IRQHandler
                0x00000000200001d0                ADC_IRQHandler
                0x00000000200001d4                PWMX_IRQHandler
                0x00000000200001d6                TMR3_IRQHandler
                0x00000000200001d8                UART2_IRQHandler
                0x00000000200001da                UART3_IRQHandler
                0x00000000200001dc                WDOG_BAT_IRQHandler
 *(.highcode)
 .highcode      0x00000000200001de      0x196 ./subsys/sensor/max30102/sensor_max30102.o
                0x00000000200001de                read_HeartRate(float*, int*)
 .highcode      0x0000000020000374      0x47e ./subsys/LCD_show/ST7735S/lcd.o
                0x0000000020000374                LCD_ShowChar
                0x00000000200004e6                LCD_ShowString
                0x0000000020000540                mypow
                0x000000002000055a                LCD_ShowIntNum0
                0x000000002000061e                LCD_ShowIntNum
                0x00000000200006e2                LCD_ShowPicture
                0x0000000020000760                LCD_Showtest
 .highcode      0x00000000200007f2       0xe6 ./subsys/LCD_show/ST7735S/lcd_init.o
                0x00000000200007f2                LCD_Writ_Bus
                0x000000002000081e                LCD_WR_buf
                0x000000002000084a                LCD_WR_DATA8
                0x000000002000084c                LCD_WR_DATA
                0x0000000020000864                LCD_WR_REG
                0x0000000020000890                LCD_Address_Set
 .highcode      0x00000000200008d8       0x10 ./subsys/HAL/KEY.o
                0x00000000200008d8                GPIOB_IRQHandler
 .highcode      0x00000000200008e8       0x16 ./subsys/HAL/RTC.o
                0x00000000200008e8                RTC_IRQHandler
 .highcode      0x00000000200008fe      0x24a ./soc/soc.o
                0x00000000200008fe                SetSysClock
                0x0000000020000a0e                SYS_ResetExecute
                0x0000000020000a5e                HardFault_Handler
                0x0000000020000aac                NMI_Handler
                0x0000000020000afa                SysTick_Handler
                0x0000000020000b12                mDelayuS
                0x0000000020000b20                mDelaymS
 .highcode      0x0000000020000b48       0x8e ./drivers/SPI/mySPI.o
                0x0000000020000b48                MySPIsendbuf
                0x0000000020000b94                MySPIsenddata
                0x0000000020000baa                SPI0_IRQHandler
 .highcode      0x0000000020000bd6      0x6cc ./drivers/I2C/twi.o
                0x0000000020000bd6                twi_readFrom
                0x0000000020000cec                twi_writeTo
                0x0000000020000dde                I2C_IRQHandler
 .highcode      0x00000000200012a2      0x2a0 ./StdPeriphDriver/CH58x_pwr.o
                0x00000000200012a2                LowPower_Idle
                0x00000000200012e0                LowPower_Halt
                0x0000000020001394                LowPower_Sleep
                0x000000002000145e                LowPower_Shutdown
 .highcode      0x0000000020001542      0x424 ../../LIB\libISP583.a(ISP583.o)
                0x0000000020001542                FLASH_ROM_BEG
                0x0000000020001552                FLASH_ROM_END
                0x0000000020001560                FLASH_ROM_IN
                0x000000002000156e                FLASH_ROM_OUT
                0x000000002000157c                FLASH_ROM_ADDR
                0x00000000200015c4                FLASH_ROM_WAIT
                0x00000000200015fc                FLASH_EEPROM_CMD
 .highcode      0x0000000020001966      0x4b4 ../../LIB\libCH58xBLE.a(tmos.o)
                0x0000000020001966                tmos_proces_sleep
                0x0000000020001ab6                tmos_memcpy
                0x0000000020001ad6                tmos_memcpy_word
                0x0000000020001aee                tmos_memcmp
                0x0000000020001b1c                tmos_proces_system_time
                0x0000000020001c68                TMOS_SystemProcess
 .highcode      0x0000000020001e1a       0x4a ../../LIB\libCH58xBLE.a(tmos_hw.o)
                0x0000000020001e1a                BLE_GetHSEClock
                0x0000000020001e4c                RTC_Get32KClock
 .highcode      0x0000000020001e64      0x71c ../../LIB\libCH58xBLE.a(ll_connect.o)
                0x0000000020001e64                ll_connect_send_data
                0x0000000020001f72                ll_connect_recv_data
                0x000000002000204a                ll_connect_event_continue
                0x0000000020002144                ll_connect_process_event
 .highcode      0x0000000020002580      0x314 ../../LIB\libCH58xBLE.a(ll_hop.o)
                0x0000000020002580                LL_HopGetChannel
                0x000000002000262a                LL_HopGetChannel2
 .highcode      0x0000000020002894       0x4e ../../LIB\libCH58xBLE.a(ll_whitelist.o)
                0x0000000020002894                LL_WhitelistLookup
 .highcode      0x00000000200028e2      0x130 ../../LIB\libCH58xBLE.a(bb.o)
                0x00000000200028e2                BB_RAM_IRQHandler
 .highcode      0x0000000020002a12      0x32c ../../LIB\libCH58xBLE.a(ip.o)
                0x0000000020002a12                ll_rx_wait_finish
                0x0000000020002a34                ble_ll_chkcrc
                0x0000000020002ab4                BLE_CheckHoppingMap
                0x0000000020002c06                ll_tx_wait_finish
 .highcode      0x0000000020002d3e      0x1d2 ../../LIB\libCH58xBLE.a(rf_fh.o)
                0x0000000020002d3e                RF_HopGetChannel
                0x0000000020002dc0                RF_FrequencyHoppingGet
                0x0000000020002e76                RF_FrequencyHoppingChange
 .highcode      0x0000000020002f10       0x30 ../../LIB\libCH58xBLE.a(rfend.o)
                0x0000000020002f10                RFEND_WaitTune
 .highcode      0x0000000020002f40      0x1d8 ../../LIB\libCH58xBLE.a(memory.o)
                0x0000000020002f40                tmos_memory_allocate
                0x0000000020003038                tmos_memory_free
 .highcode      0x0000000020003118      0x138 ../../LIB\libCH58xBLE.a(ll_resolvinglist.o)
                0x0000000020003118                LL_ResolvinglistPeerIdentifyAddressGetIrk
                0x000000002000316c                LL_ResolvinglistPeerRpaAddressGetIrk
                0x00000000200031ae                LL_ResolvinglistLocalRpaAddressGetIrk
                0x00000000200031f0                LL_ResolvinglistCheckPeerResolution
 *(.highcode.*)
                0x0000000020003250                . = ALIGN (0x4)
 *fill*         0x0000000020003250        0x0 
                0x0000000020003250                PROVIDE (_highcode_vma_end = .)

.text           0x0000000000003258    0x473ec
                0x0000000000003258                . = ALIGN (0x4)
 *(SORT_NONE(.handle_reset))
 .handle_reset  0x0000000000003258       0x80 ./arch/startup_CH583.o
                0x0000000000003258                handle_reset
 *(.text)
 .text          0x00000000000032d8       0xa8 d:/mounriver_studio/toolchain/risc-v embedded gcc/bin/../lib/gcc/riscv-none-embed/8.2.0/../../../../riscv-none-embed/lib/rv32imac/ilp32\libg_nano.a(lib_a-memset.o)
                0x00000000000032d8                memset
 .text          0x0000000000003380      0x11e d:/mounriver_studio/toolchain/risc-v embedded gcc/bin/../lib/gcc/riscv-none-embed/8.2.0/../../../../riscv-none-embed/lib/rv32imac/ilp32\libg_nano.a(lib_a-strcmp.o)
                0x0000000000003380                strcmp
 *(.text.*)
 .text._ZN8MAX30105C2Ev
                0x000000000000349e        0x2 ./subsys/sensor/max30102/MAX30105.o
                0x000000000000349e                MAX30105::MAX30105()
                0x000000000000349e                MAX30105::MAX30105()
 .text._ZN8MAX301059availableEv
                0x00000000000034a0       0x26 ./subsys/sensor/max30102/MAX30105.o
                0x00000000000034a0                MAX30105::available()
 .text._ZN8MAX3010510nextSampleEv
                0x00000000000034c6       0x20 ./subsys/sensor/max30102/MAX30105.o
                0x00000000000034c6                MAX30105::nextSample()
 .text._ZN8MAX3010513readRegister8Ehh
                0x00000000000034e6       0x50 ./subsys/sensor/max30102/MAX30105.o
                0x00000000000034e6                MAX30105::readRegister8(unsigned char, unsigned char)
 .text._ZN8MAX3010515getWritePointerEv
                0x0000000000003536        0x8 ./subsys/sensor/max30102/MAX30105.o
                0x0000000000003536                MAX30105::getWritePointer()
 .text._ZN8MAX3010514getReadPointerEv
                0x000000000000353e        0x8 ./subsys/sensor/max30102/MAX30105.o
                0x000000000000353e                MAX30105::getReadPointer()
 .text._ZN8MAX301055checkEv
                0x0000000000003546      0x16e ./subsys/sensor/max30102/MAX30105.o
                0x0000000000003546                MAX30105::check()
 .text._ZN8MAX301059safeCheckEh
                0x00000000000036b4       0x4a ./subsys/sensor/max30102/MAX30105.o
                0x00000000000036b4                MAX30105::safeCheck(unsigned char)
 .text._ZN8MAX301056getRedEv
                0x00000000000036fe       0x26 ./subsys/sensor/max30102/MAX30105.o
                0x00000000000036fe                MAX30105::getRed()
 .text._ZN8MAX301055getIREv
                0x0000000000003724       0x28 ./subsys/sensor/max30102/MAX30105.o
                0x0000000000003724                MAX30105::getIR()
 .text._ZN8MAX301058getGreenEv
                0x000000000000374c       0x28 ./subsys/sensor/max30102/MAX30105.o
                0x000000000000374c                MAX30105::getGreen()
 .text._ZN8MAX3010510readPartIDEv
                0x0000000000003774        0xa ./subsys/sensor/max30102/MAX30105.o
                0x0000000000003774                MAX30105::readPartID()
 .text._ZN8MAX3010514readRevisionIDEv
                0x000000000000377e       0x1e ./subsys/sensor/max30102/MAX30105.o
                0x000000000000377e                MAX30105::readRevisionID()
 .text._ZN8MAX301055beginER7TwoWiremh
                0x000000000000379c       0x34 ./subsys/sensor/max30102/MAX30105.o
                0x000000000000379c                MAX30105::begin(TwoWire&, unsigned long, unsigned char)
 .text._ZN8MAX3010514writeRegister8Ehhh
                0x00000000000037d0       0x32 ./subsys/sensor/max30102/MAX30105.o
                0x00000000000037d0                MAX30105::writeRegister8(unsigned char, unsigned char, unsigned char)
 .text._ZN8MAX3010520setPulseAmplitudeRedEh
                0x0000000000003802        0xa ./subsys/sensor/max30102/MAX30105.o
                0x0000000000003802                MAX30105::setPulseAmplitudeRed(unsigned char)
 .text._ZN8MAX3010519setPulseAmplitudeIREh
                0x000000000000380c        0xa ./subsys/sensor/max30102/MAX30105.o
                0x000000000000380c                MAX30105::setPulseAmplitudeIR(unsigned char)
 .text._ZN8MAX3010522setPulseAmplitudeGreenEh
                0x0000000000003816        0xa ./subsys/sensor/max30102/MAX30105.o
                0x0000000000003816                MAX30105::setPulseAmplitudeGreen(unsigned char)
 .text._ZN8MAX3010526setPulseAmplitudeProximityEh
                0x0000000000003820        0xa ./subsys/sensor/max30102/MAX30105.o
                0x0000000000003820                MAX30105::setPulseAmplitudeProximity(unsigned char)
 .text._ZN8MAX3010512disableSlotsEv
                0x000000000000382a       0x24 ./subsys/sensor/max30102/MAX30105.o
                0x000000000000382a                MAX30105::disableSlots()
 .text._ZN8MAX301059clearFIFOEv
                0x000000000000384e       0x30 ./subsys/sensor/max30102/MAX30105.o
                0x000000000000384e                MAX30105::clearFIFO()
 .text._ZN8MAX3010515readTemperatureEv
                0x000000000000387e       0xa4 ./subsys/sensor/max30102/MAX30105.o
                0x000000000000387e                MAX30105::readTemperature()
 .text._ZN8MAX3010516readTemperatureFEv
                0x0000000000003922       0x50 ./subsys/sensor/max30102/MAX30105.o
                0x0000000000003922                MAX30105::readTemperatureF()
 .text._ZN8MAX301057bitMaskEhhh
                0x0000000000003972       0x34 ./subsys/sensor/max30102/MAX30105.o
                0x0000000000003972                MAX30105::bitMask(unsigned char, unsigned char, unsigned char)
 .text._ZN8MAX301059softResetEv
                0x00000000000039a6       0x6a ./subsys/sensor/max30102/MAX30105.o
                0x00000000000039a6                MAX30105::softReset()
 .text._ZN8MAX301058shutDownEv
                0x0000000000003a10        0xc ./subsys/sensor/max30102/MAX30105.o
                0x0000000000003a10                MAX30105::shutDown()
 .text._ZN8MAX301056wakeUpEv
                0x0000000000003a1c        0xa ./subsys/sensor/max30102/MAX30105.o
                0x0000000000003a1c                MAX30105::wakeUp()
 .text._ZN8MAX3010510setLEDModeEh
                0x0000000000003a26        0xa ./subsys/sensor/max30102/MAX30105.o
                0x0000000000003a26                MAX30105::setLEDMode(unsigned char)
 .text._ZN8MAX3010511setADCRangeEh
                0x0000000000003a30        0xa ./subsys/sensor/max30102/MAX30105.o
                0x0000000000003a30                MAX30105::setADCRange(unsigned char)
 .text._ZN8MAX3010513setSampleRateEh
                0x0000000000003a3a        0xa ./subsys/sensor/max30102/MAX30105.o
                0x0000000000003a3a                MAX30105::setSampleRate(unsigned char)
 .text._ZN8MAX3010513setPulseWidthEh
                0x0000000000003a44        0xa ./subsys/sensor/max30102/MAX30105.o
                0x0000000000003a44                MAX30105::setPulseWidth(unsigned char)
 .text._ZN8MAX3010514setFIFOAverageEh
                0x0000000000003a4e        0x8 ./subsys/sensor/max30102/MAX30105.o
                0x0000000000003a4e                MAX30105::setFIFOAverage(unsigned char)
 .text._ZN8MAX3010518enableFIFORolloverEv
                0x0000000000003a56        0xa ./subsys/sensor/max30102/MAX30105.o
                0x0000000000003a56                MAX30105::enableFIFORollover()
 .text._ZN8MAX3010510enableSlotEhh
                0x0000000000003a60       0x4c ./subsys/sensor/max30102/MAX30105.o
                0x0000000000003a60                MAX30105::enableSlot(unsigned char, unsigned char)
 .text._ZN8MAX301055setupEhhhiii
                0x0000000000003aac      0x188 ./subsys/sensor/max30102/MAX30105.o
                0x0000000000003aac                MAX30105::setup(unsigned char, unsigned char, unsigned char, int, int, int)
 .text._Z18averageDCEstimatorPlt
                0x0000000000003c34       0x16 ./subsys/sensor/max30102/heartRate.o
                0x0000000000003c34                averageDCEstimator(long*, unsigned short)
 .text._Z16lowPassFIRFilters
                0x0000000000003c4a       0x78 ./subsys/sensor/max30102/heartRate.o
                0x0000000000003c4a                lowPassFIRFilter(short)
 .text._Z12checkForBeatl
                0x0000000000003cc2       0xc8 ./subsys/sensor/max30102/heartRate.o
                0x0000000000003cc2                checkForBeat(long)
 .text._Z13setupMax30102v
                0x0000000000003d8a       0x40 ./subsys/sensor/max30102/sensor_max30102.o
                0x0000000000003d8a                setupMax30102()
 .text._Z12shutMax30102v
                0x0000000000003dca       0x1a ./subsys/sensor/max30102/sensor_max30102.o
                0x0000000000003dca                shutMax30102()
 .text._Z12WakeMax30102v
                0x0000000000003de4       0x1a ./subsys/sensor/max30102/sensor_max30102.o
                0x0000000000003de4                WakeMax30102()
 .text._Z9read_SPO2v
                0x0000000000003dfe      0x200 ./subsys/sensor/max30102/sensor_max30102.o
                0x0000000000003dfe                read_SPO2()
 .text.startup._GLOBAL__sub_I_particleSensor
                0x0000000000003ffe        0x8 ./subsys/sensor/max30102/sensor_max30102.o
 .text.maxim_peaks_above_min_height
                0x0000000000004006       0x6e ./subsys/sensor/max30102/spo2_algorithm.o
                0x0000000000004006                maxim_peaks_above_min_height
 .text.maxim_sort_ascend
                0x0000000000004074       0x34 ./subsys/sensor/max30102/spo2_algorithm.o
                0x0000000000004074                maxim_sort_ascend
 .text.maxim_sort_indices_descend
                0x00000000000040a8       0x48 ./subsys/sensor/max30102/spo2_algorithm.o
                0x00000000000040a8                maxim_sort_indices_descend
 .text.maxim_remove_close_peaks
                0x00000000000040f0       0x7a ./subsys/sensor/max30102/spo2_algorithm.o
                0x00000000000040f0                maxim_remove_close_peaks
 .text.maxim_find_peaks
                0x000000000000416a       0x3a ./subsys/sensor/max30102/spo2_algorithm.o
                0x000000000000416a                maxim_find_peaks
 .text.maxim_heart_rate_and_oxygen_saturation
                0x00000000000041a4      0x2ca ./subsys/sensor/max30102/spo2_algorithm.o
                0x00000000000041a4                maxim_heart_rate_and_oxygen_saturation
 .text._ZN7MPU92509writeByteEhhh.constprop.0
                0x000000000000446e       0x38 ./subsys/sensor/MPU9250/MPU9250.o
 .text._ZN7MPU92507getMresEv
                0x00000000000044a6       0x26 ./subsys/sensor/MPU9250/MPU9250.o
                0x00000000000044a6                MPU9250::getMres()
 .text._ZN7MPU92507getGresEv
                0x00000000000044cc       0x46 ./subsys/sensor/MPU9250/MPU9250.o
                0x00000000000044cc                MPU9250::getGres()
 .text._ZN7MPU92507getAresEv
                0x0000000000004512       0x46 ./subsys/sensor/MPU9250/MPU9250.o
                0x0000000000004512                MPU9250::getAres()
 .text._ZN7MPU925010updateTimeEv
                0x0000000000004558       0x48 ./subsys/sensor/MPU9250/MPU9250.o
                0x0000000000004558                MPU9250::updateTime()
 .text._ZN7MPU92509writeByteEhhh
                0x00000000000045a0       0x34 ./subsys/sensor/MPU9250/MPU9250.o
                0x00000000000045a0                MPU9250::writeByte(unsigned char, unsigned char, unsigned char)
 .text._ZN7MPU92508readByteEhh
                0x00000000000045d4       0x48 ./subsys/sensor/MPU9250/MPU9250.o
                0x00000000000045d4                MPU9250::readByte(unsigned char, unsigned char)
 .text._ZN7MPU92508writeBitEhhhh
                0x000000000000461c       0x64 ./subsys/sensor/MPU9250/MPU9250.o
                0x000000000000461c                MPU9250::writeBit(unsigned char, unsigned char, unsigned char, unsigned char)
 .text._ZN7MPU925015setSleepEnabledEb
                0x0000000000004680        0xe ./subsys/sensor/MPU9250/MPU9250.o
                0x0000000000004680                MPU9250::setSleepEnabled(bool)
 .text._ZN7MPU925011initMPU9250Ev
                0x000000000000468e       0xd2 ./subsys/sensor/MPU9250/MPU9250.o
                0x000000000000468e                MPU9250::initMPU9250()
 .text._ZN7MPU92509readBytesEhhhPh
                0x0000000000004760       0x6e ./subsys/sensor/MPU9250/MPU9250.o
                0x0000000000004760                MPU9250::readBytes(unsigned char, unsigned char, unsigned char, unsigned char*)
 .text._ZN7MPU925013readAccelDataEPs
                0x00000000000047ce       0x4e ./subsys/sensor/MPU9250/MPU9250.o
                0x00000000000047ce                MPU9250::readAccelData(short*)
 .text._ZN7MPU925012readGyroDataEPs
                0x000000000000481c       0x4e ./subsys/sensor/MPU9250/MPU9250.o
                0x000000000000481c                MPU9250::readGyroData(short*)
 .text._ZN7MPU925011readMagDataEPs
                0x000000000000486a       0x64 ./subsys/sensor/MPU9250/MPU9250.o
                0x000000000000486a                MPU9250::readMagData(short*)
 .text._ZN7MPU925012readTempDataEv
                0x00000000000048ce       0x28 ./subsys/sensor/MPU9250/MPU9250.o
                0x00000000000048ce                MPU9250::readTempData()
 .text._ZN7MPU925010initAK8963EPf
                0x00000000000048f6      0x122 ./subsys/sensor/MPU9250/MPU9250.o
                0x00000000000048f6                MPU9250::initAK8963(float*)
 .text._ZN7MPU925016calibrateMPU9250EPfS0_
                0x0000000000004a18      0x484 ./subsys/sensor/MPU9250/MPU9250.o
                0x0000000000004a18                MPU9250::calibrateMPU9250(float*, float*)
 .text._ZN7MPU925015MPU9250SelfTestEPf
                0x0000000000004e9c      0x4d4 ./subsys/sensor/MPU9250/MPU9250.o
                0x0000000000004e9c                MPU9250::MPU9250SelfTest(float*)
 .text.count_steps
                0x0000000000005370      0x3d4 ./subsys/sensor/MPU9250/count_steps.o
                0x0000000000005370                count_steps
 .text._Z24MadgwickQuaternionUpdateffffffffff
                0x0000000000005744      0x9b8 ./subsys/sensor/MPU9250/quaternionFilters.o
                0x0000000000005744                MadgwickQuaternionUpdate(float, float, float, float, float, float, float, float, float, float)
 .text._Z22MahonyQuaternionUpdateffffffffff
                0x00000000000060fc      0x5f6 ./subsys/sensor/MPU9250/quaternionFilters.o
                0x00000000000060fc                MahonyQuaternionUpdate(float, float, float, float, float, float, float, float, float, float)
 .text._Z4getQv
                0x00000000000066f2        0xa ./subsys/sensor/MPU9250/quaternionFilters.o
                0x00000000000066f2                getQ()
 .text.startup._GLOBAL__sub_I__Z24MadgwickQuaternionUpdateffffffffff
                0x00000000000066fc       0x12 ./subsys/sensor/MPU9250/quaternionFilters.o
 .text._Z12setupMPU9250v
                0x000000000000670e      0x2c0 ./subsys/sensor/MPU9250/sensor_MPU9250.o
                0x000000000000670e                setupMPU9250()
 .text._Z12sleepMPU9250v
                0x00000000000069ce        0xa ./subsys/sensor/MPU9250/sensor_MPU9250.o
                0x00000000000069ce                sleepMPU9250()
 .text._Z11WakeMPU9250v
                0x00000000000069d8        0xa ./subsys/sensor/MPU9250/sensor_MPU9250.o
                0x00000000000069d8                WakeMPU9250()
 .text._Z16readMPU9250_stepPa
                0x00000000000069e2      0x1dc ./subsys/sensor/MPU9250/sensor_MPU9250.o
                0x00000000000069e2                readMPU9250_step(signed char*)
 .text._Z11readMPU9250v
                0x0000000000006bbe      0x466 ./subsys/sensor/MPU9250/sensor_MPU9250.o
                0x0000000000006bbe                readMPU9250()
 .text.startup._GLOBAL__sub_I_IMU
                0x0000000000007024       0x56 ./subsys/sensor/MPU9250/sensor_MPU9250.o
 .text._Z19Sensor_ProcessEventht
                0x000000000000707a      0x2c2 ./subsys/sensor/sensor_task.o
                0x000000000000707a                Sensor_ProcessEvent(unsigned char, unsigned short)
 .text._Z16Sensor_Task_Initv
                0x000000000000733c       0x38 ./subsys/sensor/sensor_task.o
                0x000000000000733c                Sensor_Task_Init()
 .text.startup._GLOBAL__sub_I_Sensor_TaskID
                0x0000000000007374       0x12 ./subsys/sensor/sensor_task.o
 .text.LCD_Fill
                0x0000000000007386       0x64 ./subsys/LCD_show/ST7735S/lcd.o
                0x0000000000007386                LCD_Fill
 .text.LCD_DrawPoint
                0x00000000000073ea       0x24 ./subsys/LCD_show/ST7735S/lcd.o
                0x00000000000073ea                LCD_DrawPoint
 .text.LCD_GPIO_Init
                0x000000000000740e       0x34 ./subsys/LCD_show/ST7735S/lcd_init.o
                0x000000000000740e                LCD_GPIO_Init
 .text.LCD_Init
                0x0000000000007442      0x398 ./subsys/LCD_show/ST7735S/lcd_init.o
                0x0000000000007442                LCD_Init
 .text.Show_ProcessEvent
                0x00000000000077da      0x5f4 ./subsys/LCD_show/show_task.o
                0x00000000000077da                Show_ProcessEvent
 .text.Show_Task_Init
                0x0000000000007dce       0x64 ./subsys/LCD_show/show_task.o
                0x0000000000007dce                Show_Task_Init
 .text.HalAdcInit
                0x0000000000007e32        0x8 ./subsys/HAL/ADC.o
                0x0000000000007e32                HalAdcInit
 .text.HalAdcRead
                0x0000000000007e3a       0x72 ./subsys/HAL/ADC.o
                0x0000000000007e3a                HalAdcRead
 .text.HalKeyConfig
                0x0000000000007eac       0x3e ./subsys/HAL/KEY.o
                0x0000000000007eac                HalKeyConfig
 .text.HAL_KeyInit
                0x0000000000007eea       0x8c ./subsys/HAL/KEY.o
                0x0000000000007eea                HAL_KeyInit
 .text.OnBoard_SendKeys
                0x0000000000007f76       0x56 ./subsys/HAL/KEY.o
                0x0000000000007f76                OnBoard_SendKeys
 .text.HalKeyCallback
                0x0000000000007fcc       0x74 ./subsys/HAL/KEY.o
                0x0000000000007fcc                HalKeyCallback
 .text.HalKeyRead
                0x0000000000008040        0xe ./subsys/HAL/KEY.o
                0x0000000000008040                HalKeyRead
 .text.HAL_KeyPoll
                0x000000000000804e       0x36 ./subsys/HAL/KEY.o
                0x000000000000804e                HAL_KeyPoll
 .text.Lib_Read_Flash
                0x0000000000008084       0x1c ./subsys/HAL/MCU.o
                0x0000000000008084                Lib_Read_Flash
 .text.Lib_Write_Flash
                0x00000000000080a0       0x42 ./subsys/HAL/MCU.o
                0x00000000000080a0                Lib_Write_Flash
 .text.HAL_GetInterTempValue
                0x00000000000080e2       0x72 ./subsys/HAL/MCU.o
                0x00000000000080e2                HAL_GetInterTempValue
 .text.CH58X_BLEInit
                0x0000000000008154       0xf0 ./subsys/HAL/MCU.o
                0x0000000000008154                CH58X_BLEInit
 .text.HAL_Init
                0x0000000000008244       0x4c ./subsys/HAL/MCU.o
                0x0000000000008244                HAL_Init
 .text.OnBoard_SendMsg
                0x0000000000008290       0x4e ./subsys/HAL/MCU.o
                0x0000000000008290                OnBoard_SendMsg
 .text.HAL_ProcessEvent
                0x00000000000082de      0x1bc ./subsys/HAL/MCU.o
                0x00000000000082de                HAL_ProcessEvent
 .text.HAL_TimeInit
                0x000000000000849a       0x5c ./subsys/HAL/RTC.o
                0x000000000000849a                HAL_TimeInit
 .text._ZN16Adafruit_DRV2605C2Ev
                0x00000000000084f6        0x2 ./subsys/DRV/DRV2605/Adafruit_DRV2605.o
                0x00000000000084f6                Adafruit_DRV2605::Adafruit_DRV2605()
                0x00000000000084f6                Adafruit_DRV2605::Adafruit_DRV2605()
 .text._ZN16Adafruit_DRV260513readRegister8Eh
                0x00000000000084f8       0x6e ./subsys/DRV/DRV2605/Adafruit_DRV2605.o
                0x00000000000084f8                Adafruit_DRV2605::readRegister8(unsigned char)
 .text._ZN16Adafruit_DRV260514writeRegister8Ehh
                0x0000000000008566       0x38 ./subsys/DRV/DRV2605/Adafruit_DRV2605.o
                0x0000000000008566                Adafruit_DRV2605::writeRegister8(unsigned char, unsigned char)
 .text._ZN16Adafruit_DRV26054initEv
                0x000000000000859e       0xb6 ./subsys/DRV/DRV2605/Adafruit_DRV2605.o
                0x000000000000859e                Adafruit_DRV2605::init()
 .text._ZN16Adafruit_DRV26055beginEP7TwoWire
                0x0000000000008654        0x6 ./subsys/DRV/DRV2605/Adafruit_DRV2605.o
                0x0000000000008654                Adafruit_DRV2605::begin(TwoWire*)
 .text._ZN16Adafruit_DRV260511setWaveformEhh
                0x000000000000865a        0xa ./subsys/DRV/DRV2605/Adafruit_DRV2605.o
                0x000000000000865a                Adafruit_DRV2605::setWaveform(unsigned char, unsigned char)
 .text._ZN16Adafruit_DRV260513selectLibraryEh
                0x0000000000008664        0x8 ./subsys/DRV/DRV2605/Adafruit_DRV2605.o
                0x0000000000008664                Adafruit_DRV2605::selectLibrary(unsigned char)
 .text._ZN16Adafruit_DRV26052goEv
                0x000000000000866c        0x8 ./subsys/DRV/DRV2605/Adafruit_DRV2605.o
                0x000000000000866c                Adafruit_DRV2605::go()
 .text._ZN16Adafruit_DRV26054stopEv
                0x0000000000008674        0x8 ./subsys/DRV/DRV2605/Adafruit_DRV2605.o
                0x0000000000008674                Adafruit_DRV2605::stop()
 .text._ZN16Adafruit_DRV26057setModeEh
                0x000000000000867c        0x8 ./subsys/DRV/DRV2605/Adafruit_DRV2605.o
                0x000000000000867c                Adafruit_DRV2605::setMode(unsigned char)
 .text._Z16DRV_ProcessEventht
                0x0000000000008684       0xee ./subsys/DRV/DRV.o
                0x0000000000008684                DRV_ProcessEvent(unsigned char, unsigned short)
 .text._Z13DRV_Task_Initv
                0x0000000000008772       0x86 ./subsys/DRV/DRV.o
                0x0000000000008772                DRV_Task_Init()
 .text.startup._GLOBAL__sub_I_drv
                0x00000000000087f8        0x8 ./subsys/DRV/DRV.o
 .text.CurrentTime_WriteAttrCB
                0x0000000000008800       0xac ./subsys/BLE/profile/CTS_service.o
 .text.CurrentTime_ReadAttrCB
                0x00000000000088ac       0x7a ./subsys/BLE/profile/CTS_service.o
 .text.CurrentTime_AddService
                0x0000000000008926       0x44 ./subsys/BLE/profile/CTS_service.o
                0x0000000000008926                CurrentTime_AddService
 .text.CurrentTime_Register
                0x000000000000896a        0x6 ./subsys/BLE/profile/CTS_service.o
                0x000000000000896a                CurrentTime_Register
 .text.CurrentTime_SetParameter
                0x0000000000008970       0x44 ./subsys/BLE/profile/CTS_service.o
                0x0000000000008970                CurrentTime_SetParameter
 .text.battMeasure
                0x00000000000089b4       0x7e ./subsys/BLE/profile/battservice.o
 .text.battWriteAttrCB
                0x0000000000008a32       0x5e ./subsys/BLE/profile/battservice.o
 .text.battReadAttrCB
                0x0000000000008a90       0x94 ./subsys/BLE/profile/battservice.o
 .text.battNotifyCB
                0x0000000000008b24       0x76 ./subsys/BLE/profile/battservice.o
 .text.Batt_AddService
                0x0000000000008b9a       0x30 ./subsys/BLE/profile/battservice.o
                0x0000000000008b9a                Batt_AddService
 .text.Batt_Register
                0x0000000000008bca        0x6 ./subsys/BLE/profile/battservice.o
                0x0000000000008bca                Batt_Register
 .text.Batt_SetParameter
                0x0000000000008bd0       0x36 ./subsys/BLE/profile/battservice.o
                0x0000000000008bd0                Batt_SetParameter
 .text.Batt_MeasLevel
                0x0000000000008c06       0x28 ./subsys/BLE/profile/battservice.o
                0x0000000000008c06                Batt_MeasLevel
 .text.Batt_Setup
                0x0000000000008c2e       0x1a ./subsys/BLE/profile/battservice.o
                0x0000000000008c2e                Batt_Setup
 .text.devInfo_ReadAttrCB
                0x0000000000008c48      0x196 ./subsys/BLE/profile/devinfoservice.o
 .text.DevInfo_AddService
                0x0000000000008dde       0x18 ./subsys/BLE/profile/devinfoservice.o
                0x0000000000008dde                DevInfo_AddService
 .text.simpleProfile_ReadAttrCB
                0x0000000000008df6       0x84 ./subsys/BLE/profile/gattprofile.o
 .text.simpleProfile_WriteAttrCB
                0x0000000000008e7a       0xce ./subsys/BLE/profile/gattprofile.o
 .text.simpleProfile_HandleConnStatusCB
                0x0000000000008f48       0x42 ./subsys/BLE/profile/gattprofile.o
 .text.SimpleProfile_AddService
                0x0000000000008f8a       0x50 ./subsys/BLE/profile/gattprofile.o
                0x0000000000008f8a                SimpleProfile_AddService
 .text.SimpleProfile_RegisterAppCBs
                0x0000000000008fda        0xe ./subsys/BLE/profile/gattprofile.o
                0x0000000000008fda                SimpleProfile_RegisterAppCBs
 .text.SimpleProfile_SetParameter
                0x0000000000008fe8       0x82 ./subsys/BLE/profile/gattprofile.o
                0x0000000000008fe8                SimpleProfile_SetParameter
 .text.heartRate_ReadAttrCB
                0x000000000000906a       0x36 ./subsys/BLE/profile/heartrateservice.o
 .text.heartRate_WriteAttrCB
                0x00000000000090a0       0x90 ./subsys/BLE/profile/heartrateservice.o
 .text.HeartRate_AddService
                0x0000000000009130       0x44 ./subsys/BLE/profile/heartrateservice.o
                0x0000000000009130                HeartRate_AddService
 .text.HeartRate_Register
                0x0000000000009174        0x6 ./subsys/BLE/profile/heartrateservice.o
                0x0000000000009174                HeartRate_Register
 .text.HeartRate_SetParameter
                0x000000000000917a       0x1a ./subsys/BLE/profile/heartrateservice.o
                0x000000000000917a                HeartRate_SetParameter
 .text.HeartRate_MeasNotify
                0x0000000000009194       0x4a ./subsys/BLE/profile/heartrateservice.o
                0x0000000000009194                HeartRate_MeasNotify
 .text.CurrentTimeCB
                0x00000000000091de      0x15e ./subsys/BLE/CTS.o
 .text.CurrentTime_ProcessEvent
                0x000000000000933c       0x30 ./subsys/BLE/CTS.o
                0x000000000000933c                CurrentTime_ProcessEvent
 .text.cts_init
                0x000000000000936c       0x2e ./subsys/BLE/CTS.o
                0x000000000000936c                cts_init
 .text.CurrentTime_Init
                0x000000000000939a       0x2e ./subsys/BLE/CTS.o
                0x000000000000939a                CurrentTime_Init
 .text.Battery_ProcessEvent
                0x00000000000093c8       0x64 ./subsys/BLE/battery.o
                0x00000000000093c8                Battery_ProcessEvent
 .text.BatteryCB
                0x000000000000942c       0x72 ./subsys/BLE/battery.o
 .text.Battery_Init
                0x000000000000949e       0x52 ./subsys/BLE/battery.o
                0x000000000000949e                Battery_Init
 .text.heartRateCB
                0x00000000000094f0       0x3c ./subsys/BLE/heartrate.o
 .text.HeartRate_ProcessEvent
                0x000000000000952c      0x12e ./subsys/BLE/heartrate.o
                0x000000000000952c                HeartRate_ProcessEvent
 .text.HeartRate_Init
                0x000000000000965a       0x50 ./subsys/BLE/heartrate.o
                0x000000000000965a                HeartRate_Init
 .text.peripheralRssiCB
                0x00000000000096aa        0x2 ./subsys/BLE/peripheral.o
 .text.simpleProfileChangeCB
                0x00000000000096ac       0x3e ./subsys/BLE/peripheral.o
 .text.peripheralParamUpdateCB
                0x00000000000096ea       0x30 ./subsys/BLE/peripheral.o
 .text.Peripheral_ProcessEvent
                0x000000000000971a       0xf2 ./subsys/BLE/peripheral.o
                0x000000000000971a                Peripheral_ProcessEvent
 .text.Peripheral_LinkTerminated
                0x000000000000980c       0x58 ./subsys/BLE/peripheral.o
 .text.peripheralStateNotificationCB
                0x0000000000009864      0x176 ./subsys/BLE/peripheral.o
 .text.Peripheral_Init
                0x00000000000099da      0x146 ./subsys/BLE/peripheral.o
                0x00000000000099da                Peripheral_Init
 .text.startup.main
                0x0000000000009b20       0x9a ./src/main.o
                0x0000000000009b20                main
 .text.SystemInit
                0x0000000000009bba        0x8 ./soc/soc.o
                0x0000000000009bba                SystemInit
 .text.GetSysClock
                0x0000000000009bc2       0x42 ./soc/soc.o
                0x0000000000009bc2                GetSysClock
 .text.SYS_DisableAllIrq
                0x0000000000009c04       0x1c ./soc/soc.o
                0x0000000000009c04                SYS_DisableAllIrq
 .text.SYS_RecoverIrq
                0x0000000000009c20       0x14 ./soc/soc.o
                0x0000000000009c20                SYS_RecoverIrq
 .text.SYS_GetSysTickCnt
                0x0000000000009c34        0xa ./soc/soc.o
                0x0000000000009c34                SYS_GetSysTickCnt
 .text.millis   0x0000000000009c3e        0x8 ./soc/soc.o
                0x0000000000009c3e                millis
 .text._write   0x0000000000009c46       0x28 ./soc/soc.o
                0x0000000000009c46                _write
 .text.log_print
                0x0000000000009c6e       0x3e ./drivers/debug/DEBUG.o
                0x0000000000009c6e                log_print
 .text.log_debug
                0x0000000000009cac       0x58 ./drivers/debug/DEBUG.o
                0x0000000000009cac                log_debug
 .text.log_info
                0x0000000000009d04       0x58 ./drivers/debug/DEBUG.o
                0x0000000000009d04                log_info
 .text.Device_Info
                0x0000000000009d5c       0xe0 ./drivers/debug/DEBUG.o
                0x0000000000009d5c                Device_Info
 .text.DEBUG_Init
                0x0000000000009e3c       0x24 ./drivers/debug/DEBUG.o
                0x0000000000009e3c                DEBUG_Init
 .text._init    0x0000000000009e60        0x2 ./drivers/debug/DEBUG.o
                0x0000000000009e60                _init
 .text._fini    0x0000000000009e62        0x2 ./drivers/debug/DEBUG.o
                0x0000000000009e62                _fini
 .text.MySPIinit
                0x0000000000009e64       0x7c ./drivers/SPI/mySPI.o
                0x0000000000009e64                MySPIinit
 .text._ZN7TwoWire16onReceiveServiceEPhi
                0x0000000000009ee0       0x4c ./drivers/I2C/myi2c.o
                0x0000000000009ee0                TwoWire::onReceiveService(unsigned char*, int)
 .text._ZN7TwoWire16onRequestServiceEv
                0x0000000000009f2c       0x18 ./drivers/I2C/myi2c.o
                0x0000000000009f2c                TwoWire::onRequestService()
 .text._Z9RequestCBv
                0x0000000000009f44       0x2c ./drivers/I2C/myi2c.o
                0x0000000000009f44                RequestCB()
 .text._ZN7TwoWire5beginEv
                0x0000000000009f70       0x56 ./drivers/I2C/myi2c.o
                0x0000000000009f70                TwoWire::begin()
 .text._ZN7TwoWire17beginTransmissionEh
                0x0000000000009fc6       0x14 ./drivers/I2C/myi2c.o
                0x0000000000009fc6                TwoWire::beginTransmission(unsigned char)
 .text._ZN7TwoWire15endTransmissionEb
                0x0000000000009fda       0x3a ./drivers/I2C/myi2c.o
                0x0000000000009fda                TwoWire::endTransmission(bool)
 .text._ZN7TwoWire15endTransmissionEv
                0x000000000000a014        0x6 ./drivers/I2C/myi2c.o
                0x000000000000a014                TwoWire::endTransmission()
 .text._ZN7TwoWire5writeEh
                0x000000000000a01a       0x5a ./drivers/I2C/myi2c.o
                0x000000000000a01a                TwoWire::write(unsigned char)
 .text._ZN7TwoWire11requestFromEhhmhh
                0x000000000000a074       0x9c ./drivers/I2C/myi2c.o
                0x000000000000a074                TwoWire::requestFrom(unsigned char, unsigned char, unsigned long, unsigned char, unsigned char)
 .text._ZN7TwoWire11requestFromEhhb
                0x000000000000a110        0xa ./drivers/I2C/myi2c.o
                0x000000000000a110                TwoWire::requestFrom(unsigned char, unsigned char, bool)
 .text._ZN7TwoWire11requestFromEhh
                0x000000000000a11a        0x6 ./drivers/I2C/myi2c.o
                0x000000000000a11a                TwoWire::requestFrom(unsigned char, unsigned char)
 .text._ZN7TwoWire9availableEv
                0x000000000000a120        0xc ./drivers/I2C/myi2c.o
                0x000000000000a120                TwoWire::available()
 .text._ZN7TwoWire4readEv
                0x000000000000a12c       0x24 ./drivers/I2C/myi2c.o
                0x000000000000a12c                TwoWire::read()
 .text._Z9ReceiveCBi
                0x000000000000a150       0x60 ./drivers/I2C/myi2c.o
                0x000000000000a150                ReceiveCB(int)
 .text.twi_reply.part.0
                0x000000000000a1b0       0x12 ./drivers/I2C/twi.o
 .text.twi_init
                0x000000000000a1c2       0x50 ./drivers/I2C/twi.o
                0x000000000000a1c2                twi_init
 .text.twi_transmit
                0x000000000000a212       0x5c ./drivers/I2C/twi.o
                0x000000000000a212                twi_transmit
 .text.twi_attachSlaveRxEvent
                0x000000000000a26e        0x6 ./drivers/I2C/twi.o
                0x000000000000a26e                twi_attachSlaveRxEvent
 .text.twi_attachSlaveTxEvent
                0x000000000000a274        0x6 ./drivers/I2C/twi.o
                0x000000000000a274                twi_attachSlaveTxEvent
 .text.twi_reply
                0x000000000000a27a       0x20 ./drivers/I2C/twi.o
                0x000000000000a27a                twi_reply
 .text.twi_start
                0x000000000000a29a       0x26 ./drivers/I2C/twi.o
                0x000000000000a29a                twi_start
 .text.twi_stop
                0x000000000000a2c0       0x16 ./drivers/I2C/twi.o
                0x000000000000a2c0                twi_stop
 .text.easyflash_init
                0x000000000000a2d6       0x66 ./drivers/HAL_FLASH/easyflash.o
                0x000000000000a2d6                easyflash_init
 .text.get_status
                0x000000000000a33c       0x22 ./drivers/HAL_FLASH/ef_env.o
 .text.update_sector_cache
                0x000000000000a35e       0x5c ./drivers/HAL_FLASH/ef_env.o
 .text.get_next_sector_addr
                0x000000000000a3ba       0x2e ./drivers/HAL_FLASH/ef_env.o
 .text.gc_check_cb
                0x000000000000a3e8       0x10 ./drivers/HAL_FLASH/ef_env.o
 .text.update_env_cache
                0x000000000000a3f8       0xa2 ./drivers/HAL_FLASH/ef_env.o
 .text.find_env_cb
                0x000000000000a49a       0x50 ./drivers/HAL_FLASH/ef_env.o
 .text.sector_statistics_cb
                0x000000000000a4ea       0x26 ./drivers/HAL_FLASH/ef_env.o
 .text.alloc_env_cb
                0x000000000000a510       0x2e ./drivers/HAL_FLASH/ef_env.o
 .text.write_status
                0x000000000000a53e       0xc4 ./drivers/HAL_FLASH/ef_env.o
 .text.read_env
                0x000000000000a602      0x134 ./drivers/HAL_FLASH/ef_env.o
 .text.update_sec_status
                0x000000000000a736       0x74 ./drivers/HAL_FLASH/ef_env.o
 .text.align_write
                0x000000000000a7aa       0x7a ./drivers/HAL_FLASH/ef_env.o
 .text.print_env_cb
                0x000000000000a824       0xf2 ./drivers/HAL_FLASH/ef_env.o
 .text.format_sector.constprop.15
                0x000000000000a916       0xba ./drivers/HAL_FLASH/ef_env.o
 .text.check_sec_hdr_cb
                0x000000000000a9d0       0x3c ./drivers/HAL_FLASH/ef_env.o
 .text.get_next_env_addr
                0x000000000000aa0c      0x102 ./drivers/HAL_FLASH/ef_env.o
 .text.read_sector_meta_data
                0x000000000000ab0e      0x1e4 ./drivers/HAL_FLASH/ef_env.o
 .text.sector_iterator
                0x000000000000acf2       0x72 ./drivers/HAL_FLASH/ef_env.o
 .text.alloc_env
                0x000000000000ad64       0x9a ./drivers/HAL_FLASH/ef_env.o
 .text.gc_collect
                0x000000000000adfe       0x60 ./drivers/HAL_FLASH/ef_env.o
 .text.new_env  0x000000000000ae5e       0x4c ./drivers/HAL_FLASH/ef_env.o
 .text.create_env_blob
                0x000000000000aeaa      0x242 ./drivers/HAL_FLASH/ef_env.o
 .text.check_and_recovery_gc_cb
                0x000000000000b0ec       0x28 ./drivers/HAL_FLASH/ef_env.o
 .text.env_iterator
                0x000000000000b114       0x6e ./drivers/HAL_FLASH/ef_env.o
 .text.find_env
                0x000000000000b182       0xe4 ./drivers/HAL_FLASH/ef_env.o
 .text.del_env  0x000000000000b266       0xca ./drivers/HAL_FLASH/ef_env.o
 .text.move_env
                0x000000000000b330      0x176 ./drivers/HAL_FLASH/ef_env.o
 .text.check_and_recovery_env_cb
                0x000000000000b4a6       0x8e ./drivers/HAL_FLASH/ef_env.o
 .text.do_gc    0x000000000000b534       0xb6 ./drivers/HAL_FLASH/ef_env.o
 .text.ef_env_set_default
                0x000000000000b5ea       0xe8 ./drivers/HAL_FLASH/ef_env.o
                0x000000000000b5ea                ef_env_set_default
 .text.ef_print_env
                0x000000000000b6d2       0x5a ./drivers/HAL_FLASH/ef_env.o
                0x000000000000b6d2                ef_print_env
 .text.ef_load_env
                0x000000000000b72c       0x86 ./drivers/HAL_FLASH/ef_env.o
                0x000000000000b72c                ef_load_env
 .text.ef_env_init
                0x000000000000b7b2       0xb2 ./drivers/HAL_FLASH/ef_env.o
                0x000000000000b7b2                ef_env_init
 .text.get_next_flash_sec_addr
                0x000000000000b864       0x1a ./drivers/HAL_FLASH/ef_log.o
 .text.get_sector_status
                0x000000000000b87e       0x7e ./drivers/HAL_FLASH/ef_log.o
 .text.ef_log_clean
                0x000000000000b8fc       0x8a ./drivers/HAL_FLASH/ef_log.o
                0x000000000000b8fc                ef_log_clean
 .text.ef_log_init
                0x000000000000b986      0x1fe ./drivers/HAL_FLASH/ef_log.o
                0x000000000000b986                ef_log_init
 .text.ef_port_init
                0x000000000000bb84       0x12 ./drivers/HAL_FLASH/ef_port.o
                0x000000000000bb84                ef_port_init
 .text.ef_port_env_lock
                0x000000000000bb96        0x8 ./drivers/HAL_FLASH/ef_port.o
                0x000000000000bb96                ef_port_env_lock
 .text.ef_port_env_unlock
                0x000000000000bb9e        0xa ./drivers/HAL_FLASH/ef_port.o
                0x000000000000bb9e                ef_port_env_unlock
 .text.ef_print
                0x000000000000bba8       0x3e ./drivers/HAL_FLASH/ef_port.o
                0x000000000000bba8                ef_print
 .text.ef_log_debug
                0x000000000000bbe6       0x58 ./drivers/HAL_FLASH/ef_port.o
                0x000000000000bbe6                ef_log_debug
 .text.ef_port_read
                0x000000000000bc3e       0x4a ./drivers/HAL_FLASH/ef_port.o
                0x000000000000bc3e                ef_port_read
 .text.ef_port_erase
                0x000000000000bc88       0xaa ./drivers/HAL_FLASH/ef_port.o
                0x000000000000bc88                ef_port_erase
 .text.ef_port_write
                0x000000000000bd32      0x162 ./drivers/HAL_FLASH/ef_port.o
                0x000000000000bd32                ef_port_write
 .text.ef_log_info
                0x000000000000be94       0x58 ./drivers/HAL_FLASH/ef_port.o
                0x000000000000be94                ef_log_info
 .text.ef_calc_crc32
                0x000000000000beec       0x30 ./drivers/HAL_FLASH/ef_utils.o
                0x000000000000beec                ef_calc_crc32
 .text.ADC_ExtSingleChSampInit
                0x000000000000bf1c       0x24 ./StdPeriphDriver/CH58x_adc.o
                0x000000000000bf1c                ADC_ExtSingleChSampInit
 .text.ADC_InterTSSampInit
                0x000000000000bf40       0x28 ./StdPeriphDriver/CH58x_adc.o
                0x000000000000bf40                ADC_InterTSSampInit
 .text.ADC_ExcutSingleConver
                0x000000000000bf68       0x20 ./StdPeriphDriver/CH58x_adc.o
                0x000000000000bf68                ADC_ExcutSingleConver
 .text.RTC_InitTime
                0x000000000000bf88      0x18a ./StdPeriphDriver/CH58x_clk.o
                0x000000000000bf88                RTC_InitTime
 .text.GPIOA_ModeCfg
                0x000000000000c112       0xa6 ./StdPeriphDriver/CH58x_gpio.o
                0x000000000000c112                GPIOA_ModeCfg
 .text.GPIOB_ModeCfg
                0x000000000000c1b8       0xa6 ./StdPeriphDriver/CH58x_gpio.o
                0x000000000000c1b8                GPIOB_ModeCfg
 .text.GPIOB_ITModeCfg
                0x000000000000c25e       0x8a ./StdPeriphDriver/CH58x_gpio.o
                0x000000000000c25e                GPIOB_ITModeCfg
 .text.I2C_Init
                0x000000000000c2e8      0x14c ./StdPeriphDriver/CH58x_i2c.o
                0x000000000000c2e8                I2C_Init
 .text.I2C_ITConfig
                0x000000000000c434       0x1e ./StdPeriphDriver/CH58x_i2c.o
                0x000000000000c434                I2C_ITConfig
 .text.UART1_BaudRateCfg
                0x000000000000c452       0x32 ./StdPeriphDriver/CH58x_uart1.o
                0x000000000000c452                UART1_BaudRateCfg
 .text.UART1_DefInit
                0x000000000000c484       0x34 ./StdPeriphDriver/CH58x_uart1.o
                0x000000000000c484                UART1_DefInit
 .text.tmos_msg_enqueue
                0x000000000000c4b8       0x1e ../../LIB\libCH58xBLE.a(message.o)
                0x000000000000c4b8                tmos_msg_enqueue
 .text.tmos_msg_deallocate
                0x000000000000c4d6       0x2c ../../LIB\libCH58xBLE.a(message.o)
                0x000000000000c4d6                tmos_msg_deallocate
 .text.tmos_msg_allocate
                0x000000000000c502       0x3e ../../LIB\libCH58xBLE.a(message.o)
                0x000000000000c502                tmos_msg_allocate
 .text.tmos_msg_receive
                0x000000000000c540       0x70 ../../LIB\libCH58xBLE.a(message.o)
                0x000000000000c540                tmos_msg_receive
 .text.tmos_msg_send
                0x000000000000c5b0       0x60 ../../LIB\libCH58xBLE.a(message.o)
                0x000000000000c5b0                tmos_msg_send
 .text.tmos_msg_init
                0x000000000000c610        0xa ../../LIB\libCH58xBLE.a(message.o)
                0x000000000000c610                tmos_msg_init
 .text.tmosFindTask
                0x000000000000c61a       0x24 ../../LIB\libCH58xBLE.a(tmos.o)
 .text.TMOS_CbTimerProcessEvent
                0x000000000000c63e       0x84 ../../LIB\libCH58xBLE.a(tmos.o)
                0x000000000000c63e                TMOS_CbTimerProcessEvent
 .text.tmos_rand
                0x000000000000c6c2       0x54 ../../LIB\libCH58xBLE.a(tmos.o)
                0x000000000000c6c2                tmos_rand
 .text.tmos_memset
                0x000000000000c716       0x12 ../../LIB\libCH58xBLE.a(tmos.o)
                0x000000000000c716                tmos_memset
 .text.tmos_strlen
                0x000000000000c728       0x14 ../../LIB\libCH58xBLE.a(tmos.o)
                0x000000000000c728                tmos_strlen
 .text.tmos_memdup
                0x000000000000c73c       0x3c ../../LIB\libCH58xBLE.a(tmos.o)
                0x000000000000c73c                tmos_memdup
 .text.tmos_revmemcpy
                0x000000000000c778       0x1c ../../LIB\libCH58xBLE.a(tmos.o)
                0x000000000000c778                tmos_revmemcpy
 .text.tmos_isbufset
                0x000000000000c794       0x22 ../../LIB\libCH58xBLE.a(tmos.o)
                0x000000000000c794                tmos_isbufset
 .text.tmos_start_callback_task
                0x000000000000c7b6       0xf0 ../../LIB\libCH58xBLE.a(tmos.o)
                0x000000000000c7b6                tmos_start_callback_task
 .text.tmos_set_event
                0x000000000000c8a6       0x2e ../../LIB\libCH58xBLE.a(tmos.o)
                0x000000000000c8a6                tmos_set_event
 .text.tmos_clear_event
                0x000000000000c8d4       0x32 ../../LIB\libCH58xBLE.a(tmos.o)
                0x000000000000c8d4                tmos_clear_event
 .text.tmos_get_event
                0x000000000000c906       0x14 ../../LIB\libCH58xBLE.a(tmos.o)
                0x000000000000c906                tmos_get_event
 .text.tmos_start_task
                0x000000000000c91a       0xf8 ../../LIB\libCH58xBLE.a(tmos.o)
                0x000000000000c91a                tmos_start_task
 .text.tmos_update_callback_timer
                0x000000000000ca12       0x80 ../../LIB\libCH58xBLE.a(tmos.o)
                0x000000000000ca12                tmos_update_callback_timer
 .text.tmos_start_reload_task
                0x000000000000ca92       0x6e ../../LIB\libCH58xBLE.a(tmos.o)
                0x000000000000ca92                tmos_start_reload_task
 .text.tmos_stop_task
                0x000000000000cb00       0x34 ../../LIB\libCH58xBLE.a(tmos.o)
                0x000000000000cb00                tmos_stop_task
 .text.tmos_stop_callback_task
                0x000000000000cb34       0x62 ../../LIB\libCH58xBLE.a(tmos.o)
                0x000000000000cb34                tmos_stop_callback_task
 .text.TMOS_TimerRegister
                0x000000000000cb96       0x1e ../../LIB\libCH58xBLE.a(tmos.o)
                0x000000000000cb96                TMOS_TimerRegister
 .text.TMOS_ProcessRegister
                0x000000000000cbb4       0x16 ../../LIB\libCH58xBLE.a(tmos.o)
                0x000000000000cbb4                TMOS_ProcessRegister
 .text.TMOS_Init
                0x000000000000cbca       0xda ../../LIB\libCH58xBLE.a(tmos.o)
                0x000000000000cbca                TMOS_Init
 .text.TMOS_ProcessEventRegister
                0x000000000000cca4       0x3c ../../LIB\libCH58xBLE.a(tmos.o)
                0x000000000000cca4                TMOS_ProcessEventRegister
 .text.BLE_LibInit
                0x000000000000cce0      0x166 ../../LIB\libCH58xBLE.a(tmos.o)
                0x000000000000cce0                BLE_LibInit
 .text.SYS_GetTickCount
                0x000000000000ce46       0x72 ../../LIB\libCH58xBLE.a(tmos_hw.o)
                0x000000000000ce46                SYS_GetTickCount
 .text.ble_ll_common_rand8
                0x000000000000ceb8       0x24 ../../LIB\libCH58xBLE.a(tmos_hw.o)
                0x000000000000ceb8                ble_ll_common_rand8
 .text.ble_ll_common_rand16
                0x000000000000cedc       0x24 ../../LIB\libCH58xBLE.a(tmos_hw.o)
                0x000000000000cedc                ble_ll_common_rand16
 .text.ble_ll_common_rand32
                0x000000000000cf00       0x20 ../../LIB\libCH58xBLE.a(tmos_hw.o)
                0x000000000000cf00                ble_ll_common_rand32
 .text.BLE_GetSleepClockAccuracy
                0x000000000000cf20       0x2a ../../LIB\libCH58xBLE.a(tmos_hw.o)
                0x000000000000cf20                BLE_GetSleepClockAccuracy
 .text.TMOS_TempSample
                0x000000000000cf4a       0x62 ../../LIB\libCH58xBLE.a(tmos_hw.o)
                0x000000000000cf4a                TMOS_TempSample
 .text.TMOS_TimerInit
                0x000000000000cfac       0x70 ../../LIB\libCH58xBLE.a(tmos_hw.o)
                0x000000000000cfac                TMOS_TimerInit
 .text.disconnectNext
                0x000000000000d01c       0x22 ../../LIB\libCH58xBLE.a(gap.o)
 .text.GAP_ParamInit
                0x000000000000d03e      0x140 ../../LIB\libCH58xBLE.a(gap.o)
                0x000000000000d03e                GAP_ParamInit
 .text.sendTerminateEvent
                0x000000000000d17e       0x58 ../../LIB\libCH58xBLE.a(gap.o)
                0x000000000000d17e                sendTerminateEvent
 .text.gapRegisterCentral
                0x000000000000d1d6        0x6 ../../LIB\libCH58xBLE.a(gap.o)
                0x000000000000d1d6                gapRegisterCentral
 .text.gapRegisterCentralConn
                0x000000000000d1dc        0x6 ../../LIB\libCH58xBLE.a(gap.o)
                0x000000000000d1dc                gapRegisterCentralConn
 .text.gapRegisterPeripheral
                0x000000000000d1e2        0x6 ../../LIB\libCH58xBLE.a(gap.o)
                0x000000000000d1e2                gapRegisterPeripheral
 .text.gapRegisterPeripheralConn
                0x000000000000d1e8        0x6 ../../LIB\libCH58xBLE.a(gap.o)
                0x000000000000d1e8                gapRegisterPeripheralConn
 .text.smGenerateRandBuf
                0x000000000000d1ee       0x56 ../../LIB\libCH58xBLE.a(gap.o)
                0x000000000000d1ee                smGenerateRandBuf
 .text.gapL2capConnParamUpdateReq
                0x000000000000d244       0x36 ../../LIB\libCH58xBLE.a(gap.o)
                0x000000000000d244                gapL2capConnParamUpdateReq
 .text.gapValidADType
                0x000000000000d27a       0x16 ../../LIB\libCH58xBLE.a(gap.o)
                0x000000000000d27a                gapValidADType
 .text.gapFindADType
                0x000000000000d290       0x80 ../../LIB\libCH58xBLE.a(gap.o)
                0x000000000000d290                gapFindADType
 .text.GAP_SecParamsInit
                0x000000000000d310       0x9e ../../LIB\libCH58xBLE.a(gap.o)
                0x000000000000d310                GAP_SecParamsInit
 .text.GAP_ParamsInit
                0x000000000000d3ae       0x4c ../../LIB\libCH58xBLE.a(gap.o)
                0x000000000000d3ae                GAP_ParamsInit
 .text.gapAddAddrAdj
                0x000000000000d3fa       0x48 ../../LIB\libCH58xBLE.a(gap.o)
                0x000000000000d3fa                gapAddAddrAdj
 .text.gapDetermineAddrType
                0x000000000000d442       0x28 ../../LIB\libCH58xBLE.a(gap.o)
                0x000000000000d442                gapDetermineAddrType
 .text.gapFreeAuthLink
                0x000000000000d46a       0x4a ../../LIB\libCH58xBLE.a(gap.o)
                0x000000000000d46a                gapFreeAuthLink
 .text.gapGetDevAddress
                0x000000000000d4b4       0x24 ../../LIB\libCH58xBLE.a(gap.o)
                0x000000000000d4b4                gapGetDevAddress
 .text.gapGetDevAddressMode
                0x000000000000d4d8        0xa ../../LIB\libCH58xBLE.a(gap.o)
                0x000000000000d4d8                gapGetDevAddressMode
 .text.gapGetIRK
                0x000000000000d4e2        0xc ../../LIB\libCH58xBLE.a(gap.o)
                0x000000000000d4e2                gapGetIRK
 .text.gapGetSRK
                0x000000000000d4ee        0xc ../../LIB\libCH58xBLE.a(gap.o)
                0x000000000000d4ee                gapGetSRK
 .text.gapGetSignCounter
                0x000000000000d4fa        0xe ../../LIB\libCH58xBLE.a(gap.o)
                0x000000000000d4fa                gapGetSignCounter
 .text.gapIncSignCounter
                0x000000000000d508       0x28 ../../LIB\libCH58xBLE.a(gap.o)
                0x000000000000d508                gapIncSignCounter
 .text.gapProcessConnEvt
                0x000000000000d530       0x48 ../../LIB\libCH58xBLE.a(gap.o)
                0x000000000000d530                gapProcessConnEvt
 .text.gapProcessDisconnectCompleteEvt
                0x000000000000d578       0xaa ../../LIB\libCH58xBLE.a(gap.o)
                0x000000000000d578                gapProcessDisconnectCompleteEvt
 .text.sendAuthEvent
                0x000000000000d622      0x11c ../../LIB\libCH58xBLE.a(gap.o)
                0x000000000000d622                sendAuthEvent
 .text.gapSendBondCompleteEvent
                0x000000000000d73e       0x70 ../../LIB\libCH58xBLE.a(gap.o)
                0x000000000000d73e                gapSendBondCompleteEvent
 .text.gapSendPairingReqEvent
                0x000000000000d7ae       0x92 ../../LIB\libCH58xBLE.a(gap.o)
                0x000000000000d7ae                gapSendPairingReqEvent
 .text.gapSendSlaveSecurityReqEvent
                0x000000000000d840       0x68 ../../LIB\libCH58xBLE.a(gap.o)
                0x000000000000d840                gapSendSlaveSecurityReqEvent
 .text.gapSendDeviceInitDoneEvent
                0x000000000000d8a8       0x88 ../../LIB\libCH58xBLE.a(gap.o)
                0x000000000000d8a8                gapSendDeviceInitDoneEvent
 .text.gapSendLinkUpdateEvent
                0x000000000000d930       0xb4 ../../LIB\libCH58xBLE.a(gap.o)
                0x000000000000d930                gapSendLinkUpdateEvent
 .text.gapSendPhyUpdateEvent
                0x000000000000d9e4       0x88 ../../LIB\libCH58xBLE.a(gap.o)
                0x000000000000d9e4                gapSendPhyUpdateEvent
 .text.gapSendEstLinkEvent
                0x000000000000da6c       0xb8 ../../LIB\libCH58xBLE.a(gap.o)
                0x000000000000da6c                gapSendEstLinkEvent
 .text.gapProcessNewAddr
                0x000000000000db24       0x3e ../../LIB\libCH58xBLE.a(gap.o)
                0x000000000000db24                gapProcessNewAddr
 .text.gapProcessRandomAddrComplete
                0x000000000000db62       0xa6 ../../LIB\libCH58xBLE.a(gap.o)
                0x000000000000db62                gapProcessRandomAddrComplete
 .text.GAP_Authenticate
                0x000000000000dc08       0xda ../../LIB\libCH58xBLE.a(gap.o)
                0x000000000000dc08                GAP_Authenticate
 .text.GAP_Bond
                0x000000000000dce2       0xa6 ../../LIB\libCH58xBLE.a(gap.o)
                0x000000000000dce2                GAP_Bond
 .text.GAP_GetParamValue
                0x000000000000dd88       0x20 ../../LIB\libCH58xBLE.a(gap.o)
                0x000000000000dd88                GAP_GetParamValue
 .text.GAP_PasscodeUpdate
                0x000000000000dda8       0x50 ../../LIB\libCH58xBLE.a(gap.o)
                0x000000000000dda8                GAP_PasscodeUpdate
 .text.GAP_RegisterForMsgs
                0x000000000000ddf8        0xa ../../LIB\libCH58xBLE.a(gap.o)
                0x000000000000ddf8                GAP_RegisterForMsgs
 .text.GAP_ResolvePrivateAddr
                0x000000000000de02        0x4 ../../LIB\libCH58xBLE.a(gap.o)
                0x000000000000de02                GAP_ResolvePrivateAddr
 .text.gapPairingCompleteCB
                0x000000000000de06      0x188 ../../LIB\libCH58xBLE.a(gap.o)
                0x000000000000de06                gapPairingCompleteCB
 .text.gapPasskeyNeededCB
                0x000000000000df8e       0x8e ../../LIB\libCH58xBLE.a(gap.o)
                0x000000000000df8e                gapPasskeyNeededCB
 .text.gapFreeEstLink
                0x000000000000e01c       0x20 ../../LIB\libCH58xBLE.a(gap.o)
                0x000000000000e01c                gapFreeEstLink
 .text.gapUpdateConnSignCounter
                0x000000000000e03c       0x7a ../../LIB\libCH58xBLE.a(gap.o)
                0x000000000000e03c                gapUpdateConnSignCounter
 .text.GAP_SendSlaveSecurityRequest
                0x000000000000e0b6       0x4c ../../LIB\libCH58xBLE.a(gap.o)
                0x000000000000e0b6                GAP_SendSlaveSecurityRequest
 .text.GAP_Signable
                0x000000000000e102       0x6a ../../LIB\libCH58xBLE.a(gap.o)
                0x000000000000e102                GAP_Signable
 .text.GAP_TerminateAuth
                0x000000000000e16c       0x2a ../../LIB\libCH58xBLE.a(gap.o)
                0x000000000000e16c                GAP_TerminateAuth
 .text.GAP_NumActiveConnections
                0x000000000000e196        0x4 ../../LIB\libCH58xBLE.a(gap.o)
                0x000000000000e196                GAP_NumActiveConnections
 .text.GAP_TerminateLinkReq
                0x000000000000e19a       0x8e ../../LIB\libCH58xBLE.a(gap.o)
                0x000000000000e19a                GAP_TerminateLinkReq
 .text.GAP_SetParamValue
                0x000000000000e228       0x5a ../../LIB\libCH58xBLE.a(gap.o)
                0x000000000000e228                GAP_SetParamValue
 .text.GAP_Init
                0x000000000000e282       0x48 ../../LIB\libCH58xBLE.a(gap.o)
                0x000000000000e282                GAP_Init
 .text.GAP_ProcessEvent
                0x000000000000e2ca      0x670 ../../LIB\libCH58xBLE.a(gap.o)
                0x000000000000e2ca                GAP_ProcessEvent
 .text.gapSendScanEnable
                0x000000000000e93a       0x3a ../../LIB\libCH58xBLE.a(gap_central.o)
 .text.gapCentProcessConnEvt
                0x000000000000e974      0x120 ../../LIB\libCH58xBLE.a(gap_central.o)
                0x000000000000e974                gapCentProcessConnEvt
 .text.gapProcessScanningPeriodicAdvEvt
                0x000000000000ea94       0x98 ../../LIB\libCH58xBLE.a(gap_central.o)
                0x000000000000ea94                gapProcessScanningPeriodicAdvEvt
 .text.gapCancelLinkReq
                0x000000000000eb2c       0x38 ../../LIB\libCH58xBLE.a(gap_central.o)
                0x000000000000eb2c                gapCancelLinkReq
 .text.gapProcessAdvertDevInfo
                0x000000000000eb64      0x24a ../../LIB\libCH58xBLE.a(gap_central.o)
                0x000000000000eb64                gapProcessAdvertDevInfo
 .text.gapProcessPeriodicAdvertisingSyncEstablishedEvt
                0x000000000000edae       0x54 ../../LIB\libCH58xBLE.a(gap_central.o)
                0x000000000000edae                gapProcessPeriodicAdvertisingSyncEstablishedEvt
 .text.gapProcessPeriodicAdvertisingSyncLostEvt
                0x000000000000ee02       0x4e ../../LIB\libCH58xBLE.a(gap_central.o)
                0x000000000000ee02                gapProcessPeriodicAdvertisingSyncLostEvt
 .text.gapFreeScanRecs
                0x000000000000ee50       0xa2 ../../LIB\libCH58xBLE.a(gap_central.o)
                0x000000000000ee50                gapFreeScanRecs
 .text.gapSendDevDiscEvent
                0x000000000000eef2      0x126 ../../LIB\libCH58xBLE.a(gap_central.o)
                0x000000000000eef2                gapSendDevDiscEvent
 .text.gapSetScanParamStatus
                0x000000000000f018       0x58 ../../LIB\libCH58xBLE.a(gap_central.o)
 .text.gapCentProcessHCICmdEvt
                0x000000000000f070       0x3e ../../LIB\libCH58xBLE.a(gap_central.o)
                0x000000000000f070                gapCentProcessHCICmdEvt
 .text.gapProcessScanningEvt
                0x000000000000f0ae      0x120 ../../LIB\libCH58xBLE.a(gap_central.o)
                0x000000000000f0ae                gapProcessScanningEvt
 .text.gapProcessScanningDirectEvt
                0x000000000000f1ce       0xfe ../../LIB\libCH58xBLE.a(gap_central.o)
                0x000000000000f1ce                gapProcessScanningDirectEvt
 .text.gapProcessScanningExtAdvEvt
                0x000000000000f2cc      0x1b6 ../../LIB\libCH58xBLE.a(gap_central.o)
                0x000000000000f2cc                gapProcessScanningExtAdvEvt
 .text.GAP_CentConnRegister
                0x000000000000f482       0x1a ../../LIB\libCH58xBLE.a(gap_central.o)
                0x000000000000f482                GAP_CentConnRegister
 .text.GAP_CentralParamInit
                0x000000000000f49c       0x6a ../../LIB\libCH58xBLE.a(gap_central.o)
                0x000000000000f49c                GAP_CentralParamInit
 .text.GAP_CentDevMgrInit
                0x000000000000f506       0x98 ../../LIB\libCH58xBLE.a(gap_central.o)
                0x000000000000f506                GAP_CentDevMgrInit
 .text.gapFreeAdvertState
                0x000000000000f59e       0x20 ../../LIB\libCH58xBLE.a(gap_peripheral.o)
 .text.gapSetPeriodicAdvParams
                0x000000000000f5be       0x30 ../../LIB\libCH58xBLE.a(gap_peripheral.o)
 .text.gapSetAdvParams
                0x000000000000f5ee      0x190 ../../LIB\libCH58xBLE.a(gap_peripheral.o)
 .text.gapPeriProcessConnEvt
                0x000000000000f77e       0xd8 ../../LIB\libCH58xBLE.a(gap_peripheral.o)
 .text.gapWriteAdvDataStatus
                0x000000000000f856       0x54 ../../LIB\libCH58xBLE.a(gap_peripheral.o)
 .text.GAP_MakeDiscoverable
                0x000000000000f8aa       0xc6 ../../LIB\libCH58xBLE.a(gap_peripheral.o)
                0x000000000000f8aa                GAP_MakeDiscoverable
 .text.GAP_EndDiscoverable
                0x000000000000f970       0x6e ../../LIB\libCH58xBLE.a(gap_peripheral.o)
                0x000000000000f970                GAP_EndDiscoverable
 .text.gapProcessAdvertisingEvt
                0x000000000000f9de      0x114 ../../LIB\libCH58xBLE.a(gap_peripheral.o)
 .text.GAP_MakePeriodic
                0x000000000000faf2       0x2e ../../LIB\libCH58xBLE.a(gap_peripheral.o)
                0x000000000000faf2                GAP_MakePeriodic
 .text.GAP_EndPeriodic
                0x000000000000fb20        0xc ../../LIB\libCH58xBLE.a(gap_peripheral.o)
                0x000000000000fb20                GAP_EndPeriodic
 .text.GAP_SetAdvertisingAdvData
                0x000000000000fb2c       0xfa ../../LIB\libCH58xBLE.a(gap_peripheral.o)
                0x000000000000fb2c                GAP_SetAdvertisingAdvData
 .text.GAP_SetAdvertisingRspData
                0x000000000000fc26       0xfa ../../LIB\libCH58xBLE.a(gap_peripheral.o)
                0x000000000000fc26                GAP_SetAdvertisingRspData
 .text.GAP_SetPeriodicAdvertisingData
                0x000000000000fd20       0xbc ../../LIB\libCH58xBLE.a(gap_peripheral.o)
                0x000000000000fd20                GAP_SetPeriodicAdvertisingData
 .text.GAP_GetAdvertisingAdvData
                0x000000000000fddc       0x26 ../../LIB\libCH58xBLE.a(gap_peripheral.o)
                0x000000000000fddc                GAP_GetAdvertisingAdvData
 .text.GAP_GetAdvertisingRspData
                0x000000000000fe02       0x34 ../../LIB\libCH58xBLE.a(gap_peripheral.o)
                0x000000000000fe02                GAP_GetAdvertisingRspData
 .text.GAP_GetPeriodicAdvertisingData
                0x000000000000fe36       0x34 ../../LIB\libCH58xBLE.a(gap_peripheral.o)
                0x000000000000fe36                GAP_GetPeriodicAdvertisingData
 .text.GAP_PeriConnRegister
                0x000000000000fe6a       0x2e ../../LIB\libCH58xBLE.a(gap_peripheral.o)
                0x000000000000fe6a                GAP_PeriConnRegister
 .text.GAP_PeripheralParamInit
                0x000000000000fe98       0x58 ../../LIB\libCH58xBLE.a(gap_peripheral.o)
                0x000000000000fe98                GAP_PeripheralParamInit
 .text.gapSendMakeDiscEvent
                0x000000000000fef0       0x50 ../../LIB\libCH58xBLE.a(gap_peripheral.o)
                0x000000000000fef0                gapSendMakeDiscEvent
 .text.gapWriteAdvEnableStatus
                0x000000000000ff40      0x112 ../../LIB\libCH58xBLE.a(gap_peripheral.o)
 .text.gapSendMakePeriodicEvent
                0x0000000000010052       0x3a ../../LIB\libCH58xBLE.a(gap_peripheral.o)
                0x0000000000010052                gapSendMakePeriodicEvent
 .text.gapPeriProcessHCICmdCompleteEvt
                0x000000000001008c      0x180 ../../LIB\libCH58xBLE.a(gap_peripheral.o)
 .text.GAP_PeriDevMgrInit
                0x000000000001020c       0x2e ../../LIB\libCH58xBLE.a(gap_peripheral.o)
                0x000000000001020c                GAP_PeriDevMgrInit
 .text.ggs_SetAttrWPermit
                0x000000000001023a       0x68 ../../LIB\libCH58xBLE.a(gapgattserver.o)
 .text.ggs_ReadAttrCB
                0x00000000000102a2      0x152 ../../LIB\libCH58xBLE.a(gapgattserver.o)
 .text.ggs_WriteAttrCB
                0x00000000000103f4      0x154 ../../LIB\libCH58xBLE.a(gapgattserver.o)
 .text.GGS_ParamInit
                0x0000000000010548      0x23a ../../LIB\libCH58xBLE.a(gapgattserver.o)
                0x0000000000010548                GGS_ParamInit
 .text.GGS_SetParameter
                0x0000000000010782       0xde ../../LIB\libCH58xBLE.a(gapgattserver.o)
                0x0000000000010782                GGS_SetParameter
 .text.GGS_AddService
                0x0000000000010860       0x2c ../../LIB\libCH58xBLE.a(gapgattserver.o)
                0x0000000000010860                GGS_AddService
 .text.GAP_DeviceInit
                0x000000000001088c       0xd8 ../../LIB\libCH58xBLE.a(gapgattserver.o)
                0x000000000001088c                GAP_DeviceInit
 .text.gattGetPayload
                0x0000000000010964       0x7e ../../LIB\libCH58xBLE.a(gatt.o)
                0x0000000000010964                gattGetPayload
 .text.gattNotifyEvent
                0x00000000000109e2       0x80 ../../LIB\libCH58xBLE.a(gatt.o)
                0x00000000000109e2                gattNotifyEvent
 .text.gattSendFlowCtrlEvt
                0x0000000000010a62       0x4a ../../LIB\libCH58xBLE.a(gatt.o)
                0x0000000000010a62                gattSendFlowCtrlEvt
 .text.gattStartTimer
                0x0000000000010aac       0x96 ../../LIB\libCH58xBLE.a(gatt.o)
                0x0000000000010aac                gattStartTimer
 .text.gattStopTimer
                0x0000000000010b42       0x32 ../../LIB\libCH58xBLE.a(gatt.o)
                0x0000000000010b42                gattStopTimer
 .text.GATT_AppCompletedMsg
                0x0000000000010b74       0x30 ../../LIB\libCH58xBLE.a(gatt.o)
                0x0000000000010b74                GATT_AppCompletedMsg
 .text.GATT_NotifyEvent
                0x0000000000010ba4       0x4e ../../LIB\libCH58xBLE.a(gatt.o)
                0x0000000000010ba4                GATT_NotifyEvent
 .text.gattRegisterServer
                0x0000000000010bf2        0x6 ../../LIB\libCH58xBLE.a(gatt.o)
                0x0000000000010bf2                gattRegisterServer
 .text.GATT_UpdateMTU
                0x0000000000010bf8       0x5c ../../LIB\libCH58xBLE.a(gatt.o)
                0x0000000000010bf8                GATT_UpdateMTU
 .text.GATT_bm_alloc
                0x0000000000010c54       0xe8 ../../LIB\libCH58xBLE.a(gatt.o)
                0x0000000000010c54                GATT_bm_alloc
 .text.GATT_ServiceChangedInd
                0x0000000000010d3c       0x94 ../../LIB\libCH58xBLE.a(gatt.o)
                0x0000000000010d3c                GATT_ServiceChangedInd
 .text.GATT_bm_free
                0x0000000000010dd0       0x1c ../../LIB\libCH58xBLE.a(gatt.o)
                0x0000000000010dd0                GATT_bm_free
 .text.GATT_RegisterForPeriMsgs
                0x0000000000010dec        0x6 ../../LIB\libCH58xBLE.a(gatt.o)
                0x0000000000010dec                GATT_RegisterForPeriMsgs
 .text.GATT_Init
                0x0000000000010df2       0x34 ../../LIB\libCH58xBLE.a(gatt.o)
                0x0000000000010df2                GATT_Init
 .text.GATT_ProcessEvent
                0x0000000000010e26      0x13a ../../LIB\libCH58xBLE.a(gatt.o)
                0x0000000000010e26                GATT_ProcessEvent
 .text.gattProcessExchangeMTUReq
                0x0000000000010f60        0x4 ../../LIB\libCH58xBLE.a(gattservapp.o)
 .text.gattServApp_FindCharCfgItem
                0x0000000000010f64       0x24 ../../LIB\libCH58xBLE.a(gattservapp.o)
 .text.gattServerHandleTimerCB
                0x0000000000010f88       0x3c ../../LIB\libCH58xBLE.a(gattservapp.o)
 .text.gattProcessExecuteWriteReq
                0x0000000000010fc4        0x4 ../../LIB\libCH58xBLE.a(gattservapp.o)
 .text.GATTServApp_ParamInit
                0x0000000000010fc8       0xd8 ../../LIB\libCH58xBLE.a(gattservapp.o)
                0x0000000000010fc8                GATTServApp_ParamInit
 .text.GATTServApp_ReadCharCfg
                0x00000000000110a0       0x18 ../../LIB\libCH58xBLE.a(gattservapp.o)
                0x00000000000110a0                GATTServApp_ReadCharCfg
 .text.GATTServApp_WriteCharCfg
                0x00000000000110b8       0x3c ../../LIB\libCH58xBLE.a(gattservapp.o)
                0x00000000000110b8                GATTServApp_WriteCharCfg
 .text.GATTServApp_ProcessCCCWriteReq
                0x00000000000110f4       0x60 ../../LIB\libCH58xBLE.a(gattservapp.o)
                0x00000000000110f4                GATTServApp_ProcessCCCWriteReq
 .text.gattServApp_WriteAttrCB
                0x0000000000011154       0x34 ../../LIB\libCH58xBLE.a(gattservapp.o)
                0x0000000000011154                gattServApp_WriteAttrCB
 .text.GATTServApp_SendCCCUpdatedEvent
                0x0000000000011188       0x5e ../../LIB\libCH58xBLE.a(gattservapp.o)
                0x0000000000011188                GATTServApp_SendCCCUpdatedEvent
 .text.GATTServApp_SendServiceChangedInd
                0x00000000000111e6       0x38 ../../LIB\libCH58xBLE.a(gattservapp.o)
                0x00000000000111e6                GATTServApp_SendServiceChangedInd
 .text.gattServApp_ClearPrepareWriteQ
                0x000000000001121e       0x4c ../../LIB\libCH58xBLE.a(gattservapp.o)
                0x000000000001121e                gattServApp_ClearPrepareWriteQ
 .text.gattServApp_FindPrepareWriteQ
                0x000000000001126a       0x32 ../../LIB\libCH58xBLE.a(gattservapp.o)
                0x000000000001126a                gattServApp_FindPrepareWriteQ
 .text.gattServApp_FindServiceCBs
                0x000000000001129c       0x18 ../../LIB\libCH58xBLE.a(gattservapp.o)
                0x000000000001129c                gattServApp_FindServiceCBs
 .text.gattServApp_FindAuthorizeAttrCB
                0x00000000000112b4       0x16 ../../LIB\libCH58xBLE.a(gattservapp.o)
                0x00000000000112b4                gattServApp_FindAuthorizeAttrCB
 .text.gattServApp_IsWriteLong
                0x00000000000112ca       0xe6 ../../LIB\libCH58xBLE.a(gattservapp.o)
                0x00000000000112ca                gattServApp_IsWriteLong
 .text.gattFindService
                0x00000000000113b0       0x1c ../../LIB\libCH58xBLE.a(gattservapp.o)
                0x00000000000113b0                gattFindService
 .text.GATT_ServiceNumAttrs
                0x00000000000113cc       0x18 ../../LIB\libCH58xBLE.a(gattservapp.o)
                0x00000000000113cc                GATT_ServiceNumAttrs
 .text.GATT_ServiceEncKeySize
                0x00000000000113e4       0x18 ../../LIB\libCH58xBLE.a(gattservapp.o)
                0x00000000000113e4                GATT_ServiceEncKeySize
 .text.GATT_VerifyWritePermissions.part.7
                0x00000000000113fc       0x2e ../../LIB\libCH58xBLE.a(gattservapp.o)
 .text.gattResetServerInfo
                0x000000000001142a       0x1c ../../LIB\libCH58xBLE.a(gattservapp.o)
                0x000000000001142a                gattResetServerInfo
 .text.gattFindServerInfo
                0x0000000000011446       0x44 ../../LIB\libCH58xBLE.a(gattservapp.o)
                0x0000000000011446                gattFindServerInfo
 .text.gattServerHandleConnStatusCB
                0x000000000001148a       0x98 ../../LIB\libCH58xBLE.a(gattservapp.o)
                0x000000000001148a                gattServerHandleConnStatusCB
 .text.gattServerProcessMsgCB
                0x0000000000011522      0x1c0 ../../LIB\libCH58xBLE.a(gattservapp.o)
                0x0000000000011522                gattServerProcessMsgCB
 .text.gattServerNotifyTxCB
                0x00000000000116e2       0x28 ../../LIB\libCH58xBLE.a(gattservapp.o)
 .text.GATT_FindHandle
                0x000000000001170a       0x4a ../../LIB\libCH58xBLE.a(gattservapp.o)
                0x000000000001170a                GATT_FindHandle
 .text.GATTServApp_WriteAttr
                0x0000000000011754       0xa8 ../../LIB\libCH58xBLE.a(gattservapp.o)
                0x0000000000011754                GATTServApp_WriteAttr
 .text.gattServApp_ProcessExecuteWriteReq
                0x00000000000117fc      0x100 ../../LIB\libCH58xBLE.a(gattservapp.o)
                0x00000000000117fc                gattServApp_ProcessExecuteWriteReq
 .text.GATTServApp_UpdateCharCfg
                0x00000000000118fc       0x1e ../../LIB\libCH58xBLE.a(gattservapp.o)
                0x00000000000118fc                GATTServApp_UpdateCharCfg
 .text.gattServApp_ProcessPrepareWriteReq
                0x000000000001191a      0x10e ../../LIB\libCH58xBLE.a(gattservapp.o)
                0x000000000001191a                gattServApp_ProcessPrepareWriteReq
 .text.gattServApp_ProcessWriteReq
                0x0000000000011a28       0xb0 ../../LIB\libCH58xBLE.a(gattservapp.o)
                0x0000000000011a28                gattServApp_ProcessWriteReq
 .text.GATT_Indication
                0x0000000000011ad8       0xa4 ../../LIB\libCH58xBLE.a(gattservapp.o)
                0x0000000000011ad8                GATT_Indication
 .text.GATT_FindHandleUUID
                0x0000000000011b7c       0x94 ../../LIB\libCH58xBLE.a(gattservapp.o)
                0x0000000000011b7c                GATT_FindHandleUUID
 .text.gattProcessReadByGrpTypeReq
                0x0000000000011c10       0x60 ../../LIB\libCH58xBLE.a(gattservapp.o)
 .text.gattProcessReadByTypeReq
                0x0000000000011c70       0x34 ../../LIB\libCH58xBLE.a(gattservapp.o)
 .text.gattProcessFindByTypeValueReq
                0x0000000000011ca4       0x34 ../../LIB\libCH58xBLE.a(gattservapp.o)
 .text.gattProcessFindInfoReq
                0x0000000000011cd8      0x1aa ../../LIB\libCH58xBLE.a(gattservapp.o)
 .text.GATT_Notification
                0x0000000000011e82       0x78 ../../LIB\libCH58xBLE.a(gattservapp.o)
                0x0000000000011e82                GATT_Notification
 .text.GATT_VerifyWritePermissions
                0x0000000000011efa       0x6a ../../LIB\libCH58xBLE.a(gattservapp.o)
                0x0000000000011efa                GATT_VerifyWritePermissions
 .text.gattProcessWriteReq
                0x0000000000011f64       0x36 ../../LIB\libCH58xBLE.a(gattservapp.o)
 .text.GATT_VerifyPrepareWritePermissions
                0x0000000000011f9a       0x56 ../../LIB\libCH58xBLE.a(gattservapp.o)
                0x0000000000011f9a                GATT_VerifyPrepareWritePermissions
 .text.gattProcessPrepareWriteReq
                0x0000000000011ff0       0x36 ../../LIB\libCH58xBLE.a(gattservapp.o)
 .text.GATT_FindNextAttr
                0x0000000000012026       0xc2 ../../LIB\libCH58xBLE.a(gattservapp.o)
                0x0000000000012026                GATT_FindNextAttr
 .text.GATTServApp_ReadAttr
                0x00000000000120e8      0x2e2 ../../LIB\libCH58xBLE.a(gattservapp.o)
                0x00000000000120e8                GATTServApp_ReadAttr
 .text.gattServApp_ProcessReadMultiReq
                0x00000000000123ca      0x16e ../../LIB\libCH58xBLE.a(gattservapp.o)
                0x00000000000123ca                gattServApp_ProcessReadMultiReq
 .text.gattServApp_ProcessFindByTypeValueReq
                0x0000000000012538      0x1a0 ../../LIB\libCH58xBLE.a(gattservapp.o)
                0x0000000000012538                gattServApp_ProcessFindByTypeValueReq
 .text.GATT_VerifyReadPermissions
                0x00000000000126d8       0x68 ../../LIB\libCH58xBLE.a(gattservapp.o)
                0x00000000000126d8                GATT_VerifyReadPermissions
 .text.gattProcessReadMultiReq
                0x0000000000012740       0xae ../../LIB\libCH58xBLE.a(gattservapp.o)
 .text.gattProcessReadReq
                0x00000000000127ee       0x30 ../../LIB\libCH58xBLE.a(gattservapp.o)
 .text.gattServApp_ProcessReadByGrpTypeReq
                0x000000000001281e      0x21c ../../LIB\libCH58xBLE.a(gattservapp.o)
                0x000000000001281e                gattServApp_ProcessReadByGrpTypeReq
 .text.gattServApp_ProcessReadByTypeReq
                0x0000000000012a3a      0x1ae ../../LIB\libCH58xBLE.a(gattservapp.o)
                0x0000000000012a3a                gattServApp_ProcessReadByTypeReq
 .text.GATT_RegisterService
                0x0000000000012be8       0xee ../../LIB\libCH58xBLE.a(gattservapp.o)
                0x0000000000012be8                GATT_RegisterService
 .text.GATTServApp_RegisterService
                0x0000000000012cd6       0x7c ../../LIB\libCH58xBLE.a(gattservapp.o)
                0x0000000000012cd6                GATTServApp_RegisterService
 .text.GATTServApp_AddService
                0x0000000000012d52       0x2c ../../LIB\libCH58xBLE.a(gattservapp.o)
                0x0000000000012d52                GATTServApp_AddService
 .text.GATTServApp_RegisterForMsg
                0x0000000000012d7e        0x6 ../../LIB\libCH58xBLE.a(gattservapp.o)
                0x0000000000012d7e                GATTServApp_RegisterForMsg
 .text.GATTServApp_InitCharCfg
                0x0000000000012d84       0x3e ../../LIB\libCH58xBLE.a(gattservapp.o)
                0x0000000000012d84                GATTServApp_InitCharCfg
 .text.gattServApp_HandleConnStatusCB
                0x0000000000012dc2       0x74 ../../LIB\libCH58xBLE.a(gattservapp.o)
                0x0000000000012dc2                gattServApp_HandleConnStatusCB
 .text.GATT_InitServer
                0x0000000000012e36       0x56 ../../LIB\libCH58xBLE.a(gattservapp.o)
                0x0000000000012e36                GATT_InitServer
 .text.GATTServApp_Init
                0x0000000000012e8c       0xb2 ../../LIB\libCH58xBLE.a(gattservapp.o)
                0x0000000000012e8c                GATTServApp_Init
 .text.GATTServApp_ProcessEvent
                0x0000000000012f3e      0x3a4 ../../LIB\libCH58xBLE.a(gattservapp.o)
                0x0000000000012f3e                GATTServApp_ProcessEvent
 .text.l2capAllocConnChannel
                0x00000000000132e2       0xdc ../../LIB\libCH58xBLE.a(l2cap.o)
                0x00000000000132e2                l2capAllocConnChannel
 .text.l2capFindLocalCID
                0x00000000000133be       0x2c ../../LIB\libCH58xBLE.a(l2cap.o)
                0x00000000000133be                l2capFindLocalCID
 .text.l2capFindLocalId
                0x00000000000133ea       0x30 ../../LIB\libCH58xBLE.a(l2cap.o)
                0x00000000000133ea                l2capFindLocalId
 .text.l2capFindPsm
                0x000000000001341a       0x30 ../../LIB\libCH58xBLE.a(l2cap.o)
                0x000000000001341a                l2capFindPsm
 .text.l2capFindRemoteCID
                0x000000000001344a       0x3c ../../LIB\libCH58xBLE.a(l2cap.o)
                0x000000000001344a                l2capFindRemoteCID
 .text.l2capFreeChannel
                0x0000000000013486       0x4a ../../LIB\libCH58xBLE.a(l2cap.o)
                0x0000000000013486                l2capFreeChannel
 .text.l2capDisconnectChannel
                0x00000000000134d0       0x28 ../../LIB\libCH58xBLE.a(l2cap.o)
                0x00000000000134d0                l2capDisconnectChannel
 .text.l2capHandleTimerCB
                0x00000000000134f8       0x2c ../../LIB\libCH58xBLE.a(l2cap.o)
                0x00000000000134f8                l2capHandleTimerCB
 .text.l2capFreePendingPkt
                0x0000000000013524       0x58 ../../LIB\libCH58xBLE.a(l2cap.o)
                0x0000000000013524                l2capFreePendingPkt
 .text.l2capGetCoChannelInfo
                0x000000000001357c       0x82 ../../LIB\libCH58xBLE.a(l2cap.o)
                0x000000000001357c                l2capGetCoChannelInfo
 .text.l2capNumActiveChannnels
                0x00000000000135fe       0x48 ../../LIB\libCH58xBLE.a(l2cap.o)
                0x00000000000135fe                l2capNumActiveChannnels
 .text.l2capStartTimer
                0x0000000000013646       0x9a ../../LIB\libCH58xBLE.a(l2cap.o)
                0x0000000000013646                l2capStartTimer
 .text.l2capStopTimer